Component: ARM Compiler 5.06 update 4 (build 422) Tool: armlink [4d35d2]

==============================================================================

Section Cross References

    startup_stm32f407xx.o(RESET) refers to startup_stm32f407xx.o(STACK) for __initial_sp
    startup_stm32f407xx.o(RESET) refers to startup_stm32f407xx.o(.text) for Reset_Handler
    startup_stm32f407xx.o(RESET) refers to stm32f4xx_it.o(i.NMI_Handler) for NMI_Handler
    startup_stm32f407xx.o(RESET) refers to stm32f4xx_it.o(i.HardFault_Handler) for HardFault_Handler
    startup_stm32f407xx.o(RESET) refers to stm32f4xx_it.o(i.MemManage_Handler) for MemManage_Handler
    startup_stm32f407xx.o(RESET) refers to stm32f4xx_it.o(i.BusFault_Handler) for BusFault_Handler
    startup_stm32f407xx.o(RESET) refers to stm32f4xx_it.o(i.UsageFault_Handler) for UsageFault_Handler
    startup_stm32f407xx.o(RESET) refers to stm32f4xx_it.o(i.SVC_Handler) for SVC_Handler
    startup_stm32f407xx.o(RESET) refers to stm32f4xx_it.o(i.DebugMon_Handler) for DebugMon_Handler
    startup_stm32f407xx.o(RESET) refers to stm32f4xx_it.o(i.PendSV_Handler) for PendSV_Handler
    startup_stm32f407xx.o(RESET) refers to stm32f4xx_it.o(i.SysTick_Handler) for SysTick_Handler
    startup_stm32f407xx.o(RESET) refers to supergpio.o(i.EXTI0_IRQHandler) for EXTI0_IRQHandler
    startup_stm32f407xx.o(RESET) refers to superusart.o(i.DMA1_Stream0_IRQHandler) for DMA1_Stream0_IRQHandler
    startup_stm32f407xx.o(RESET) refers to superusart.o(i.DMA1_Stream1_IRQHandler) for DMA1_Stream1_IRQHandler
    startup_stm32f407xx.o(RESET) refers to superusart.o(i.DMA1_Stream3_IRQHandler) for DMA1_Stream3_IRQHandler
    startup_stm32f407xx.o(RESET) refers to supertimer.o(i.TIM2_IRQHandler) for TIM2_IRQHandler
    startup_stm32f407xx.o(RESET) refers to supertimer.o(i.TIM3_IRQHandler) for TIM3_IRQHandler
    startup_stm32f407xx.o(RESET) refers to superusart.o(i.USART1_IRQHandler) for USART1_IRQHandler
    startup_stm32f407xx.o(RESET) refers to superusart.o(i.USART3_IRQHandler) for USART3_IRQHandler
    startup_stm32f407xx.o(RESET) refers to bsp_stepmotor.o(i.TIM8_CC_IRQHandler) for TIM8_CC_IRQHandler
    startup_stm32f407xx.o(RESET) refers to superusart.o(i.DMA1_Stream7_IRQHandler) for DMA1_Stream7_IRQHandler
    startup_stm32f407xx.o(RESET) refers to superusart.o(i.UART5_IRQHandler) for UART5_IRQHandler
    startup_stm32f407xx.o(RESET) refers to supertimer.o(i.TIM7_IRQHandler) for TIM7_IRQHandler
    startup_stm32f407xx.o(RESET) refers to superusart.o(i.DMA2_Stream2_IRQHandler) for DMA2_Stream2_IRQHandler
    startup_stm32f407xx.o(RESET) refers to app_ethernet.o(i.ETH_IRQHandler) for ETH_IRQHandler
    startup_stm32f407xx.o(RESET) refers to superusart.o(i.DMA2_Stream7_IRQHandler) for DMA2_Stream7_IRQHandler
    startup_stm32f407xx.o(.text) refers to system_stm32f4xx.o(i.SystemInit) for SystemInit
    startup_stm32f407xx.o(.text) refers to entry.o(.ARM.Collect$$$$00000000) for __main
    main.o(i.SystemClock_Config) refers to stm32f4xx_hal_rcc.o(i.HAL_RCC_OscConfig) for HAL_RCC_OscConfig
    main.o(i.SystemClock_Config) refers to stm32f4xx_hal_rcc.o(i.HAL_RCC_ClockConfig) for HAL_RCC_ClockConfig
    main.o(i.main) refers to stm32f4xx_hal.o(i.HAL_Init) for HAL_Init
    main.o(i.main) refers to main.o(i.SystemClock_Config) for SystemClock_Config
    main.o(i.main) refers to manager.o(i.Manager_Init) for Manager_Init
    main.o(i.main) refers to manager.o(i.Manager_Activate) for Manager_Activate
    main.o(i.main) refers to manager.o(i.Manager_Mainloop) for Manager_Mainloop
    stm32f4xx_it.o(i.SysTick_Handler) refers to stm32f4xx_hal.o(i.HAL_IncTick) for HAL_IncTick
    stm32f4xx_hal_msp.o(i.HAL_MspInit) refers to stm32f4xx_hal_cortex.o(i.HAL_NVIC_SetPriorityGrouping) for HAL_NVIC_SetPriorityGrouping
    stm32f4xx_hal_eth.o(i.ETH_MACDMAConfig) refers to stm32f4xx_hal.o(i.HAL_Delay) for HAL_Delay
    stm32f4xx_hal_eth.o(i.HAL_ETH_ConfigDMA) refers to stm32f4xx_hal.o(i.HAL_Delay) for HAL_Delay
    stm32f4xx_hal_eth.o(i.HAL_ETH_ConfigMAC) refers to stm32f4xx_hal.o(i.HAL_Delay) for HAL_Delay
    stm32f4xx_hal_eth.o(i.HAL_ETH_DeInit) refers to stm32f4xx_hal_eth.o(i.HAL_ETH_MspDeInit) for HAL_ETH_MspDeInit
    stm32f4xx_hal_eth.o(i.HAL_ETH_IRQHandler) refers to stm32f4xx_hal_eth.o(i.HAL_ETH_RxCpltCallback) for HAL_ETH_RxCpltCallback
    stm32f4xx_hal_eth.o(i.HAL_ETH_IRQHandler) refers to stm32f4xx_hal_eth.o(i.HAL_ETH_TxCpltCallback) for HAL_ETH_TxCpltCallback
    stm32f4xx_hal_eth.o(i.HAL_ETH_IRQHandler) refers to stm32f4xx_hal_eth.o(i.HAL_ETH_ErrorCallback) for HAL_ETH_ErrorCallback
    stm32f4xx_hal_eth.o(i.HAL_ETH_Init) refers to ethernetif_1.o(i.HAL_ETH_MspInit) for HAL_ETH_MspInit
    stm32f4xx_hal_eth.o(i.HAL_ETH_Init) refers to stm32f4xx_hal.o(i.HAL_GetTick) for HAL_GetTick
    stm32f4xx_hal_eth.o(i.HAL_ETH_Init) refers to stm32f4xx_hal_rcc.o(i.HAL_RCC_GetHCLKFreq) for HAL_RCC_GetHCLKFreq
[...]
    TIM8_CC_IRQHandler                       0x08004fcd   Thumb Code   340  bsp_stepmotor.o(i.TIM8_CC_IRQHandler)
    TIM_Base_SetConfig                       0x08005135   Thumb Code   184  stm32f4xx_hal_tim.o(i.TIM_Base_SetConfig)
    TIM_CCxChannelCmd                        0x08005201   Thumb Code    30  stm32f4xx_hal_tim.o(i.TIM_CCxChannelCmd)
    Timer_100us_CallBack                     0x0800521f   Thumb Code     2  manager_timer.o(i.Timer_100us_CallBack)
    Timer_1s_CallBack                        0x08005221   Thumb Code    40  manager_timer.o(i.Timer_1s_CallBack)
    UART5_IRQHandler                         0x08005251   Thumb Code     6  superusart.o(i.UART5_IRQHandler)
    UART_DMA_Rx_Cfg                          0x08005419   Thumb Code   146  superusart.o(i.UART_DMA_Rx_Cfg)
    UART_Start_Receive_DMA                   0x08005681   Thumb Code   132  stm32f4xx_hal_uart.o(i.UART_Start_Receive_DMA)
    USART1_IRQHandler                        0x08005711   Thumb Code     6  superusart.o(i.USART1_IRQHandler)
    USART1_UART_Init                         0x0800571d   Thumb Code   368  superusart.o(i.USART1_UART_Init)
    USART3_IRQHandler                        0x080058b5   Thumb Code     6  superusart.o(i.USART3_IRQHandler)
    USART3_UART_Init                         0x080058c1   Thumb Code   372  superusart.o(i.USART3_UART_Init)
    USART5_UART_Init                         0x08005a61   Thumb Code   358  superusart.o(i.USART5_UART_Init)
    UsageFault_Handler                       0x08005bf5   Thumb Code     2  stm32f4xx_it.o(i.UsageFault_Handler)
    Write_WordManage                         0x08005bf7   Thumb Code    22  manager_sharing.o(i.Write_WordManage)
    YSF4_TCP_SENDData                        0x08005c0d   Thumb Code   386  tcp_server.o(i.YSF4_TCP_SENDData)
    __0printf                                0x08005e91   Thumb Code    22  printfa.o(i.__0printf)
    __1printf                                0x08005e91   Thumb Code     0  printfa.o(i.__0printf)
    __2printf                                0x08005e91   Thumb Code     0  printfa.o(i.__0printf)
    __c89printf                              0x08005e91   Thumb Code     0  printfa.o(i.__0printf)
    printf                                   0x08005e91   Thumb Code     0  printfa.o(i.__0printf)
    __0sprintf                               0x08005eb1   Thumb Code    34  printfa.o(i.__0sprintf)
    __1sprintf                               0x08005eb1   Thumb Code     0  printfa.o(i.__0sprintf)
    __2sprintf                               0x08005eb1   Thumb Code     0  printfa.o(i.__0sprintf)
    __c89sprintf                             0x08005eb1   Thumb Code     0  printfa.o(i.__0sprintf)
    sprintf                                  0x08005eb1   Thumb Code     0  printfa.o(i.__0sprintf)
    __0vprintf                               0x08005ed9   Thumb Code     8  printfa.o(i.__0vprintf)
    __1vprintf                               0x08005ed9   Thumb Code     0  printfa.o(i.__0vprintf)
    __2vprintf                               0x08005ed9   Thumb Code     0  printfa.o(i.__0vprintf)
    __c89vprintf                             0x08005ed9   Thumb Code     0  printfa.o(i.__0vprintf)
    vprintf                                  0x08005ed9   Thumb Code     0  printfa.o(i.__0vprintf)
    __hardfp_sqrt                            0x08005ee9   Thumb Code   122  sqrt.o(i.__hardfp_sqrt)
    __scatterload_copy                       0x08005f63   Thumb Code    14  handlers.o(i.__scatterload_copy)
    __scatterload_null                       0x08005f71   Thumb Code     2  handlers.o(i.__scatterload_null)
    __scatterload_zeroinit                   0x08005f73   Thumb Code    14  handlers.o(i.__scatterload_zeroinit)
    __set_errno                              0x08005f81   Thumb Code     6  errno.o(i.__set_errno)
    dhcp_arp_reply                           0x08006849   Thumb Code   248  dhcp.o(i.dhcp_arp_reply)
    dhcp_coarse_tmr                          0x08006b8d   Thumb Code   566  dhcp.o(i.dhcp_coarse_tmr)
    dhcp_fine_tmr                            0x08007179   Thumb Code   186  dhcp.o(i.dhcp_fine_tmr)
    dhcp_network_changed                     0x08007239   Thumb Code    82  dhcp.o(i.dhcp_network_changed)
    dhcp_release_and_stop                    0x08007be1   Thumb Code   300  dhcp.o(i.dhcp_release_and_stop)
    dhcp_renew                               0x08007d41   Thumb Code   370  dhcp.o(i.dhcp_renew)
    dhcp_start                               0x0800822d   Thumb Code   316  dhcp.o(i.dhcp_start)
    dhcp_stop                                0x08008439   Thumb Code     4  dhcp.o(i.dhcp_stop)
    dhcp_supplied_address                    0x0800843d   Thumb Code    30  dhcp.o(i.dhcp_supplied_address)
    eMBEnable                                0x0800845d   Thumb Code    30  mb.o(i.eMBEnable)
    eMBFuncReadCoils                         0x08008481   Thumb Code   118  mbfunccoils.o(i.eMBFuncReadCoils)
    eMBFuncReadDiscreteInputs                0x080084f7   Thumb Code   116  mbfuncdisc.o(i.eMBFuncReadDiscreteInputs)
    eMBFuncReadHoldingRegister               0x0800856b   Thumb Code    94  mbfuncholding.o(i.eMBFuncReadHoldingRegister)
    eMBFuncReadInputRegister                 0x080085c9   Thumb Code    98  mbfuncinput.o(i.eMBFuncReadInputRegister)
    eMBFuncReadWriteMultipleHoldingRegister  0x0800862b   Thumb Code   158  mbfuncholding.o(i.eMBFuncReadWriteMultipleHoldingRegister)
    eMBFuncReportSlaveID                     0x080086c9   Thumb Code    26  mbfuncother.o(i.eMBFuncReportSlaveID)
    eMBFuncWriteCoil                         0x080086ed   Thumb Code    88  mbfunccoils.o(i.eMBFuncWriteCoil)
    eMBFuncWriteHoldingRegister              0x08008745   Thumb Code    52  mbfuncholding.o(i.eMBFuncWriteHoldingRegister)
    eMBFuncWriteMultipleCoils                0x08008779   Thumb Code   100  mbfunccoils.o(i.eMBFuncWriteMultipleCoils)
    eMBFuncWriteMultipleHoldingRegister      0x080087dd   Thumb Code    88  mbfuncholding.o(i.eMBFuncWriteMultipleHoldingRegister)
    eMBPoll                                  0x08008835   Thumb Code   178  mb.o(i.eMBPoll)
    eMBRegCoilsCB                            0x080088f5   Thumb Code   220  modbuscb.o(i.eMBRegCoilsCB)
    eMBRegDiscreteCB                         0x080089d9   Thumb Code   138  modbuscb.o(i.eMBRegDiscreteCB)
    eMBRegHoldingCB                          0x08008a6d   Thumb Code   200  modbuscb.o(i.eMBRegHoldingCB)
    eMBRegInputCB                            0x08008b3d   Thumb Code   110  modbuscb.o(i.eMBRegInputCB)
    eMBTCPDoInit                             0x08008bb5   Thumb Code    18  mbtcp.o(i.eMBTCPDoInit)
    eMBTCPInit                               0x08008bc9   Thumb Code    66  mb.o(i.eMBTCPInit)
    eMBTCPReceive                            0x08008c21   Thumb Code    58  mbtcp.o(i.eMBTCPReceive)
    eMBTCPSend                               0x08008c5b   Thumb Code    32  mbtcp.o(i.eMBTCPSend)
    eMBTCPStart                              0x08008c7b   Thumb Code     6  mbtcp.o(i.eMBTCPStart)
    eMBTCPStop                               0x08008c81   Thumb Code     4  mbtcp.o(i.eMBTCPStop)
    etharp_cleanup_netif                     0x08008c85   Thumb Code    58  etharp.o(i.etharp_cleanup_netif)
    etharp_input                             0x08008f59   Thumb Code   308  etharp.o(i.etharp_input)
    etharp_output                            0x08009185   Thumb Code   454  etharp.o(i.etharp_output)
    etharp_query                             0x080094c9   Thumb Code   358  etharp.o(i.etharp_query)
    etharp_request                           0x08009811   Thumb Code    36  etharp.o(i.etharp_request)
    etharp_tmr                               0x0800983d   Thumb Code   140  etharp.o(i.etharp_tmr)
    ethernet_input                           0x080098d5   Thumb Code   174  ethernet.o(i.ethernet_input)
    ethernet_link_check_state                0x08009989   Thumb Code   140  ethernetif_1.o(i.ethernet_link_check_state)
    ethernet_link_status_updated             0x08009a55   Thumb Code    60  app_ethernet.o(i.ethernet_link_status_updated)
    ethernet_output                          0x08009ad1   Thumb Code   100  ethernet.o(i.ethernet_output)
    ethernetif_init                          0x08009bc9   Thumb Code   266  ethernetif_1.o(i.ethernetif_init)
    ethernetif_input                         0x08009d6d   Thumb Code   266  ethernetif_1.o(i.ethernetif_input)
    fputc                                    0x08009e7d   Thumb Code    20  superusart.o(i.fputc)
    free                                     0x08009e95   Thumb Code    76  malloc.o(i.free)
    icmp_dest_unreach                        0x08009ee5   Thumb Code   134  icmp.o(i.icmp_dest_unreach)
    icmp_input                               0x08009ff9   Thumb Code   304  icmp.o(i.icmp_input)
    icmp_time_exceeded                       0x0800a1f9   Thumb Code   138  icmp.o(i.icmp_time_exceeded)
    ip4_addr_isbroadcast_u32                 0x0800a289   Thumb Code    60  ip4_addr.o(i.ip4_addr_isbroadcast_u32)
    ip4_frag                                 0x0800a2c5   Thumb Code   488  ip4_frag.o(i.ip4_frag)
    ip4_input                                0x0800a561   Thumb Code   442  ip4.o(i.ip4_input)
    ip4_output_if                            0x0800a725   Thumb Code    40  ip4.o(i.ip4_output_if)
    ip4_output_if_src                        0x0800a74d   Thumb Code   222  ip4.o(i.ip4_output_if_src)
    ip4_reass                                0x0800a8cd   Thumb Code  1552  ip4_frag.o(i.ip4_reass)
    ip4_route                                0x0800aedd   Thumb Code   122  ip4.o(i.ip4_route)
    ip4addr_ntoa                             0x0800af61   Thumb Code   154  ip4_addr.o(i.ip4addr_ntoa)
    ip_reass_tmr                             0x0800b235   Thumb Code    44  ip4_frag.o(i.ip_reass_tmr)
    lwip_IT_handle                           0x0800b3e1   Thumb Code     6  ethernetif_1.o(i.lwip_IT_handle)
    lwip_htonl                               0x0800b42d   Thumb Code     4  def.o(i.lwip_htonl)
    lwip_htons                               0x0800b431   Thumb Code     4  def.o(i.lwip_htons)
    lwip_init                                0x0800b435   Thumb Code    30  init.o(i.lwip_init)
    main                                     0x0800b453   Thumb Code    22  main.o(i.main)
    malloc                                   0x0800b469   Thumb Code    92  malloc.o(i.malloc)
    mem_free                                 0x0800b4d5   Thumb Code   336  mem.o(i.mem_free)
    mem_init                                 0x0800b7d9   Thumb Code    48  mem.o(i.mem_init)
    mem_malloc                               0x0800b811   Thumb Code   312  mem.o(i.mem_malloc)
    mem_trim                                 0x0800ba59   Thumb Code   304  mem.o(i.mem_trim)
    memp_free                                0x0800bc31   Thumb Code    72  memp.o(i.memp_free)
    memp_free_pool                           0x0800bcf9   Thumb Code    66  memp.o(i.memp_free_pool)
    memp_init                                0x0800bdcd   Thumb Code    68  memp.o(i.memp_init)
    memp_malloc                              0x0800be15   Thumb Code    70  memp.o(i.memp_malloc)
    memp_malloc_pool                         0x0800bedd   Thumb Code    64  memp.o(i.memp_malloc_pool)
    netif_add                                0x0800bfad   Thumb Code   370  netif.o(i.netif_add)
    netif_get_by_index                       0x0800c2dd   Thumb Code    36  netif.o(i.netif_get_by_index)
    netif_init                               0x0800c305   Thumb Code     2  netif.o(i.netif_init)
    netif_set_addr                           0x0800c30d   Thumb Code   114  netif.o(i.netif_set_addr)
    netif_set_default                        0x0800c385   Thumb Code     6  netif.o(i.netif_set_default)
    netif_set_down                           0x0800c391   Thumb Code    48  netif.o(i.netif_set_down)
    netif_set_link_callback                  0x0800c43d   Thumb Code     8  netif.o(i.netif_set_link_callback)
    netif_set_link_down                      0x0800c445   Thumb Code    46  netif.o(i.netif_set_link_down)
    netif_set_link_up                        0x0800c4f5   Thumb Code   104  netif.o(i.netif_set_link_up)
    netif_set_up                             0x0800c5dd   Thumb Code    68  netif.o(i.netif_set_up)
    pbuf_add_header                          0x0800c699   Thumb Code     6  pbuf.o(i.pbuf_add_header)
    pbuf_alloc                               0x0800c715   Thumb Code   344  pbuf.o(i.pbuf_alloc)
    pbuf_alloc_reference                     0x0800c91d   Thumb Code    64  pbuf.o(i.pbuf_alloc_reference)
    pbuf_alloced_custom                      0x0800c9c9   Thumb Code    66  pbuf.o(i.pbuf_alloced_custom)
    pbuf_cat                                 0x0800ca0d   Thumb Code   110  pbuf.o(i.pbuf_cat)
    pbuf_chain                               0x0800caf9   Thumb Code    48  pbuf.o(i.pbuf_chain)
    pbuf_clen                                0x0800cb31   Thumb Code    18  pbuf.o(i.pbuf_clen)
    pbuf_clone                               0x0800cb45   Thumb Code    46  pbuf.o(i.pbuf_clone)
    pbuf_copy                                0x0800cb8d   Thumb Code   260  pbuf.o(i.pbuf_copy)
    pbuf_copy_partial                        0x0800cd89   Thumb Code   144  pbuf.o(i.pbuf_copy_partial)
    pbuf_free                                0x0800ce61   Thumb Code   166  pbuf.o(i.pbuf_free)
    pbuf_free_ooseq                          0x0800cfbd   Thumb Code    32  pbuf.o(i.pbuf_free_ooseq)
    pbuf_header_force                        0x0800cfe5   Thumb Code    16  pbuf.o(i.pbuf_header_force)
    pbuf_realloc                             0x0800cff5   Thumb Code   150  pbuf.o(i.pbuf_realloc)
    pbuf_ref                                 0x0800d131   Thumb Code    36  pbuf.o(i.pbuf_ref)
    pbuf_remove_header                       0x0800d16d   Thumb Code    90  pbuf.o(i.pbuf_remove_header)
    pbuf_take                                0x0800d1f9   Thumb Code   182  pbuf.o(i.pbuf_take)
    prveMBError2Exception                    0x0800d339   Thumb Code    24  mbutils.o(i.prveMBError2Exception)
    prvvMBPortReleaseClient                  0x0800d351   Thumb Code    74  porttcp.o(i.prvvMBPortReleaseClient)
    sg_Gpio_CLK_ENABLE                       0x0800d58d   Thumb Code   220  supergpio.o(i.sg_Gpio_CLK_ENABLE)
    sys_check_timeouts                       0x0800d66d   Thumb Code    74  timeouts.o(i.sys_check_timeouts)
    sys_now                                  0x0800d6c1   Thumb Code     4  ethernetif_1.o(i.sys_now)
    sys_timeout                              0x0800d6c5   Thumb Code    46  timeouts.o(i.sys_timeout)
    sys_timeouts_init                        0x0800d831   Thumb Code    66  timeouts.o(i.sys_timeouts_init)
    tcp_abandon                              0x0800d881   Thumb Code   400  tcp.o(i.tcp_abandon)
    tcp_abort                                0x0800dac5   Thumb Code     6  tcp.o(i.tcp_abort)
    tcp_accept                               0x0800dacb   Thumb Code    16  tcp.o(i.tcp_accept)
    tcp_alloc                                0x0800db79   Thumb Code   500  tcp.o(i.tcp_alloc)
    tcp_arg                                  0x0800dd81   Thumb Code     8  tcp.o(i.tcp_arg)
    tcp_bind                                 0x0800dd89   Thumb Code   260  tcp.o(i.tcp_bind)
    tcp_close                                0x0800df31   Thumb Code    50  tcp.o(i.tcp_close)
    tcp_eff_send_mss_netif                   0x0800e6d1   Thumb Code    58  tcp.o(i.tcp_eff_send_mss_netif)
    tcp_enqueue_flags                        0x0800e739   Thumb Code   292  tcp_out.o(i.tcp_enqueue_flags)
    tcp_err                                  0x0800e985   Thumb Code    38  tcp.o(i.tcp_err)
    tcp_fasttmr                              0x0800ea2d   Thumb Code   326  tcp.o(i.tcp_fasttmr)
    tcp_free                                 0x0800eb85   Thumb Code    34  tcp.o(i.tcp_free)
    tcp_free_ooseq                           0x0800ed01   Thumb Code    44  tcp.o(i.tcp_free_ooseq)
    tcp_init                                 0x0800ed2d   Thumb Code    20  tcp.o(i.tcp_init)
    tcp_input                                0x0800ed45   Thumb Code  2252  tcp_in.o(i.tcp_input)
    tcp_keepalive                            0x0800f635   Thumb Code    64  tcp_out.o(i.tcp_keepalive)
    tcp_listen_with_backlog                  0x0800f6ed   Thumb Code     6  tcp.o(i.tcp_listen_with_backlog)
    tcp_listen_with_backlog_and_err          0x0800f6f5   Thumb Code   210  tcp.o(i.tcp_listen_with_backlog_and_err)
    tcp_netif_ip_addr_changed                0x0800f841   Thumb Code   154  tcp.o(i.tcp_netif_ip_addr_changed)
    tcp_new                                  0x0800f91d   Thumb Code     6  tcp.o(i.tcp_new)
    tcp_next_iss                             0x0800f925   Thumb Code    34  tcp.o(i.tcp_next_iss)
    tcp_output                               0x0800f96d   Thumb Code  1244  tcp_out.o(i.tcp_output)
    tcp_pcb_purge                            0x08010225   Thumb Code   164  tcp.o(i.tcp_pcb_purge)
    tcp_pcb_remove                           0x0801033d   Thumb Code   176  tcp.o(i.tcp_pcb_remove)
    tcp_poll                                 0x080104cd   Thumb Code    58  tcp.o(i.tcp_poll)
    tcp_process_refused_data                 0x08010ad1   Thumb Code   168  tcp.o(i.tcp_process_refused_data)
    tcp_recv                                 0x08011685   Thumb Code    38  tcp.o(i.tcp_recv)
    tcp_recv_null                            0x0801172d   Thumb Code    78  tcp.o(i.tcp_recv_null)
    tcp_recved                               0x0801179d   Thumb Code   176  tcp.o(i.tcp_recved)
    tcp_rexmit                               0x08011895   Thumb Code   124  tcp_out.o(i.tcp_rexmit)
    tcp_rexmit_fast                          0x0801192d   Thumb Code   116  tcp_out.o(i.tcp_rexmit_fast)
    tcp_rexmit_rto                           0x08011a1d   Thumb Code    76  tcp_out.o(i.tcp_rexmit_rto)
    tcp_rexmit_rto_commit                    0x08011ae9   Thumb Code    46  tcp_out.o(i.tcp_rexmit_rto_commit)
    tcp_rexmit_rto_prepare                   0x08011b41   Thumb Code   170  tcp_out.o(i.tcp_rexmit_rto_prepare)
    tcp_rst                                  0x08011c19   Thumb Code   186  tcp_out.o(i.tcp_rst)
    tcp_seg_copy                             0x08011d9d   Thumb Code    56  tcp.o(i.tcp_seg_copy)
    tcp_seg_free                             0x08011e49   Thumb Code    32  tcp.o(i.tcp_seg_free)
    tcp_segs_free                            0x08011e69   Thumb Code    38  tcp.o(i.tcp_segs_free)
    tcp_send_empty_ack                       0x08011e91   Thumb Code    88  tcp_out.o(i.tcp_send_empty_ack)
    tcp_send_fin                             0x08011f0d   Thumb Code    88  tcp_out.o(i.tcp_send_fin)
    tcp_sent                                 0x08011fdd   Thumb Code    38  tcp.o(i.tcp_sent)
    tcp_setprio                              0x08012085   Thumb Code    22  tcp.o(i.tcp_setprio)
    tcp_slowtmr                              0x08012111   Thumb Code  1528  tcp.o(i.tcp_slowtmr)
    tcp_split_unsent_seg                     0x0801278d   Thumb Code   376  tcp_out.o(i.tcp_split_unsent_seg)
    tcp_timer_needed                         0x080129c9   Thumb Code    52  timeouts.o(i.tcp_timer_needed)
    tcp_tmr                                  0x08012a0d   Thumb Code    30  tcp.o(i.tcp_tmr)
    tcp_trigger_input_pcb_close              0x08012a31   Thumb Code    12  tcp_in.o(i.tcp_trigger_input_pcb_close)
    tcp_update_rcv_ann_wnd                   0x08012a41   Thumb Code   102  tcp.o(i.tcp_update_rcv_ann_wnd)
    tcp_write                                0x08012aed   Thumb Code  2016  tcp_out.o(i.tcp_write)
    tcp_zero_window_probe                    0x08013371   Thumb Code   186  tcp_out.o(i.tcp_zero_window_probe)
    udp_bind                                 0x080134ed   Thumb Code   216  udp.o(i.udp_bind)
    udp_connect                              0x0801363d   Thumb Code   118  udp.o(i.udp_connect)
    udp_init                                 0x08013749   Thumb Code    20  udp.o(i.udp_init)
    udp_input                                0x08013761   Thumb Code   420  udp.o(i.udp_input)
    udp_netif_ip_addr_changed                0x08013a5d   Thumb Code    52  udp.o(i.udp_netif_ip_addr_changed)
    udp_new                                  0x08013a95   Thumb Code    38  udp.o(i.udp_new)
    udp_recv                                 0x08013abd   Thumb Code    24  udp.o(i.udp_recv)
    udp_remove                               0x08013b45   Thumb Code    60  udp.o(i.udp_remove)
    udp_sendto_if                            0x08013bf5   Thumb Code   168  udp.o(i.udp_sendto_if)
    udp_sendto_if_src                        0x08013d19   Thumb Code   352  udp.o(i.udp_sendto_if_src)
    vMBPortLog                               0x08013fad   Thumb Code    32  portother.o(i.vMBPortLog)
    vMBTCPPortDisable                        0x08013fdd   Thumb Code     8  porttcp.o(i.vMBTCPPortDisable)
    xMBPortEventGet                          0x08013fe9   Thumb Code    26  portevent.o(i.xMBPortEventGet)
    xMBPortEventInit                         0x08014009   Thumb Code    10  portevent.o(i.xMBPortEventInit)
    xMBPortEventPost                         0x08014019   Thumb Code    12  portevent.o(i.xMBPortEventPost)
    xMBTCPPortGetRequest                     0x08014029   Thumb Code    18  porttcp.o(i.xMBTCPPortGetRequest)
    xMBTCPPortInit                           0x08014045   Thumb Code    74  porttcp.o(i.xMBTCPPortInit)
    xMBTCPPortSendResponse                   0x080140c5   Thumb Code    44  porttcp.o(i.xMBTCPPortSendResponse)
    AHBPrescTable                            0x080140fc   Data          16  system_stm32f4xx.o(.constdata)
    APBPrescTable                            0x0801410c   Data           8  system_stm32f4xx.o(.constdata)
    ethbroadcast                             0x08014114   Data           6  ethernet.o(.constdata)
    ethzero                                  0x0801411a   Data           6  ethernet.o(.constdata)
    memp_UDP_PCB                             0x08014120   Data          12  memp.o(.constdata)
    memp_TCP_PCB                             0x0801412c   Data          12  memp.o(.constdata)
    memp_TCP_PCB_LISTEN                      0x08014138   Data          12  memp.o(.constdata)
    memp_TCP_SEG                             0x08014144   Data          12  memp.o(.constdata)
    memp_REASSDATA                           0x08014150   Data          12  memp.o(.constdata)
    memp_FRAG_PBUF                           0x0801415c   Data          12  memp.o(.constdata)
    memp_SYS_TIMEOUT                         0x08014168   Data          12  memp.o(.constdata)
    memp_PBUF                                0x08014174   Data          12  memp.o(.constdata)
    memp_PBUF_POOL                           0x08014180   Data          12  memp.o(.constdata)
    memp_pools                               0x0801418c   Data          36  memp.o(.constdata)
    tcp_pcb_lists                            0x080141f4   Data          16  tcp.o(.constdata)
    lwip_cyclic_timers                       0x08014204   Data          40  timeouts.o(.constdata)
    ip_addr_any                              0x0801422c   Data           4  ip4_addr.o(.constdata)
    ip_addr_broadcast                        0x08014230   Data           4  ip4_addr.o(.constdata)
    Region$$Table$$Base                      0x080143ac   Number         0  anon$$obj.o(Region$$Table)
    Region$$Table$$Limit                     0x080143cc   Number         0  anon$$obj.o(Region$$Table)
    uwTickFreq                               0x20000000   Data           1  stm32f4xx_hal.o(.data)
    uwTickPrio                               0x20000004   Data           4  stm32f4xx_hal.o(.data)
    uwTick                                   0x20000008   Data           4  stm32f4xx_hal.o(.data)
    SystemCoreClock                          0x2000000c   Data           4  system_stm32f4xx.o(.data)
    netif_list                               0x20000044   Data           4  netif.o(.data)
    netif_default                            0x20000048   Data           4  netif.o(.data)
    pbuf_free_ooseq_pending                  0x2000004c   Data           1  pbuf.o(.data)
    tcp_active_pcbs_changed                  0x20000050   Data           1  tcp.o(.data)
    tcp_ticks                                0x2000005c   Data           4  tcp.o(.data)
    tcp_bound_pcbs                           0x20000060   Data           4  tcp.o(.data)
    tcp_listen_pcbs                          0x20000064   Data           4  tcp.o(.data)
    tcp_active_pcbs                          0x20000068   Data           4  tcp.o(.data)
    tcp_tw_pcbs                              0x2000006c   Data           4  tcp.o(.data)
    tcp_input_pcb                            0x20000090   Data           4  tcp_in.o(.data)
    udp_pcbs                                 0x200000a4   Data           4  udp.o(.data)
    dhcp_rx_options_given                    0x200000b4   Data           8  dhcp.o(.data)
    run_num                                  0x200000c8   Data           1  manager_gpio.o(.data)
    motor_speed                              0x200000cc   Data           4  manager_gpio.o(.data)
    motor_accel                              0x200000d0   Data           4  manager_gpio.o(.data)
    motor_decel                              0x200000d4   Data           4  manager_gpio.o(.data)
    motor_step                               0x200000d8   Data           4  manager_gpio.o(.data)
    timecount                                0x200000dc   Data           2  manager_timer.o(.data)
    entry_count                              0x200000e0   Data           1  manager_motor.o(.data)
    Trigger_run                              0x200000e1   Data           1  manager_motor.o(.data)
    Switch_state                             0x200000e2   Data           1  manager_motor.o(.data)
    switch_num                               0x200000e3   Data           1  manager_motor.o(.data)
    test_num                                 0x200000e4   Data           1  manager_motor.o(.data)
    Position_Init                            0x200000e8   Data           4  manager_motor.o(.data)
    set_location                             0x200000ec   Data           4  manager_motor.o(.data)
    Issue_TarGetLocation                     0x200000f0   Data           4  manager_motor.o(.data)
    EXTI_UES                                 0x200000f8   Data           4  supergpio.o(.data)
    MotionStatus                             0x200002dc   Data           1  bsp_stepmotor.o(.data)
    LimPosi                                  0x200002dd   Data           1  bsp_stepmotor.o(.data)
    LimNega                                  0x200002de   Data           1  bsp_stepmotor.o(.data)
    DOG                                      0x200002df   Data           1  bsp_stepmotor.o(.data)
    homecapture                              0x200002e0   Data           1  bsp_stepmotor.o(.data)
    JOG_State                                0x200002e1   Data           1  bsp_stepmotor.o(.data)
    jog_interlock                            0x200002e2   Data           1  bsp_stepmotor.o(.data)
    step_position                            0x200002e8   Data           4  bsp_stepmotor.o(.data)
    Timer2_callBack                          0x200002f4   Data           4  supertimer.o(.data)
    Timer3_callBack                          0x200002f8   Data           4  supertimer.o(.data)
    Timer6_callBack                          0x200002fc   Data           4  supertimer.o(.data)
    Timer7_callBack                          0x20000300   Data           4  supertimer.o(.data)
    DHCP_state                               0x20000304   Data           1  app_ethernet.o(.data)
    DHCPfineTimer                            0x20000308   Data           4  app_ethernet.o(.data)
    EthernetLinkTimer                        0x2000030c   Data           4  app_ethernet.o(.data)
    Frame_flag                               0x20000310   Data           1  tcp_server.o(.data)
    link_flag                                0x20000311   Data           1  tcp_server.o(.data)
    RxCount                                  0x20000312   Data           2  tcp_server.o(.data)
    tcp_echoserver_pcb                       0x20000314   Data           4  tcp_server.o(.data)
    tcp_echoserver_es                        0x20000318   Data           4  tcp_server.o(.data)
    ServerIp                                 0x2000031c   Data           4  tcp_server.o(.data)
    DH_InputBuf                              0x200003cc   Data         200  modbuscb.o(.data)
    DB_DiscreteBuf                           0x20000494   Data         200  modbuscb.o(.data)
    __stdout                                 0x20000580   Data           4  stdout.o(.data)
    __microlib_freelist                      0x20000584   Data           4  mvars.o(.data)
    __microlib_freelist_initialised          0x20000588   Data           4  mvars.o(.data)
    ip_data                                  0x20000590   Data          24  ip.o(.bss)
    ram_heap                                 0x200005a8   Data        1619  mem.o(.bss)
    memp_memory_UDP_PCB_base                 0x20000bfb   Data         131  memp.o(.bss)
    memp_memory_TCP_PCB_base                 0x20000c7e   Data         783  memp.o(.bss)
    memp_memory_TCP_PCB_LISTEN_base          0x20000f8d   Data         227  memp.o(.bss)
    memp_memory_TCP_SEG_base                 0x20001070   Data         259  memp.o(.bss)
    memp_memory_REASSDATA_base               0x20001173   Data         163  memp.o(.bss)
    memp_memory_FRAG_PBUF_base               0x20001216   Data         363  memp.o(.bss)
    memp_memory_SYS_TIMEOUT_base             0x20001381   Data          83  memp.o(.bss)
    memp_memory_PBUF_base                    0x200013d4   Data         259  memp.o(.bss)
    memp_memory_PBUF_POOL_base               0x200014d7   Data        9731  memp.o(.bss)
    dhcp_rx_options_val                      0x20003aec   Data          32  dhcp.o(.bss)
    rs232data                                0x20003c0c   Data         100  manager_usart.o(.bss)
    gnetif                                   0x20003c70   Data          56  manger_ethernet.o(.bss)
    CalibrationBuf                           0x20003ca8   Data          32  manager_motor.o(.bss)
    Mb_Tcpbuf                                0x20003d90   Data         126  manager_sharing.o(.bss)
    gUart1_Handle                            0x20003e4c   Data          68  superusart.o(.bss)
    gUart3_Handle                            0x20003e90   Data          68  superusart.o(.bss)
    gUart5_Handle                            0x20003ed4   Data          68  superusart.o(.bss)
    hdma_usart1_rx                           0x20003f18   Data          96  superusart.o(.bss)
    hdma_usart1_tx                           0x20003f78   Data          96  superusart.o(.bss)
    hdma_usart3_rx                           0x20003fd8   Data          96  superusart.o(.bss)
    hdma_usart3_tx                           0x20004038   Data          96  superusart.o(.bss)
    hdma_uart5_rx                            0x20004098   Data          96  superusart.o(.bss)
    hdma_uart5_tx                            0x200040f8   Data          96  superusart.o(.bss)
    UART1_RX_buf_A                           0x20004158   Data         512  superusart.o(.bss)
    UART1_RX_buf_B                           0x20004358   Data         512  superusart.o(.bss)
    UART3_RX_buf_A                           0x20004558   Data         512  superusart.o(.bss)
    UART3_RX_buf_B                           0x20004758   Data         512  superusart.o(.bss)
    RS232_RX_buf_A                           0x20004958   Data         512  superusart.o(.bss)
    RS232_RX_buf_B                           0x20004b58   Data         512  superusart.o(.bss)
    srd                                      0x20004d58   Data          28  bsp_stepmotor.o(.bss)
    htimx_STEPMOTOR                          0x20004d74   Data          72  bsp_stepmotor.o(.bss)
    htim1                                    0x20004dbc   Data          72  supertimer.o(.bss)
    htim2                                    0x20004e04   Data          72  supertimer.o(.bss)
    htim3                                    0x20004e4c   Data          72  supertimer.o(.bss)
    htim4                                    0x20004e94   Data          72  supertimer.o(.bss)
    htim6                                    0x20004edc   Data          72  supertimer.o(.bss)
    htim7                                    0x20004f24   Data          72  supertimer.o(.bss)
    hiwdg                                    0x20004f6c   Data          12  bsp_iwdg.o(.bss)
    Lwip_data                                0x20004f78   Data          18  app_ethernet.o(.bss)
    EthHandle                                0x20004f8c   Data          72  ethernetif_1.o(.bss)
    DMARxDscrTab                             0x20004fd4   Data         128  ethernetif_1.o(.bss)
    DMATxDscrTab                             0x20005054   Data         128  ethernetif_1.o(.bss)
    Rx_Buff                                  0x200050d4   Data        6096  ethernetif_1.o(.bss)
    Tx_Buff                                  0x200068a4   Data        6096  ethernetif_1.o(.bss)
    aRxBuffer                                0x20008074   Data         255  tcp_server.o(.bss)
    DB_HoldingBuf                            0x20008194   Data         200  modbuscb.o(.bss)
    BD_CoilsBuf                              0x2000825c   Data         200  modbuscb.o(.bss)
    __heap_base                              0x20008430   Data           0  startup_stm32f407xx.o(HEAP)
    __heap_limit                             0x20008630   Data           0  startup_stm32f407xx.o(HEAP)
    __initial_sp                             0x20008a30   Data           0  startup_stm32f407xx.o(STACK)



==============================================================================

Memory Map of the image

  Image Entry point : 0x08000189

  Load Region LR_IROM1 (Base: 0x08000000, Size: 0x0001495c, Max: 0x00100000, ABSOLUTE, COMPRESSED[0x000144c0])

    Execution Region ER_IROM1 (Base: 0x08000000, Size: 0x000143cc, Max: 0x00100000, ABSOLUTE)

    Base Addr    Size         Type   Attr      Idx    E Section Name        Object

    0x08000000   0x00000188   Data   RO            3    RESET               startup_stm32f407xx.o
    0x08000188   0x00000000   Code   RO         8031  * .ARM.Collect$$$$00000000  mc_w.l(entry.o)
    0x08000188   0x00000004   Code   RO         8386    .ARM.Collect$$$$00000001  mc_w.l(entry2.o)
    0x0800018c   0x00000004   Code   RO         8389    .ARM.Collect$$$$00000004  mc_w.l(entry5.o)
    0x08000190   0x00000000   Code   RO         8391    .ARM.Collect$$$$00000008  mc_w.l(entry7b.o)
    0x08000190   0x00000000   Code   RO         8393    .ARM.Collect$$$$0000000A  mc_w.l(entry8b.o)
    0x08000190   0x00000008   Code   RO         8394    .ARM.Collect$$$$0000000B  mc_w.l(entry9a.o)
    0x08000198   0x00000000   Code   RO         8396    .ARM.Collect$$$$0000000D  mc_w.l(entry10a.o)
    0x08000198   0x00000000   Code   RO         8398    .ARM.Collect$$$$0000000F  mc_w.l(entry11a.o)
    0x08000198   0x00000004   Code   RO         8387    .ARM.Collect$$$$00002712  mc_w.l(entry2.o)
    0x0800019c   0x00000024   Code   RO            4    .text               startup_stm32f407xx.o
    0x080001c0   0x00000062   Code   RO         8034    .text               mc_w.l(uldiv.o)
    0x08000222   0x00000002   PAD
    0x08000224   0x00000024   Code   RO         8064    .text               mc_w.l(rand.o)
    0x08000248   0x00000040   Code   RO         8069    .text               mc_w.l(memmovea.o)
    0x08000288   0x00000024   Code   RO         8071    .text               mc_w.l(memseta.o)
    0x080002ac   0x0000000e   Code   RO         8073    .text               mc_w.l(strlen.o)
    0x080002ba   0x0000001a   Code   RO         8075    .text               mc_w.l(memcmp.o)
    0x080002d4   0x000000e4   Code   RO         8374    .text               mf_w.l(dmul.o)
    0x080003b8   0x000000de   Code   RO         8376    .text               mf_w.l(ddiv.o)
    0x08000496   0x0000001a   Code   RO         8378    .text               mf_w.l(dfltui.o)
    0x080004b0   0x0000003e   Code   RO         8380    .text               mf_w.l(dfixi.o)
    0x080004ee   0x00000026   Code   RO         8382    .text               mf_w.l(f2d.o)
    0x08000514   0x00000038   Code   RO         8384    .text               mf_w.l(d2f.o)
    0x0800054c   0x0000002c   Code   RO         8401    .text               mc_w.l(uidiv.o)
    0x08000578   0x0000001e   Code   RO         8403    .text               mc_w.l(llshl.o)
    0x08000596   0x00000020   Code   RO         8405    .text               mc_w.l(llushr.o)
    0x080005b6   0x00000000   Code   RO         8418    .text               mc_w.l(iusefp.o)
    0x080005b6   0x0000006e   Code   RO         8419    .text               mf_w.l(fepilogue.o)
    0x08000624   0x000000ba   Code   RO         8421    .text               mf_w.l(depilogue.o)
    0x080006de   0x0000014e   Code   RO         8423    .text               mf_w.l(dadd.o)
    0x0800082c   0x000000a2   Code   RO         8425    .text               mf_w.l(dsqrt.o)
    0x080008ce   0x00000030   Code   RO         8427    .text               mf_w.l(dfixul.o)
    0x080008fe   0x00000002   PAD
    0x08000900   0x00000030   Code   RO         8431    .text               mf_w.l(cdrcmple.o)
    0x08000930   0x00000024   Code   RO         8433    .text               mc_w.l(init.o)
    0x08000954   0x00000024   Code   RO         8435    .text               mc_w.l(llsshr.o)
    0x08000978   0x00000056   Code   RO         8449    .text               mc_w.l(__dczerorl2.o)
    0x080009ce   0x00000002   PAD
    0x080009d0   0x000001f8   Code   RO         6992    i.BSP_Timer_Init    supertimer.o
    0x08000bc8   0x0000000c   Code   RO         6993    i.BSP_Timer_SetCallBack_100us  supertimer.o
    0x08000bd4   0x0000000c   Code   RO         6994    i.BSP_Timer_SetCallBack_1s  supertimer.o
    0x08000be0   0x00000028   Code   RO         6766    i.BSP_UART_DataSize  superusart.o
    0x08000c08   0x00000090   Code   RO         6768    i.BSP_UART_GetData  superusart.o
    0x08000c98   0x0000001e   Code   RO         6769    i.BSP_UART_Init     superusart.o
    0x08000cb6   0x00000002   PAD
    0x08000cb8   0x00000040   Code   RO         6770    i.BSP_UART_SendData  superusart.o
    0x08000cf8   0x00000002   Code   RO          349    i.BusFault_Handler  stm32f4xx_it.o
    0x08000cfa   0x00000002   PAD
    0x08000cfc   0x0000002c   Code   RO         7178    i.DHCP_Periodic_Handle  app_ethernet.o
    0x08000d28   0x0000023c   Code   RO         7179    i.DHCP_Process      app_ethernet.o
    0x08000f64   0x0000000c   Code   RO         6771    i.DMA1_Stream0_IRQHandler  superusart.o
    0x08000f70   0x0000000c   Code   RO         6772    i.DMA1_Stream1_IRQHandler  superusart.o
    0x08000f7c   0x0000000c   Code   RO         6773    i.DMA1_Stream3_IRQHandler  superusart.o
    0x08000f88   0x0000000c   Code   RO         6774    i.DMA1_Stream7_IRQHandler  superusart.o
    0x08000f94   0x0000000c   Code   RO         6775    i.DMA2_Stream2_IRQHandler  superusart.o
    0x08000fa0   0x0000000c   Code   RO         6776    i.DMA2_Stream7_IRQHandler  superusart.o
    0x08000fac   0x00000002   Code   RO          350    i.DebugMon_Handler  stm32f4xx_it.o
    0x08000fae   0x00000002   PAD
    0x08000fb0   0x00000020   Code   RO         7180    i.ETH_IRQHandler    app_ethernet.o
    0x08000fd0   0x00000120   Code   RO          448    i.ETH_MACDMAConfig  stm32f4xx_hal_eth.o
    0x080010f0   0x00000088   Code   RO         7183    i.ETH_link_check_state  app_ethernet.o
    0x08001178   0x00000006   Code   RO         6690    i.EXTI0_IRQHandler  supergpio.o
    0x0800117e   0x00000002   PAD
    0x08001180   0x00000090   Code   RO         6542    i.Entry_CalibrationLocation_Perfrom  manager_motor.o
    0x08001210   0x00000004   Code   RO           13    i.Error_Handler     main.o
    0x08001214   0x00000028   Code   RO         7184    i.Ethernet_Link_Periodic_Handle  app_ethernet.o
    0x0800123c   0x0000000c   Code   RO         7145    i.FeedDog           bsp_iwdg.o
    0x08001248   0x000000a6   Code   RO         1012    i.HAL_DMA_Abort     stm32f4xx_hal_dma.o
    0x080012ee   0x00000024   Code   RO         1013    i.HAL_DMA_Abort_IT  stm32f4xx_hal_dma.o
    0x08001312   0x00000002   PAD
    0x08001314   0x000001dc   Code   RO         1017    i.HAL_DMA_IRQHandler  stm32f4xx_hal_dma.o
    0x080014f0   0x0000015c   Code   RO         1018    i.HAL_DMA_Init      stm32f4xx_hal_dma.o
    0x0800164c   0x00000092   Code   RO         1022    i.HAL_DMA_Start_IT  stm32f4xx_hal_dma.o
    0x080016de   0x00000002   PAD
    0x080016e0   0x00000028   Code   RO         1414    i.HAL_Delay         stm32f4xx_hal.o
    0x08001708   0x00000130   Code   RO          450    i.HAL_ETH_ConfigMAC  stm32f4xx_hal_eth.o
    0x08001838   0x00000080   Code   RO          451    i.HAL_ETH_DMARxDescListInit  stm32f4xx_hal_eth.o
    0x080018b8   0x00000092   Code   RO          452    i.HAL_ETH_DMATxDescListInit  stm32f4xx_hal_eth.o
    0x0800194a   0x0000009a   Code   RO          456    i.HAL_ETH_GetReceivedFrame_IT  stm32f4xx_hal_eth.o
    0x080019e4   0x000002f0   Code   RO          459    i.HAL_ETH_Init      stm32f4xx_hal_eth.o
    0x08001cd4   0x00000120   Code   RO         7275    i.HAL_ETH_MspInit   ethernetif_1.o
    0x08001df4   0x0000008c   Code   RO          462    i.HAL_ETH_ReadPHYRegister  stm32f4xx_hal_eth.o
    0x08001e80   0x000000f0   Code   RO          464    i.HAL_ETH_Start     stm32f4xx_hal_eth.o
    0x08001f70   0x00000130   Code   RO          466    i.HAL_ETH_TransmitFrame  stm32f4xx_hal_eth.o
    0x080020a0   0x00000080   Code   RO          468    i.HAL_ETH_WritePHYRegister  stm32f4xx_hal_eth.o
    0x08002120   0x00000050   Code   RO         6907    i.HAL_GPIO_EXTI_Callback  bsp_stepmotor.o
    0x08002170   0x00000018   Code   RO          912    i.HAL_GPIO_EXTI_IRQHandler  stm32f4xx_hal_gpio.o
    0x08002188   0x00000200   Code   RO          913    i.HAL_GPIO_Init     stm32f4xx_hal_gpio.o
    0x08002388   0x0000000a   Code   RO          915    i.HAL_GPIO_ReadPin  stm32f4xx_hal_gpio.o
    0x08002392   0x0000000a   Code   RO          917    i.HAL_GPIO_WritePin  stm32f4xx_hal_gpio.o
    0x0800239c   0x0000000c   Code   RO         1420    i.HAL_GetTick       stm32f4xx_hal.o
    0x080023a8   0x00000066   Code   RO         1665    i.HAL_IWDG_Init     stm32f4xx_hal_iwdg.o
    0x0800240e   0x0000000c   Code   RO         1666    i.HAL_IWDG_Refresh  stm32f4xx_hal_iwdg.o
    0x0800241a   0x00000002   PAD
    0x0800241c   0x00000010   Code   RO         1426    i.HAL_IncTick       stm32f4xx_hal.o
    0x0800242c   0x00000034   Code   RO         1427    i.HAL_Init          stm32f4xx_hal.o
    0x08002460   0x00000040   Code   RO         1428    i.HAL_InitTick      stm32f4xx_hal.o
    0x080024a0   0x00000038   Code   RO          424    i.HAL_MspInit       stm32f4xx_hal_msp.o
    0x080024d8   0x0000001e   Code   RO         1282    i.HAL_NVIC_EnableIRQ  stm32f4xx_hal_cortex.o
    0x080024f6   0x00000002   PAD
    0x080024f8   0x00000064   Code   RO         1288    i.HAL_NVIC_SetPriority  stm32f4xx_hal_cortex.o
    0x0800255c   0x00000024   Code   RO         1289    i.HAL_NVIC_SetPriorityGrouping  stm32f4xx_hal_cortex.o
    0x08002580   0x0000015c   Code   RO          591    i.HAL_RCC_ClockConfig  stm32f4xx_hal_rcc.o
    0x080026dc   0x00000040   Code   RO          595    i.HAL_RCC_GetClockConfig  stm32f4xx_hal_rcc.o
    0x0800271c   0x0000000c   Code   RO          596    i.HAL_RCC_GetHCLKFreq  stm32f4xx_hal_rcc.o
    0x08002728   0x00000020   Code   RO          598    i.HAL_RCC_GetPCLK1Freq  stm32f4xx_hal_rcc.o
    0x08002748   0x00000020   Code   RO          599    i.HAL_RCC_GetPCLK2Freq  stm32f4xx_hal_rcc.o
    0x08002768   0x00000074   Code   RO          600    i.HAL_RCC_GetSysClockFreq  stm32f4xx_hal_rcc.o
    0x080027dc   0x00000404   Code   RO          603    i.HAL_RCC_OscConfig  stm32f4xx_hal_rcc.o
    0x08002be0   0x0000002c   Code   RO         1293    i.HAL_SYSTICK_Config  stm32f4xx_hal_cortex.o
    0x08002c0c   0x00000002   Code   RO         2364    i.HAL_TIMEx_BreakCallback  stm32f4xx_hal_tim_ex.o
    0x08002c0e   0x00000002   Code   RO         2365    i.HAL_TIMEx_CommutCallback  stm32f4xx_hal_tim_ex.o
    0x08002c10   0x00000052   Code   RO         2367    i.HAL_TIMEx_ConfigBreakDeadTime  stm32f4xx_hal_tim_ex.o
    0x08002c62   0x00000096   Code   RO         2383    i.HAL_TIMEx_MasterConfigSynchronization  stm32f4xx_hal_tim_ex.o
    0x08002cf8   0x0000005a   Code   RO         1697    i.HAL_TIM_Base_Init  stm32f4xx_hal_tim.o
    0x08002d52   0x00000002   PAD
    0x08002d54   0x0000002c   Code   RO         6908    i.HAL_TIM_Base_MspInit  bsp_stepmotor.o
    0x08002d80   0x00000076   Code   RO         1700    i.HAL_TIM_Base_Start  stm32f4xx_hal_tim.o
    0x08002df6   0x00000080   Code   RO         1702    i.HAL_TIM_Base_Start_IT  stm32f4xx_hal_tim.o
    0x08002e76   0x0000016e   Code   RO         1706    i.HAL_TIM_ConfigClockSource  stm32f4xx_hal_tim.o
    0x08002fe4   0x00000002   Code   RO         1731    i.HAL_TIM_IC_CaptureCallback  stm32f4xx_hal_tim.o
    0x08002fe6   0x0000016c   Code   RO         1745    i.HAL_TIM_IRQHandler  stm32f4xx_hal_tim.o
    0x08003152   0x00000002   PAD
    0x08003154   0x000000ac   Code   RO         6999    i.HAL_TIM_MspPostInit  supertimer.o
    0x08003200   0x000001cc   Code   RO         1746    i.HAL_TIM_OC_ConfigChannel  stm32f4xx_hal_tim.o
    0x080033cc   0x00000002   Code   RO         1748    i.HAL_TIM_OC_DelayElapsedCallback  stm32f4xx_hal_tim.o
    0x080033ce   0x00000002   PAD
    0x080033d0   0x0000024c   Code   RO         1769    i.HAL_TIM_PWM_ConfigChannel  stm32f4xx_hal_tim.o
    0x0800361c   0x0000005a   Code   RO         1772    i.HAL_TIM_PWM_Init  stm32f4xx_hal_tim.o
    0x08003676   0x00000002   Code   RO         1774    i.HAL_TIM_PWM_MspInit  stm32f4xx_hal_tim.o
    0x08003678   0x00000002   Code   RO         1775    i.HAL_TIM_PWM_PulseFinishedCallback  stm32f4xx_hal_tim.o
    0x0800367a   0x00000002   PAD
    0x0800367c   0x000000e0   Code   RO         1777    i.HAL_TIM_PWM_Start  stm32f4xx_hal_tim.o
    0x0800375c   0x00000058   Code   RO         7000    i.HAL_TIM_PeriodElapsedCallback  supertimer.o
    0x080037b4   0x00000002   Code   RO         1788    i.HAL_TIM_TriggerCallback  stm32f4xx_hal_tim.o
    0x080037b6   0x00000062   Code   RO         2635    i.HAL_UARTEx_ReceiveToIdle_DMA  stm32f4xx_hal_uart.o
    0x08003818   0x0000009c   Code   RO         6777    i.HAL_UARTEx_RxEventCallback  superusart.o
    0x080038b4   0x000000d4   Code   RO         2649    i.HAL_UART_DMAStop  stm32f4xx_hal_uart.o
    0x08003988   0x00000002   Code   RO         2651    i.HAL_UART_ErrorCallback  stm32f4xx_hal_uart.o
    0x0800398a   0x00000002   PAD
    0x0800398c   0x00000304   Code   RO         2654    i.HAL_UART_IRQHandler  stm32f4xx_hal_uart.o
    0x08003c90   0x00000062   Code   RO         2655    i.HAL_UART_Init     stm32f4xx_hal_uart.o
    0x08003cf2   0x00000002   Code   RO         2657    i.HAL_UART_MspInit  stm32f4xx_hal_uart.o
    0x08003cf4   0x00000002   Code   RO         2661    i.HAL_UART_RxCpltCallback  stm32f4xx_hal_uart.o
    0x08003cf6   0x00000002   Code   RO         2662    i.HAL_UART_RxHalfCpltCallback  stm32f4xx_hal_uart.o
    0x08003cf8   0x00000164   Code   RO         2663    i.HAL_UART_Transmit  stm32f4xx_hal_uart.o
    0x08003e5c   0x00000090   Code   RO         2664    i.HAL_UART_Transmit_DMA  stm32f4xx_hal_uart.o
    0x08003eec   0x00000002   Code   RO         2666    i.HAL_UART_TxCpltCallback  stm32f4xx_hal_uart.o
    0x08003eee   0x00000002   Code   RO         2667    i.HAL_UART_TxHalfCpltCallback  stm32f4xx_hal_uart.o
    0x08003ef0   0x00000002   Code   RO          351    i.HardFault_Handler  stm32f4xx_it.o
    0x08003ef2   0x00000002   PAD
    0x08003ef4   0x00000028   Code   RO         7146    i.IWDG_Init         bsp_iwdg.o
    0x08003f1c   0x00000012   Code   RO         6297    i.Manager_Activate  manager.o
    0x08003f2e   0x00000004   Code   RO         6500    i.Manager_Ethernet_Activate  manger_ethernet.o
    0x08003f32   0x00000012   Code   RO         6501    i.Manager_Ethernet_Init  manger_ethernet.o
    0x08003f44   0x00000024   Code   RO         6502    i.Manager_Ethernet_Mainloop  manger_ethernet.o
    0x08003f68   0x0000001a   Code   RO         6347    i.Manager_GPIO_Init  manager_gpio.o
    0x08003f82   0x00000002   PAD
    0x08003f84   0x00000118   Code   RO         6348    i.Manager_GPIO_Mainloop  manager_gpio.o
    0x0800409c   0x00000068   Code   RO         6298    i.Manager_Init      manager.o
    0x08004104   0x0000001a   Code   RO         6299    i.Manager_Mainloop  manager.o
    0x0800411e   0x00000004   Code   RO         6544    i.Manager_Motor_Init  manager_motor.o
    0x08004122   0x00000002   PAD
    0x08004124   0x0000008c   Code   RO         6545    i.Manager_Motor_Mainloop  manager_motor.o
    0x080041b0   0x00000002   Code   RO         6619    i.Manager_Sharing_Activate  manager_sharing.o
    0x080041b2   0x0000000a   Code   RO         6620    i.Manager_Sharing_Init  manager_sharing.o
    0x080041bc   0x00000048   Code   RO         6621    i.Manager_Sharing_Mainloop  manager_sharing.o
    0x08004204   0x0000001c   Code   RO         6396    i.Manager_Timer_Activate  manager_timer.o
    0x08004220   0x00000004   Code   RO         6397    i.Manager_Timer_Init  manager_timer.o
    0x08004224   0x0000001a   Code   RO         6454    i.Manager_Usart_Init  manager_usart.o
    0x0800423e   0x00000002   PAD
    0x08004240   0x00000044   Code   RO         6455    i.Manager_Usart_Mainloop  manager_usart.o
    0x08004284   0x00000098   Code   RO         6622    i.Mapp_WriteToRegister  manager_sharing.o
    0x0800431c   0x00000002   Code   RO          352    i.MemManage_Handler  stm32f4xx_it.o
    0x0800431e   0x00000002   PAD
    0x08004320   0x00000104   Code   RO         6546    i.MotorRun_perform  manager_motor.o
    0x08004424   0x00000002   Code   RO          353    i.NMI_Handler       stm32f4xx_it.o
    0x08004426   0x00000002   PAD
    0x08004428   0x0000008c   Code   RO         7186    i.Netif_Config      app_ethernet.o
    0x080044b4   0x00000002   Code   RO          354    i.PendSV_Handler    stm32f4xx_it.o
    0x080044b6   0x00000002   PAD
    0x080044b8   0x00000168   Code   RO         6349    i.Peripherals_Input  manager_gpio.o
    0x08004620   0x0000000e   Code   RO         6625    i.Read_WordManage   manager_sharing.o
    0x0800462e   0x00000002   PAD
    0x08004630   0x00000058   Code   RO         6456    i.Readdata          manager_usart.o
    0x08004688   0x000000e0   Code   RO         6909    i.STEMOTOR_JOG      bsp_stepmotor.o
    0x08004768   0x00000078   Code   RO         6910    i.STEPMOTOR_AxisHome  bsp_stepmotor.o
    0x080047e0   0x00000020   Code   RO         6911    i.STEPMOTOR_AxisMoveAbs  bsp_stepmotor.o
    0x08004800   0x0000021c   Code   RO         6912    i.STEPMOTOR_AxisMoveRel  bsp_stepmotor.o
    0x08004a1c   0x0000000c   Code   RO         6913    i.STEPMOTOR_StandbyStop  bsp_stepmotor.o
    0x08004a28   0x000001d4   Code   RO         6914    i.STEPMOTOR_TIMx_Init  bsp_stepmotor.o
    0x08004bfc   0x00000002   Code   RO          355    i.SVC_Handler       stm32f4xx_it.o
    0x08004bfe   0x00000002   PAD
    0x08004c00   0x000000d0   Code   RO         6693    i.SuperGpio_Init    supergpio.o
    0x08004cd0   0x0000003c   Code   RO         6694    i.SuperGpio_ReadInput  supergpio.o
    0x08004d0c   0x00000040   Code   RO         6695    i.SuperGpio_WriteOutput  supergpio.o
    0x08004d4c   0x00000004   Code   RO          356    i.SysTick_Handler   stm32f4xx_it.o
    0x08004d50   0x0000009c   Code   RO           14    i.SystemClock_Config  main.o
    0x08004dec   0x00000010   Code   RO         2968    i.SystemInit        system_stm32f4xx.o
    0x08004dfc   0x00000108   Code   RO         7001    i.TIM1_Init         supertimer.o
    0x08004f04   0x0000000c   Code   RO         7002    i.TIM2_IRQHandler   supertimer.o
    0x08004f10   0x0000000c   Code   RO         7004    i.TIM3_IRQHandler   supertimer.o
    0x08004f1c   0x000000a4   Code   RO         7005    i.TIM3_Init         supertimer.o
    0x08004fc0   0x0000000c   Code   RO         7009    i.TIM7_IRQHandler   supertimer.o
    0x08004fcc   0x00000168   Code   RO         6915    i.TIM8_CC_IRQHandler  bsp_stepmotor.o
    0x08005134   0x000000cc   Code   RO         1790    i.TIM_Base_SetConfig  stm32f4xx_hal_tim.o
    0x08005200   0x0000001e   Code   RO         1791    i.TIM_CCxChannelCmd  stm32f4xx_hal_tim.o
    0x0800521e   0x00000002   Code   RO         6398    i.Timer_100us_CallBack  manager_timer.o
    0x08005220   0x00000030   Code   RO         6399    i.Timer_1s_CallBack  manager_timer.o
    0x08005250   0x0000000c   Code   RO         6778    i.UART5_IRQHandler  superusart.o
    0x0800525c   0x00000010   Code   RO         2668    i.UART_DMAAbortOnError  stm32f4xx_hal_uart.o
    0x0800526c   0x000000ae   Code   RO         2669    i.UART_DMAError     stm32f4xx_hal_uart.o
    0x0800531a   0x0000008e   Code   RO         2670    i.UART_DMAReceiveCplt  stm32f4xx_hal_uart.o
    0x080053a8   0x0000001a   Code   RO         2672    i.UART_DMARxHalfCplt  stm32f4xx_hal_uart.o
    0x080053c2   0x0000004a   Code   RO         2674    i.UART_DMATransmitCplt  stm32f4xx_hal_uart.o
    0x0800540c   0x0000000a   Code   RO         2676    i.UART_DMATxHalfCplt  stm32f4xx_hal_uart.o
    0x08005416   0x00000002   PAD
    0x08005418   0x000000ac   Code   RO         6779    i.UART_DMA_Rx_Cfg   superusart.o
    0x080054c4   0x000000cc   Code   RO         2678    i.UART_Receive_IT   stm32f4xx_hal_uart.o
    0x08005590   0x000000f0   Code   RO         2679    i.UART_SetConfig    stm32f4xx_hal_uart.o
    0x08005680   0x00000090   Code   RO         2680    i.UART_Start_Receive_DMA  stm32f4xx_hal_uart.o
    0x08005710   0x0000000c   Code   RO         6780    i.USART1_IRQHandler  superusart.o
    0x0800571c   0x00000198   Code   RO         6781    i.USART1_UART_Init  superusart.o
    0x080058b4   0x0000000c   Code   RO         6782    i.USART3_IRQHandler  superusart.o
    0x080058c0   0x000001a0   Code   RO         6783    i.USART3_UART_Init  superusart.o
    0x08005a60   0x00000194   Code   RO         6784    i.USART5_UART_Init  superusart.o
    0x08005bf4   0x00000002   Code   RO          357    i.UsageFault_Handler  stm32f4xx_it.o
    0x08005bf6   0x00000016   Code   RO         6626    i.Write_WordManage  manager_sharing.o
    0x08005c0c   0x00000284   Code   RO         7356    i.YSF4_TCP_SENDData  tcp_server.o
    0x08005e90   0x00000020   Code   RO         8316    i.__0printf         mc_w.l(printfa.o)
    0x08005eb0   0x00000028   Code   RO         8318    i.__0sprintf        mc_w.l(printfa.o)
    0x08005ed8   0x00000010   Code   RO         8320    i.__0vprintf        mc_w.l(printfa.o)
    0x08005ee8   0x0000007a   Code   RO         8019    i.__hardfp_sqrt     m_wm.l(sqrt.o)
    0x08005f62   0x0000000e   Code   RO         8443    i.__scatterload_copy  mc_w.l(handlers.o)
    0x08005f70   0x00000002   Code   RO         8444    i.__scatterload_null  mc_w.l(handlers.o)
    0x08005f72   0x0000000e   Code   RO         8445    i.__scatterload_zeroinit  mc_w.l(handlers.o)
    0x08005f80   0x0000000c   Code   RO         8411    i.__set_errno       mc_w.l(errno.o)
    0x08005f8c   0x00000184   Code   RO         8323    i._fp_digits        mc_w.l(printfa.o)
    0x08006110   0x000006dc   Code   RO         8324    i._printf_core      mc_w.l(printfa.o)
    0x080067ec   0x00000024   Code   RO         8325    i._printf_post_padding  mc_w.l(printfa.o)
    0x08006810   0x0000002e   Code   RO         8326    i._printf_pre_padding  mc_w.l(printfa.o)
    0x0800683e   0x0000000a   Code   RO         8328    i._sputc            mc_w.l(printfa.o)
    0x08006848   0x0000017c   Code   RO         5498    i.dhcp_arp_reply    dhcp.o
    0x080069c4   0x000001c8   Code   RO         5499    i.dhcp_bind         dhcp.o
    0x08006b8c   0x00000250   Code   RO         5501    i.dhcp_coarse_tmr   dhcp.o
    0x08006ddc   0x00000208   Code   RO         5502    i.dhcp_create_msg   dhcp.o
    0x08006fe4   0x00000194   Code   RO         5503    i.dhcp_discover     dhcp.o
    0x08007178   0x000000c0   Code   RO         5504    i.dhcp_fine_tmr     dhcp.o
    0x08007238   0x000000c8   Code   RO         5506    i.dhcp_network_changed  dhcp.o
    0x08007300   0x00000080   Code   RO         5507    i.dhcp_option_long  dhcp.o
    0x08007380   0x00000020   Code   RO         5508    i.dhcp_option_trailer  dhcp.o
    0x080073a0   0x00000430   Code   RO         5509    i.dhcp_parse_reply  dhcp.o
    0x080077d0   0x000001cc   Code   RO         5510    i.dhcp_reboot       dhcp.o
    0x0800799c   0x00000244   Code   RO         5511    i.dhcp_recv         dhcp.o
    0x08007be0   0x00000160   Code   RO         5513    i.dhcp_release_and_stop  dhcp.o
    0x08007d40   0x00000184   Code   RO         5514    i.dhcp_renew        dhcp.o
    0x08007ec4   0x00000368   Code   RO         5515    i.dhcp_select       dhcp.o
    0x0800822c   0x0000020c   Code   RO         5517    i.dhcp_start        dhcp.o
    0x08008438   0x00000004   Code   RO         5518    i.dhcp_stop         dhcp.o
    0x0800843c   0x0000001e   Code   RO         5519    i.dhcp_supplied_address  dhcp.o
    0x0800845a   0x00000002   PAD
    0x0800845c   0x00000024   Code   RO         7703    i.eMBEnable         mb.o
    0x08008480   0x00000076   Code   RO         7437    i.eMBFuncReadCoils  mbfunccoils.o
    0x080084f6   0x00000074   Code   RO         7491    i.eMBFuncReadDiscreteInputs  mbfuncdisc.o
    0x0800856a   0x0000005e   Code   RO         7515    i.eMBFuncReadHoldingRegister  mbfuncholding.o
    0x080085c8   0x00000062   Code   RO         7557    i.eMBFuncReadInputRegister  mbfuncinput.o
    0x0800862a   0x0000009e   Code   RO         7516    i.eMBFuncReadWriteMultipleHoldingRegister  mbfuncholding.o
    0x080086c8   0x00000024   Code   RO         7581    i.eMBFuncReportSlaveID  mbfuncother.o
    0x080086ec   0x00000058   Code   RO         7438    i.eMBFuncWriteCoil  mbfunccoils.o
    0x08008744   0x00000034   Code   RO         7517    i.eMBFuncWriteHoldingRegister  mbfuncholding.o
    0x08008778   0x00000064   Code   RO         7439    i.eMBFuncWriteMultipleCoils  mbfunccoils.o
    0x080087dc   0x00000058   Code   RO         7518    i.eMBFuncWriteMultipleHoldingRegister  mbfuncholding.o
    0x08008834   0x000000c0   Code   RO         7704    i.eMBPoll           mb.o
    0x080088f4   0x000000e4   Code   RO         7775    i.eMBRegCoilsCB     modbuscb.o
    0x080089d8   0x00000094   Code   RO         7776    i.eMBRegDiscreteCB  modbuscb.o
    0x08008a6c   0x000000d0   Code   RO         7777    i.eMBRegHoldingCB   modbuscb.o
    0x08008b3c   0x00000078   Code   RO         7778    i.eMBRegInputCB     modbuscb.o
    0x08008bb4   0x00000012   Code   RO         7650    i.eMBTCPDoInit      mbtcp.o
    0x08008bc6   0x00000002   PAD
    0x08008bc8   0x00000058   Code   RO         7706    i.eMBTCPInit        mb.o
    0x08008c20   0x0000003a   Code   RO         7651    i.eMBTCPReceive     mbtcp.o
    0x08008c5a   0x00000020   Code   RO         7652    i.eMBTCPSend        mbtcp.o
    0x08008c7a   0x00000006   Code   RO         7653    i.eMBTCPStart       mbtcp.o
    0x08008c80   0x00000004   Code   RO         7654    i.eMBTCPStop        mbtcp.o
    0x08008c84   0x00000040   Code   RO         5650    i.etharp_cleanup_netif  etharp.o
    0x08008cc4   0x00000294   Code   RO         5652    i.etharp_find_entry  etharp.o
    0x08008f58   0x0000022c   Code   RO         5654    i.etharp_input      etharp.o
    0x08009184   0x00000264   Code   RO         5655    i.etharp_output     etharp.o
    0x080093e8   0x000000e0   Code   RO         5656    i.etharp_output_to_arp_index  etharp.o
    0x080094c8   0x0000022c   Code   RO         5657    i.etharp_query      etharp.o
    0x080096f4   0x0000011c   Code   RO         5658    i.etharp_raw        etharp.o
    0x08009810   0x0000002c   Code   RO         5659    i.etharp_request    etharp.o
    0x0800983c   0x00000098   Code   RO         5660    i.etharp_tmr        etharp.o
    0x080098d4   0x000000b4   Code   RO         3545    i.ethernet_input    ethernet.o
    0x08009988   0x000000cc   Code   RO         7276    i.ethernet_link_check_state  ethernetif_1.o
    0x08009a54   0x0000007c   Code   RO         7188    i.ethernet_link_status_updated  app_ethernet.o
    0x08009ad0   0x000000f8   Code   RO         3546    i.ethernet_output   ethernet.o
    0x08009bc8   0x000001a4   Code   RO         7277    i.ethernetif_init   ethernetif_1.o
    0x08009d6c   0x00000110   Code   RO         7278    i.ethernetif_input  ethernetif_1.o
    0x08009e7c   0x00000018   Code   RO         6785    i.fputc             superusart.o
    0x08009e94   0x00000050   Code   RO         8344    i.free              mc_w.l(malloc.o)
    0x08009ee4   0x00000114   Code   RO         5738    i.icmp_dest_unreach  icmp.o
    0x08009ff8   0x00000200   Code   RO         5739    i.icmp_input        icmp.o
    0x0800a1f8   0x00000090   Code   RO         5740    i.icmp_time_exceeded  icmp.o
    0x0800a288   0x0000003c   Code   RO         5847    i.ip4_addr_isbroadcast_u32  ip4_addr.o
    0x0800a2c4   0x0000029c   Code   RO         5913    i.ip4_frag          ip4_frag.o
    0x0800a560   0x000001c4   Code   RO         5799    i.ip4_input         ip4.o
    0x0800a724   0x00000028   Code   RO         5801    i.ip4_output_if     ip4.o
    0x0800a74c   0x00000180   Code   RO         5802    i.ip4_output_if_src  ip4.o
    0x0800a8cc   0x00000610   Code   RO         5914    i.ip4_reass         ip4_frag.o
    0x0800aedc   0x00000084   Code   RO         5803    i.ip4_route         ip4.o
    0x0800af60   0x000000a4   Code   RO         5850    i.ip4addr_ntoa      ip4_addr.o
    0x0800b004   0x00000230   Code   RO         5915    i.ip_reass_free_complete_datagram  ip4_frag.o
    0x0800b234   0x00000030   Code   RO         5916    i.ip_reass_tmr      ip4_frag.o
    0x0800b264   0x000000c0   Code   RO         5917    i.ipfrag_free_pbuf_custom  ip4_frag.o
    0x0800b324   0x000000bc   Code   RO         7280    i.low_level_output  ethernetif_1.o
    0x0800b3e0   0x0000000c   Code   RO         7281    i.lwip_IT_handle    ethernetif_1.o
    0x0800b3ec   0x00000040   Code   RO         5273    i.lwip_cyclic_timer  timeouts.o
    0x0800b42c   0x00000004   Code   RO         3922    i.lwip_htonl        def.o
    0x0800b430   0x00000004   Code   RO         3923    i.lwip_htons        def.o
    0x0800b434   0x0000001e   Code   RO         4063    i.lwip_init         init.o
    0x0800b452   0x00000016   Code   RO           15    i.main              main.o
    0x0800b468   0x0000006c   Code   RO         8345    i.malloc            mc_w.l(malloc.o)
    0x0800b4d4   0x00000304   Code   RO         4179    i.mem_free          mem.o
    0x0800b7d8   0x00000038   Code   RO         4180    i.mem_init          mem.o
    0x0800b810   0x00000248   Code   RO         4181    i.mem_malloc        mem.o
    0x0800ba58   0x000001d8   Code   RO         4182    i.mem_trim          mem.o
    0x0800bc30   0x000000c8   Code   RO         4237    i.memp_free         memp.o
    0x0800bcf8   0x000000d4   Code   RO         4238    i.memp_free_pool    memp.o
    0x0800bdcc   0x00000048   Code   RO         4239    i.memp_init         memp.o
    0x0800be14   0x000000c8   Code   RO         4241    i.memp_malloc       memp.o
    0x0800bedc   0x000000d0   Code   RO         4242    i.memp_malloc_pool  memp.o
    0x0800bfac   0x00000260   Code   RO         4361    i.netif_add         netif.o
    0x0800c20c   0x000000d0   Code   RO         4363    i.netif_do_set_ipaddr  netif.o
    0x0800c2dc   0x00000028   Code   RO         4365    i.netif_get_by_index  netif.o
    0x0800c304   0x00000002   Code   RO         4367    i.netif_init        netif.o
    0x0800c306   0x00000006   Code   RO         4370    i.netif_null_output_ip4  netif.o
    0x0800c30c   0x00000078   Code   RO         4372    i.netif_set_addr    netif.o
    0x0800c384   0x0000000c   Code   RO         4373    i.netif_set_default  netif.o
    0x0800c390   0x000000ac   Code   RO         4374    i.netif_set_down    netif.o
    0x0800c43c   0x00000008   Code   RO         4377    i.netif_set_link_callback  netif.o
    0x0800c444   0x000000b0   Code   RO         4378    i.netif_set_link_down  netif.o
    0x0800c4f4   0x000000e8   Code   RO         4379    i.netif_set_link_up  netif.o
    0x0800c5dc   0x000000bc   Code   RO         4381    i.netif_set_up      netif.o
    0x0800c698   0x00000006   Code   RO         4525    i.pbuf_add_header   pbuf.o
    0x0800c69e   0x00000002   PAD
    0x0800c6a0   0x00000074   Code   RO         4527    i.pbuf_add_header_impl  pbuf.o
    0x0800c714   0x00000208   Code   RO         4528    i.pbuf_alloc        pbuf.o
    0x0800c91c   0x000000ac   Code   RO         4529    i.pbuf_alloc_reference  pbuf.o
    0x0800c9c8   0x00000042   Code   RO         4530    i.pbuf_alloced_custom  pbuf.o
    0x0800ca0a   0x00000002   PAD
    0x0800ca0c   0x000000ec   Code   RO         4531    i.pbuf_cat          pbuf.o
    0x0800caf8   0x00000038   Code   RO         4532    i.pbuf_chain        pbuf.o
    0x0800cb30   0x00000012   Code   RO         4533    i.pbuf_clen         pbuf.o
    0x0800cb42   0x00000002   PAD
    0x0800cb44   0x00000048   Code   RO         4534    i.pbuf_clone        pbuf.o
    0x0800cb8c   0x000001fc   Code   RO         4536    i.pbuf_copy         pbuf.o
    0x0800cd88   0x000000d8   Code   RO         4537    i.pbuf_copy_partial  pbuf.o
    0x0800ce60   0x0000015c   Code   RO         4539    i.pbuf_free         pbuf.o
    0x0800cfbc   0x00000028   Code   RO         4541    i.pbuf_free_ooseq   pbuf.o
    0x0800cfe4   0x00000010   Code   RO         4545    i.pbuf_header_force  pbuf.o
    0x0800cff4   0x0000013c   Code   RO         4549    i.pbuf_realloc      pbuf.o
    0x0800d130   0x0000003c   Code   RO         4550    i.pbuf_ref          pbuf.o
    0x0800d16c   0x0000008c   Code   RO         4551    i.pbuf_remove_header  pbuf.o
    0x0800d1f8   0x00000140   Code   RO         4554    i.pbuf_take         pbuf.o
    0x0800d338   0x00000018   Code   RO         7614    i.prveMBError2Exception  mbutils.o
    0x0800d350   0x00000080   Code   RO         7928    i.prvvMBPortReleaseClient  porttcp.o
    0x0800d3d0   0x00000054   Code   RO         7929    i.prvvMBTCPPortError  porttcp.o
    0x0800d424   0x00000098   Code   RO         7930    i.prvxMBTCPPortAccept  porttcp.o
    0x0800d4bc   0x000000d0   Code   RO         7931    i.prvxMBTCPPortReceive  porttcp.o
    0x0800d58c   0x000000e0   Code   RO         6696    i.sg_Gpio_CLK_ENABLE  supergpio.o
    0x0800d66c   0x00000054   Code   RO         5274    i.sys_check_timeouts  timeouts.o
    0x0800d6c0   0x00000004   Code   RO         7282    i.sys_now           ethernetif_1.o
    0x0800d6c4   0x000000c4   Code   RO         5276    i.sys_timeout       timeouts.o
    0x0800d788   0x000000a8   Code   RO         5277    i.sys_timeout_abs   timeouts.o
    0x0800d830   0x00000050   Code   RO         5278    i.sys_timeouts_init  timeouts.o
    0x0800d880   0x00000244   Code   RO         4798    i.tcp_abandon       tcp.o
    0x0800dac4   0x00000006   Code   RO         4799    i.tcp_abort         tcp.o
    0x0800daca   0x00000010   Code   RO         4800    i.tcp_accept        tcp.o
    0x0800dada   0x00000002   PAD
    0x0800dadc   0x0000009c   Code   RO         4801    i.tcp_accept_null   tcp.o
    0x0800db78   0x00000208   Code   RO         4802    i.tcp_alloc         tcp.o
    0x0800dd80   0x00000008   Code   RO         4803    i.tcp_arg           tcp.o
    0x0800dd88   0x000001a8   Code   RO         4804    i.tcp_bind          tcp.o
    0x0800df30   0x00000050   Code   RO         4806    i.tcp_close         tcp.o
    0x0800df80   0x000002e0   Code   RO         4807    i.tcp_close_shutdown  tcp.o
    0x0800e260   0x0000007c   Code   RO         4808    i.tcp_close_shutdown_fin  tcp.o
    0x0800e2dc   0x00000180   Code   RO         5146    i.tcp_create_segment  tcp_out.o
    0x0800e45c   0x000000e0   Code   RO         7357    i.tcp_echoserver_accept  tcp_server.o
    0x0800e53c   0x0000000a   Code   RO         7359    i.tcp_echoserver_error  tcp_server.o
    0x0800e546   0x0000005c   Code   RO         7360    i.tcp_echoserver_poll  tcp_server.o
    0x0800e5a2   0x00000002   PAD
    0x0800e5a4   0x0000012c   Code   RO         7361    i.tcp_echoserver_recv  tcp_server.o
    0x0800e6d0   0x00000068   Code   RO         4811    i.tcp_eff_send_mss_netif  tcp.o
    0x0800e738   0x0000024c   Code   RO         5147    i.tcp_enqueue_flags  tcp_out.o
    0x0800e984   0x000000a8   Code   RO         4812    i.tcp_err           tcp.o
    0x0800ea2c   0x00000158   Code   RO         4813    i.tcp_fasttmr       tcp.o
    0x0800eb84   0x00000090   Code   RO         4814    i.tcp_free          tcp.o
    0x0800ec14   0x000000ec   Code   RO         5082    i.tcp_free_acked_segments  tcp_in.o
    0x0800ed00   0x0000002c   Code   RO         4815    i.tcp_free_ooseq    tcp.o
    0x0800ed2c   0x00000018   Code   RO         4816    i.tcp_init          tcp.o
    0x0800ed44   0x000008f0   Code   RO         5083    i.tcp_input         tcp_in.o
    0x0800f634   0x000000b8   Code   RO         5148    i.tcp_keepalive     tcp_out.o
    0x0800f6ec   0x00000006   Code   RO         4817    i.tcp_listen_with_backlog  tcp.o
    0x0800f6f2   0x00000002   PAD
    0x0800f6f4   0x0000014c   Code   RO         4818    i.tcp_listen_with_backlog_and_err  tcp.o
    0x0800f840   0x000000dc   Code   RO         4819    i.tcp_netif_ip_addr_changed  tcp.o
    0x0800f91c   0x00000006   Code   RO         4820    i.tcp_new           tcp.o
    0x0800f922   0x00000002   PAD
    0x0800f924   0x00000048   Code   RO         4822    i.tcp_next_iss      tcp.o
    0x0800f96c   0x000004dc   Code   RO         5149    i.tcp_output        tcp_out.o
    0x0800fe48   0x000000e0   Code   RO         5150    i.tcp_output_alloc_header  tcp_out.o
    0x0800ff28   0x0000009c   Code   RO         5151    i.tcp_output_control_segment  tcp_out.o
    0x0800ffc4   0x00000188   Code   RO         5084    i.tcp_parseopt      tcp_in.o
    0x0801014c   0x000000d8   Code   RO         5152    i.tcp_pbuf_prealloc  tcp_out.o
    0x08010224   0x00000118   Code   RO         4823    i.tcp_pcb_purge     tcp.o
    0x0801033c   0x00000190   Code   RO         4824    i.tcp_pcb_remove    tcp.o
    0x080104cc   0x000000cc   Code   RO         4825    i.tcp_poll          tcp.o
    0x08010598   0x00000536   Code   RO         5085    i.tcp_process       tcp_in.o
    0x08010ace   0x00000002   PAD
    0x08010ad0   0x000000d4   Code   RO         4826    i.tcp_process_refused_data  tcp.o
    0x08010ba4   0x00000ae0   Code   RO         5086    i.tcp_receive       tcp_in.o
    0x08011684   0x000000a8   Code   RO         4827    i.tcp_recv          tcp.o
    0x0801172c   0x00000070   Code   RO         4828    i.tcp_recv_null     tcp.o
    0x0801179c   0x000000f8   Code   RO         4829    i.tcp_recved        tcp.o
    0x08011894   0x00000098   Code   RO         5153    i.tcp_rexmit        tcp_out.o
    0x0801192c   0x000000f0   Code   RO         5154    i.tcp_rexmit_fast   tcp_out.o
    0x08011a1c   0x000000cc   Code   RO         5155    i.tcp_rexmit_rto    tcp_out.o
    0x08011ae8   0x00000058   Code   RO         5156    i.tcp_rexmit_rto_commit  tcp_out.o
    0x08011b40   0x000000d8   Code   RO         5157    i.tcp_rexmit_rto_prepare  tcp_out.o
    0x08011c18   0x00000184   Code   RO         5158    i.tcp_rst           tcp_out.o
    0x08011d9c   0x000000ac   Code   RO         4830    i.tcp_seg_copy      tcp.o
    0x08011e48   0x00000020   Code   RO         4831    i.tcp_seg_free      tcp.o
    0x08011e68   0x00000026   Code   RO         4832    i.tcp_segs_free     tcp.o
    0x08011e8e   0x00000002   PAD
    0x08011e90   0x0000007c   Code   RO         5159    i.tcp_send_empty_ack  tcp_out.o
    0x08011f0c   0x000000d0   Code   RO         5160    i.tcp_send_fin      tcp_out.o
    0x08011fdc   0x000000a8   Code   RO         4833    i.tcp_sent          tcp.o
    0x08012084   0x0000008c   Code   RO         4834    i.tcp_setprio       tcp.o
    0x08012110   0x0000067c   Code   RO         4836    i.tcp_slowtmr       tcp.o
    0x0801278c   0x0000023c   Code   RO         5161    i.tcp_split_unsent_seg  tcp_out.o
    0x080129c8   0x00000044   Code   RO         5281    i.tcp_timer_needed  timeouts.o
    0x08012a0c   0x00000024   Code   RO         4838    i.tcp_tmr           tcp.o
    0x08012a30   0x00000010   Code   RO         5087    i.tcp_trigger_input_pcb_close  tcp_in.o
    0x08012a40   0x000000ac   Code   RO         4840    i.tcp_update_rcv_ann_wnd  tcp.o
    0x08012aec   0x00000884   Code   RO         5162    i.tcp_write         tcp_out.o
    0x08013370   0x0000013c   Code   RO         5163    i.tcp_zero_window_probe  tcp_out.o
    0x080134ac   0x00000040   Code   RO         5282    i.tcpip_tcp_timer   timeouts.o
    0x080134ec   0x00000150   Code   RO         5362    i.udp_bind          udp.o
    0x0801363c   0x0000010c   Code   RO         5364    i.udp_connect       udp.o
    0x08013748   0x00000018   Code   RO         5366    i.udp_init          udp.o
    0x08013760   0x000002fc   Code   RO         5367    i.udp_input         udp.o
    0x08013a5c   0x00000038   Code   RO         5368    i.udp_netif_ip_addr_changed  udp.o
    0x08013a94   0x00000026   Code   RO         5369    i.udp_new           udp.o
    0x08013aba   0x00000002   PAD
    0x08013abc   0x00000088   Code   RO         5371    i.udp_recv          udp.o
    0x08013b44   0x000000b0   Code   RO         5372    i.udp_remove        udp.o
    0x08013bf4   0x00000124   Code   RO         5375    i.udp_sendto_if     udp.o
    0x08013d18   0x00000294   Code   RO         5376    i.udp_sendto_if_src  udp.o
    0x08013fac   0x00000030   Code   RO         7881    i.vMBPortLog        portother.o
    0x08013fdc   0x0000000c   Code   RO         7933    i.vMBTCPPortDisable  porttcp.o
    0x08013fe8   0x00000020   Code   RO         7842    i.xMBPortEventGet   portevent.o
    0x08014008   0x00000010   Code   RO         7843    i.xMBPortEventInit  portevent.o
    0x08014018   0x00000010   Code   RO         7844    i.xMBPortEventPost  portevent.o
    0x08014028   0x0000001c   Code   RO         7934    i.xMBTCPPortGetRequest  porttcp.o
    0x08014044   0x00000080   Code   RO         7935    i.xMBTCPPortInit    porttcp.o
    0x080140c4   0x00000030   Code   RO         7936    i.xMBTCPPortSendResponse  porttcp.o
    0x080140f4   0x00000008   Data   RO         1024    .constdata          stm32f4xx_hal_dma.o
    0x080140fc   0x00000010   Data   RO         2969    .constdata          system_stm32f4xx.o
    0x0801410c   0x00000008   Data   RO         2970    .constdata          system_stm32f4xx.o
    0x08014114   0x00000006   Data   RO         3547    .constdata          ethernet.o
    0x0801411a   0x00000006   Data   RO         3548    .constdata          ethernet.o
    0x08014120   0x0000000c   Data   RO         4252    .constdata          memp.o
    0x0801412c   0x0000000c   Data   RO         4253    .constdata          memp.o
    0x08014138   0x0000000c   Data   RO         4254    .constdata          memp.o
    0x08014144   0x0000000c   Data   RO         4255    .constdata          memp.o
    0x08014150   0x0000000c   Data   RO         4256    .constdata          memp.o
    0x0801415c   0x0000000c   Data   RO         4257    .constdata          memp.o
    0x08014168   0x0000000c   Data   RO         4258    .constdata          memp.o
    0x08014174   0x0000000c   Data   RO         4259    .constdata          memp.o
    0x08014180   0x0000000c   Data   RO         4260    .constdata          memp.o
    0x0801418c   0x00000024   Data   RO         4261    .constdata          memp.o
    0x080141b0   0x00000054   Data   RO         4841    .constdata          tcp.o
    0x08014204   0x00000028   Data   RO         5283    .constdata          timeouts.o
    0x0801422c   0x00000004   Data   RO         5854    .constdata          ip4_addr.o
    0x08014230   0x00000004   Data   RO         5855    .constdata          ip4_addr.o
    0x08014234   0x00000075   Data   RO         4842    .conststring        tcp.o
    0x080142a9   0x00000003   PAD
    0x080142ac   0x00000055   Data   RO         5164    .conststring        tcp_out.o
    0x08014301   0x00000003   PAD
    0x08014304   0x00000042   Data   RO         5521    .conststring        dhcp.o
    0x08014346   0x00000002   PAD
    0x08014348   0x00000041   Data   RO         5662    .conststring        etharp.o
    0x08014389   0x00000003   PAD
    0x0801438c   0x0000001e   Data   RO         7883    .conststring        portother.o
    0x080143aa   0x00000002   PAD
    0x080143ac   0x00000020   Data   RO         8441    Region$$Table       anon$$obj.o


    Execution Region RW_IRAM1 (Base: 0x20000000, Size: 0x00008a30, Max: 0x0001c000, ABSOLUTE, COMPRESSED[0x000000f4])

    Base Addr    Size         Type   Attr      Idx    E Section Name        Object

    0x20000000   0x0000000c   Data   RW         1434    .data               stm32f4xx_hal.o
    0x2000000c   0x00000004   Data   RW         2971    .data               system_stm32f4xx.o
    0x20000010   0x0000000c   Data   RW         4184    .data               mem.o
    0x2000001c   0x00000004   Data   RW         4262    .data               memp.o
    0x20000020   0x00000004   Data   RW         4263    .data               memp.o
    0x20000024   0x00000004   Data   RW         4264    .data               memp.o
    0x20000028   0x00000004   Data   RW         4265    .data               memp.o
    0x2000002c   0x00000004   Data   RW         4266    .data               memp.o
    0x20000030   0x00000004   Data   RW         4267    .data               memp.o
    0x20000034   0x00000004   Data   RW         4268    .data               memp.o
    0x20000038   0x00000004   Data   RW         4269    .data               memp.o
    0x2000003c   0x00000004   Data   RW         4270    .data               memp.o
    0x20000040   0x0000000c   Data   RW         4382    .data               netif.o
    0x2000004c   0x00000001   Data   RW         4557    .data               pbuf.o
    0x2000004d   0x00000003   PAD
    0x20000050   0x00000020   Data   RW         4843    .data               tcp.o
    0x20000070   0x00000024   Data   RW         5089    .data               tcp_in.o
    0x20000094   0x0000000c   Data   RW         5285    .data               timeouts.o
    0x200000a0   0x00000008   Data   RW         5377    .data               udp.o
    0x200000a8   0x00000014   Data   RW         5522    .data               dhcp.o
    0x200000bc   0x00000001   Data   RW         5663    .data               etharp.o
    0x200000bd   0x00000001   PAD
    0x200000be   0x00000002   Data   RW         5804    .data               ip4.o
    0x200000c0   0x00000008   Data   RW         5918    .data               ip4_frag.o
    0x200000c8   0x00000014   Data   RW         6351    .data               manager_gpio.o
    0x200000dc   0x00000002   Data   RW         6402    .data               manager_timer.o
    0x200000de   0x00000002   PAD
    0x200000e0   0x00000014   Data   RW         6550    .data               manager_motor.o
    0x200000f4   0x00000002   Data   RW         6628    .data               manager_sharing.o
    0x200000f6   0x00000002   PAD
    0x200000f8   0x000001e4   Data   RW         6699    .data               supergpio.o
    0x200002dc   0x00000018   Data   RW         6917    .data               bsp_stepmotor.o
    0x200002f4   0x00000010   Data   RW         7015    .data               supertimer.o
    0x20000304   0x0000000c   Data   RW         7190    .data               app_ethernet.o
    0x20000310   0x00000010   Data   RW         7367    .data               tcp_server.o
    0x20000320   0x00000002   Data   RW         7584    .data               mbfuncother.o
    0x20000322   0x00000002   PAD
    0x20000324   0x000000a0   Data   RW         7707    .data               mb.o
    0x200003c4   0x00000198   Data   RW         7780    .data               modbuscb.o
    0x2000055c   0x00000002   Data   RW         7845    .data               portevent.o
    0x2000055e   0x00000002   PAD
    0x20000560   0x00000010   Data   RW         7884    .data               portother.o
    0x20000570   0x0000000c   Data   RW         7939    .data               porttcp.o
    0x2000057c   0x00000004   Data   RW         8065    .data               mc_w.l(rand.o)
    0x20000580   0x00000004   Data   RW         8400    .data               mc_w.l(stdout.o)
    0x20000584   0x00000004   Data   RW         8407    .data               mc_w.l(mvars.o)
    0x20000588   0x00000004   Data   RW         8408    .data               mc_w.l(mvars.o)
    0x2000058c   0x00000004   Data   RW         8412    .data               mc_w.l(errno.o)
    0x20000590   0x00000018   Zero   RW         4147    .bss                ip.o
    0x200005a8   0x00000653   Zero   RW         4183    .bss                mem.o
    0x20000bfb   0x00000083   Zero   RW         4243    .bss                memp.o
    0x20000c7e   0x0000030f   Zero   RW         4244    .bss                memp.o
    0x20000f8d   0x000000e3   Zero   RW         4245    .bss                memp.o
    0x20001070   0x00000103   Zero   RW         4246    .bss                memp.o
    0x20001173   0x000000a3   Zero   RW         4247    .bss                memp.o
    0x20001216   0x0000016b   Zero   RW         4248    .bss                memp.o
    0x20001381   0x00000053   Zero   RW         4249    .bss                memp.o
    0x200013d4   0x00000103   Zero   RW         4250    .bss                memp.o
    0x200014d7   0x00002603   Zero   RW         4251    .bss                memp.o
    0x20003ada   0x00000002   PAD
    0x20003adc   0x00000010   Zero   RW         5088    .bss                tcp_in.o
    0x20003aec   0x00000020   Zero   RW         5520    .bss                dhcp.o
    0x20003b0c   0x000000f0   Zero   RW         5661    .bss                etharp.o
    0x20003bfc   0x00000010   Zero   RW         5853    .bss                ip4_addr.o
    0x20003c0c   0x00000064   Zero   RW         6459    .bss                manager_usart.o
    0x20003c70   0x00000038   Zero   RW         6503    .bss                manger_ethernet.o
    0x20003ca8   0x00000020   Zero   RW         6549    .bss                manager_motor.o
    0x20003cc8   0x00000146   Zero   RW         6627    .bss                manager_sharing.o
    0x20003e0e   0x00000002   PAD
    0x20003e10   0x00000f48   Zero   RW         6786    .bss                superusart.o
    0x20004d58   0x00000064   Zero   RW         6916    .bss                bsp_stepmotor.o
    0x20004dbc   0x000001b0   Zero   RW         7014    .bss                supertimer.o
    0x20004f6c   0x0000000c   Zero   RW         7147    .bss                bsp_iwdg.o
    0x20004f78   0x00000012   Zero   RW         7189    .bss                app_ethernet.o
    0x20004f8a   0x00000002   PAD
    0x20004f8c   0x000030e8   Zero   RW         7283    .bss                ethernetif_1.o
    0x20008074   0x000000ff   Zero   RW         7363    .bss                tcp_server.o
    0x20008173   0x00000020   Zero   RW         7583    .bss                mbfuncother.o
    0x20008193   0x00000001   PAD
    0x20008194   0x00000190   Zero   RW         7779    .bss                modbuscb.o
    0x20008324   0x00000107   Zero   RW         7938    .bss                porttcp.o
    0x2000842b   0x00000005   PAD
    0x20008430   0x00000200   Zero   RW            2    HEAP                startup_stm32f407xx.o
    0x20008630   0x00000400   Zero   RW            1    STACK               startup_stm32f407xx.o


    Execution Region RW_IRAM2 (Base: 0x2001c000, Size: 0x00000000, Max: 0x00004000, ABSOLUTE)

    **** No section assigned to this execution region ****


==============================================================================

Image component sizes


      Code (inc. data)   RO Data    RW Data    ZI Data      Debug   Object Name

      1088        380          0         12         18      11746   app_ethernet.o
         0          0          0          0          0       2156   auth.o
         0          0          0          0          0        352   bridgeif_fdb.o
        52         14          0          0         12       1170   bsp_iwdg.o
      1880        172          0         24        100      11307   bsp_stepmotor.o
         8          0          0          0          0       1058   def.o
      7186       1532         66         20         32      30148   dhcp.o
      3152       1026         65          1        240      12315   etharp.o
       428        154         12          0          0       8891   ethernet.o
      1388        256          0          0      12520       7211   ethernetif_1.o
       932        356          0          0          0       4346   icmp.o
        30          0          0          0          0       3120   init.o
         0          0          0          0         24       7893   ip.o
      1008        182          0          2          0       5624   ip4.o
       224         10          8          0         16      10034   ip4_addr.o
      3020        966          0          8          0      10218   ip4_frag.o
       182          8          0          0          0     759304   main.o
       148         60          0          0          0       1529   manager.o
       666         22          0         20          0       2973   manager_gpio.o
       548         90          0         20         32       4162   manager_motor.o
       272         20          0          2        326       7542   manager_sharing.o
        82         18          0          2          0       2173   manager_timer.o
       182         36          0          0        100       2210   manager_usart.o
        58          4          0          0         56       1769   manger_ethernet.o
       316         42          0        160          0       4815   mb.o
       306          0          0          0          0       3654   mbfunccoils.o
       116          0          0          0          0       1492   mbfuncdisc.o
       392          0          0          0          0       5035   mbfuncholding.o
        98          0          0          0          0       1471   mbfuncinput.o
        36         10          0          2         32       1263   mbfuncother.o
       118          0          0          0          0       3427   mbtcp.o
        24          0          0          0          0        624   mbutils.o
      1884        884          0         12       1619       6765   mem.o
       892        552        144         36      11999      11629   memp.o
       704         36          0        408        400       5732   modbuscb.o
      1772        814          0         12          0      14775   netif.o
      3226       1342          0          1          0      28890   pbuf.o
        64         16          0          2          0       2068   portevent.o
        48         16         30         16          0       1653   portother.o
       788        312          0         12        263       6059   porttcp.o
        36          8        392          0       1536        812   startup_stm32f407xx.o
       184         30          0         12          0       9229   stm32f4xx_hal.o
       210         16          0          0          0      33395   stm32f4xx_hal_cortex.o
      1172         20          8          0          0       5706   stm32f4xx_hal_dma.o
      2584         70          0          0          0      11936   stm32f4xx_hal_eth.o
       556         22          0          0          0       3258   stm32f4xx_hal_gpio.o
       114          0          0          0          0       1851   stm32f4xx_hal_iwdg.o
        56         10          0          0          0        822   stm32f4xx_hal_msp.o
      1632        120          0          0          0       6413   stm32f4xx_hal_rcc.o
      2672         46          0          0          0      15890   stm32f4xx_hal_tim.o
       236          0          0          0          0       3125   stm32f4xx_hal_tim_ex.o
      2722         34          0          0          0      17847   stm32f4xx_hal_uart.o
        20          0          0          0          0       3974   stm32f4xx_it.o
       562         26          0        484          0       5061   supergpio.o
      1252        124          0         16        432       8865   supertimer.o
      1966        274          0          0       3912      12964   superusart.o
        16          4         24          4          0       1063   system_stm32f4xx.o
      8156       3116        201         32          0      48360   tcp.o
      7050       1434          0         36         16      21031   tcp_in.o
      7684       2930         85          0          0      32496   tcp_out.o
      1270        412          0         16        255      10439   tcp_server.o
       724        286         40         12          0       7070   timeouts.o
      2750       1282          0          8          0      11926   udp.o

    ----------------------------------------------------------------------
     77012      19594       1120       1404      33952    1282136   Object Totals
         0          0         32          0          0          0   (incl. Generated)
        70          0         13         12         12          0   (incl. Padding)

    ----------------------------------------------------------------------

      Code (inc. data)   RO Data    RW Data    ZI Data      Debug   Library Member Name

       122          0          0          0          0        148   sqrt.o
        86          0          0          0          0          0   __dczerorl2.o
         0          0          0          0          0          0   entry.o
         0          0          0          0          0          0   entry10a.o
         0          0          0          0          0          0   entry11a.o
         8          4          0          0          0          0   entry2.o
         4          0          0          0          0          0   entry5.o
         0          0          0          0          0          0   entry7b.o
         0          0          0          0          0          0   entry8b.o
         8          4          0          0          0          0   entry9a.o
        12          6          0          4          0         68   errno.o
        30          0          0          0          0          0   handlers.o
        36          8          0          0          0         68   init.o
         0          0          0          0          0          0   iusefp.o
        30          0          0          0          0         68   llshl.o
        36          0          0          0          0         68   llsshr.o
        32          0          0          0          0         68   llushr.o
       188         20          0          0          0        160   malloc.o
        26          0          0          0          0         80   memcmp.o
        64          0          0          0          0         76   memmovea.o
        36          0          0          0          0        108   memseta.o
         0          0          0          8          0          0   mvars.o
      2324        104          0          0          0        672   printfa.o
        36         10          0          4          0        136   rand.o
         0          0          0          4          0          0   stdout.o
        14          0          0          0          0         68   strlen.o
        44          0          0          0          0         80   uidiv.o
        98          0          0          0          0         92   uldiv.o
        48          0          0          0          0         68   cdrcmple.o
        56          0          0          0          0         88   d2f.o
       334          0          0          0          0        148   dadd.o
       222          0          0          0          0        100   ddiv.o
       186          0          0          0          0        176   depilogue.o
        62          0          0          0          0         80   dfixi.o
        48          0          0          0          0         68   dfixul.o
        26          0          0          0          0         76   dfltui.o
       228          0          0          0          0         96   dmul.o
       162          0          0          0          0        100   dsqrt.o
        38          0          0          0          0         68   f2d.o
       110          0          0          0          0        168   fepilogue.o

    ----------------------------------------------------------------------
      4760        156          0         20          0       3196   Library Totals
         6          0          0          0          0          0   (incl. Padding)

    ----------------------------------------------------------------------

      Code (inc. data)   RO Data    RW Data    ZI Data      Debug   Library Name

       122          0          0          0          0        148   m_wm.l
      3112        156          0         20          0       1812   mc_w.l
      1520          0          0          0          0       1236   mf_w.l

    ----------------------------------------------------------------------
      4760        156          0         20          0       3196   Library Totals

    ----------------------------------------------------------------------

==============================================================================


      Code (inc. data)   RO Data    RW Data    ZI Data      Debug   

     81772      19750       1120       1424      33952    1246652   Grand Totals
     81772      19750       1120        244      33952    1246652   ELF Image Totals (compressed)
     81772      19750       1120        244          0          0   ROM Totals

==============================================================================

    Total RO  Size (Code + RO Data)                82892 (  80.95kB)
    Total RW  Size (RW Data + ZI Data)             35376 (  34.55kB)
    Total ROM Size (Code + RO Data + RW Data)      83136 (  81.19kB)

==============================================================================

