<html>
<body>
<pre>
<h1>µVision Build Log</h1>
<h2>Tool Versions:</h2>
IDE-Version: ¦ÌVision V5.23.0.0
Copyright (C) 2017 ARM Ltd and ARM Germany GmbH. All rights reserved.
License Information: 123 wujinzhan, 123, LIC=4ZLZX-H8PRP-QI25M-X6SPM-QE6BA-ZRHDT
 
Tool Versions:
Toolchain:       MDK-ARM Professional  Version: 5.23
Toolchain Path:  D:\Keil5\ARM\ARMCC\Bin
C Compiler:      Armcc.exe V5.06 update 4 (build 422)
Assembler:       Armasm.exe V5.06 update 4 (build 422)
Linker/Locator:  ArmLink.exe V5.06 update 4 (build 422)
Library Manager: ArmAr.exe V5.06 update 4 (build 422)
Hex Converter:   FromElf.exe V5.06 update 4 (build 422)
CPU DLL:         
Dialog DLL:      DCM.DLL V1.15.0.0
Target DLL:      CMSIS_AGDI.dll V1.27.5.0
Dialog DLL:      TCM.DLL V1.27.0.0
 
<h2>Project:</h2>
E:\Runcode\OCV_1.0\MDK-ARM\OCV_1.0.uvprojx
Project File Date:  11/18/2022

<h2>Output:</h2>
*** Using Compiler 'V5.06 update 4 (build 422)', folder: 'D:\Keil5\ARM\ARMCC\Bin'
Build target 'OCV_1.0'
compiling lwip.c...
compiling tcp_Server.c...
compiling Manager.c...
compiling Manager_GPIO.c...
compiling Manager_Motor.c...
compiling Manager_Sharing.c...
compiling freertos.c...
../Core/Src/freertos.c(36): warning:  #1295-D: Deprecated declaration transfer_data - give arg types
  extern int transfer_data();
../Core/Src/freertos.c: 1 warning, 0 errors
compiling Manager_Timer.c...
compiling Manager_Usart.c...
compiling main.c...
linking...
Program Size: Code=81580 RO-data=1800 RW-data=2372 ZI-data=93492  
FromELF: creating hex file...
"OCV_1.0\OCV_1.0" - 0 Error(s), 1 Warning(s).

<h2>Collection of Component include folders:</h2>
  .\RTE\_OCV_1.0
  D:\Keil5\ARM\PACK\Keil\STM32F4xx_DFP\2.13.0\Drivers\CMSIS\Device\ST\STM32F4xx\Include

<h2>Collection of Component Files used:</h2>
Build Time Elapsed:  00:00:10
</pre>
</body>
</html>
