Component: ARM Compiler 5.06 update 4 (build 422) Tool: armlink [4d35d2]

==============================================================================

Section Cross References

    startup_stm32f407xx.o(RESET) refers to startup_stm32f407xx.o(STACK) for __initial_sp
    startup_stm32f407xx.o(RESET) refers to startup_stm32f407xx.o(.text) for Reset_Handler
    startup_stm32f407xx.o(RESET) refers to stm32f4xx_it.o(i.NMI_Handler) for NMI_Handler
    startup_stm32f407xx.o(RESET) refers to stm32f4xx_it.o(i.HardFault_Handler) for HardFault_Handler
    startup_stm32f407xx.o(RESET) refers to stm32f4xx_it.o(i.MemManage_Handler) for MemManage_Handler
    startup_stm32f407xx.o(RESET) refers to stm32f4xx_it.o(i.BusFault_Handler) for BusFault_Handler
    startup_stm32f407xx.o(RESET) refers to stm32f4xx_it.o(i.UsageFault_Handler) for UsageFault_Handler
    startup_stm32f407xx.o(RESET) refers to port.o(.emb_text) for SVC_Handler
    startup_stm32f407xx.o(RESET) refers to stm32f4xx_it.o(i.DebugMon_Handler) for DebugMon_Handler
    startup_stm32f407xx.o(RESET) refers to cmsis_os2.o(i.SysTick_Handler) for SysTick_Handler
    startup_stm32f407xx.o(RESET) refers to supergpio.o(i.EXTI0_IRQHandler) for EXTI0_IRQHandler
    startup_stm32f407xx.o(RESET) refers to superusart.o(i.DMA1_Stream0_IRQHandler) for DMA1_Stream0_IRQHandler
    startup_stm32f407xx.o(RESET) refers to supertimer.o(i.TIM1_UP_TIM10_IRQHandler) for TIM1_UP_TIM10_IRQHandler
    startup_stm32f407xx.o(RESET) refers to supertimer.o(i.TIM2_IRQHandler) for TIM2_IRQHandler
    startup_stm32f407xx.o(RESET) refers to supertimer.o(i.TIM3_IRQHandler) for TIM3_IRQHandler
    startup_stm32f407xx.o(RESET) refers to supertimer.o(i.TIM4_IRQHandler) for TIM4_IRQHandler
    startup_stm32f407xx.o(RESET) refers to superusart.o(i.USART1_IRQHandler) for USART1_IRQHandler
    startup_stm32f407xx.o(RESET) refers to superusart.o(i.USART3_IRQHandler) for USART3_IRQHandler
    startup_stm32f407xx.o(RESET) refers to bsp_stepmotor.o(i.TIM8_CC_IRQHandler) for TIM8_CC_IRQHandler
    startup_stm32f407xx.o(RESET) refers to superusart.o(i.DMA1_Stream7_IRQHandler) for DMA1_Stream7_IRQHandler
    startup_stm32f407xx.o(RESET) refers to superusart.o(i.UART5_IRQHandler) for UART5_IRQHandler
    startup_stm32f407xx.o(RESET) refers to supertimer.o(i.TIM7_IRQHandler) for TIM7_IRQHandler
    startup_stm32f407xx.o(RESET) refers to superusart.o(i.DMA2_Stream2_IRQHandler) for DMA2_Stream2_IRQHandler
    startup_stm32f407xx.o(RESET) refers to stm32f4xx_it.o(i.ETH_IRQHandler) for ETH_IRQHandler
    startup_stm32f407xx.o(RESET) refers to superusart.o(i.DMA2_Stream7_IRQHandler) for DMA2_Stream7_IRQHandler
    startup_stm32f407xx.o(.text) refers to system_stm32f4xx.o(i.SystemInit) for SystemInit
    startup_stm32f407xx.o(.text) refers to entry.o(.ARM.Collect$$$$00000000) for __main
    main.o(i.SystemClock_Config) refers to memseta.o(.text) for __aeabi_memclr4
    main.o(i.SystemClock_Config) refers to stm32f4xx_hal_rcc.o(i.HAL_RCC_OscConfig) for HAL_RCC_OscConfig
    main.o(i.SystemClock_Config) refers to stm32f4xx_hal_rcc.o(i.HAL_RCC_ClockConfig) for HAL_RCC_ClockConfig
    main.o(i.main) refers to stm32f4xx_hal.o(i.HAL_Init) for HAL_Init
    main.o(i.main) refers to main.o(i.SystemClock_Config) for SystemClock_Config
    main.o(i.main) refers to manager.o(i.Manager_Init) for Manager_Init
    main.o(i.main) refers to cmsis_os2.o(i.osKernelInitialize) for osKernelInitialize
    main.o(i.main) refers to freertos.o(i.MX_FREERTOS_Init) for MX_FREERTOS_Init
    main.o(i.main) refers to cmsis_os2.o(i.osKernelStart) for osKernelStart
    freertos.o(i.MX_FREERTOS_Init) refers to stm32f4xx_hal_tim.o(i.HAL_TIM_Base_Start) for HAL_TIM_Base_Start
    freertos.o(i.MX_FREERTOS_Init) refers to mb_m.o(i.eMBMasterInit) for eMBMasterInit
    freertos.o(i.MX_FREERTOS_Init) refers to mb_m.o(i.eMBMasterEnable) for eMBMasterEnable
    freertos.o(i.MX_FREERTOS_Init) refers to cmsis_os2.o(i.osMutexNew) for osMutexNew
    freertos.o(i.MX_FREERTOS_Init) refers to cmsis_os2.o(i.osThreadNew) for osThreadNew
    freertos.o(i.MX_FREERTOS_Init) refers to supertimer.o(.bss) for htim6
    freertos.o(i.MX_FREERTOS_Init) refers to freertos.o(.constdata) for .constdata
    freertos.o(i.MX_FREERTOS_Init) refers to freertos.o(.data) for .data
    freertos.o(i.MX_FREERTOS_Init) refers to freertos.o(i.StartDefaultTask) for StartDefaultTask
    freertos.o(i.MX_FREERTOS_Init) refers to freertos.o(i.StartMainTask) for StartMainTask
    freertos.o(i.MX_FREERTOS_Init) refers to freertos.o(i.StartWriteReadTask) for StartWriteReadTask
    freertos.o(i.MX_FREERTOS_Init) refers to freertos.o(i.StartMasterTask) for StartMasterTask
    freertos.o(i.StartDefaultTask) refers to lwip.o(i.MX_LWIP_Init) for MX_LWIP_Init
    freertos.o(i.StartDefaultTask) refers to tcp_server.o(i.tcp_server_start) for tcp_server_start
    freertos.o(i.StartDefaultTask) refers to tcp_server.o(i.transfer_data) for transfer_data
[...]
    NETMASK_ADDRESS                          0x2000002c   Data           4  lwip.o(.data)
    GATEWAY_ADDRESS                          0x20000030   Data           4  lwip.o(.data)
    link_arg                                 0x20000034   Data           8  lwip.o(.data)
    uwTickFreq                               0x2000003c   Data           1  stm32f4xx_hal.o(.data)
    uwTickPrio                               0x20000040   Data           4  stm32f4xx_hal.o(.data)
    uwTick                                   0x20000044   Data           4  stm32f4xx_hal.o(.data)
    SystemCoreClock                          0x20000048   Data           4  system_stm32f4xx.o(.data)
    pxCurrentTCB                             0x2000004c   Data           4  tasks.o(.data)
    lock_tcpip_core                          0x200000d8   Data           4  tcpip.o(.data)
    netif_list                               0x20000124   Data           4  netif.o(.data)
    netif_default                            0x20000128   Data           4  netif.o(.data)
    pbuf_free_ooseq_pending                  0x2000012c   Data           1  pbuf.o(.data)
    tcp_active_pcbs_changed                  0x20000130   Data           1  tcp.o(.data)
    tcp_ticks                                0x2000013c   Data           4  tcp.o(.data)
    tcp_bound_pcbs                           0x20000140   Data           4  tcp.o(.data)
    tcp_listen_pcbs                          0x20000144   Data           4  tcp.o(.data)
    tcp_active_pcbs                          0x20000148   Data           4  tcp.o(.data)
    tcp_tw_pcbs                              0x2000014c   Data           4  tcp.o(.data)
    tcp_input_pcb                            0x20000170   Data           4  tcp_in.o(.data)
    udp_pcbs                                 0x20000184   Data           4  udp.o(.data)
    lwip_sys_mutex                           0x20000194   Data           4  sys_arch.o(.data)
    errsta                                   0x20000198   Data           1  tcp_server.o(.data)
    tcppcb                                   0x2000019c   Data           4  tcp_server.o(.data)
    DiscreteInputBuf                         0x200001a0   Data          64  tcp_server.o(.data)
    InputRegBuf                              0x200001e0   Data        1024  tcp_server.o(.data)
    Tcpstr                                   0x200005e0   Data          16  tcp_server.o(.data)
    pxMBMasterFrameCBByteReceived            0x20000628   Data           4  mb_m.o(.data)
    pxMBMasterFrameCBTransmitterEmpty        0x2000062c   Data           4  mb_m.o(.data)
    pxMBMasterPortCBTimerExpired             0x20000630   Data           4  mb_m.o(.data)
    usMDiscInStart                           0x200006d8   Data           2  user_mb_app_m.o(.data)
    usMCoilStart                             0x200006da   Data           2  user_mb_app_m.o(.data)
    usMRegInStart                            0x200006dc   Data           2  user_mb_app_m.o(.data)
    usMRegHoldStart                          0x200006de   Data           2  user_mb_app_m.o(.data)
    ret                                      0x200006e0   Data           1  mbappdata.o(.data)
    run_num                                  0x200006e4   Data           1  manager_gpio.o(.data)
    motor_speed                              0x200006e8   Data           4  manager_gpio.o(.data)
    motor_accel                              0x200006ec   Data           4  manager_gpio.o(.data)
    motor_decel                              0x200006f0   Data           4  manager_gpio.o(.data)
    LedTime                                  0x200006f4   Data           4  manager_gpio.o(.data)
    motor_step                               0x200006f8   Data           4  manager_gpio.o(.data)
    entry_count                              0x200006fc   Data           1  manager_motor.o(.data)
    Trigger_run                              0x200006fd   Data           1  manager_motor.o(.data)
    Switch_state                             0x200006fe   Data           1  manager_motor.o(.data)
    switch_num                               0x200006ff   Data           1  manager_motor.o(.data)
    test_num                                 0x20000700   Data           1  manager_motor.o(.data)
    Position_Init                            0x20000704   Data           4  manager_motor.o(.data)
    set_location                             0x20000708   Data           4  manager_motor.o(.data)
    Issue_TarGetLocation                     0x2000070c   Data           4  manager_motor.o(.data)
    timecount                                0x20000712   Data           2  manager_timer.o(.data)
    EXTI_UES                                 0x20000714   Data           4  supergpio.o(.data)
    Timer2_callBack                          0x2000090c   Data           4  supertimer.o(.data)
    Timer3_callBack                          0x20000910   Data           4  supertimer.o(.data)
    Timer4_callBack                          0x20000914   Data           4  supertimer.o(.data)
    Timer6_callBack                          0x20000918   Data           4  supertimer.o(.data)
    Timer7_callBack                          0x2000091c   Data           4  supertimer.o(.data)
    MotionStatus                             0x20000920   Data           1  bsp_stepmotor.o(.data)
    LimPosi                                  0x20000921   Data           1  bsp_stepmotor.o(.data)
    LimNega                                  0x20000922   Data           1  bsp_stepmotor.o(.data)
    DOG                                      0x20000923   Data           1  bsp_stepmotor.o(.data)
    homecapture                              0x20000924   Data           1  bsp_stepmotor.o(.data)
    JOG_State                                0x20000925   Data           1  bsp_stepmotor.o(.data)
    jog_interlock                            0x20000926   Data           1  bsp_stepmotor.o(.data)
    step_position                            0x2000092c   Data           4  bsp_stepmotor.o(.data)
    __stdout                                 0x2000093c   Data           4  stdout.o(.data)
    DMARxDscrTab                             0x20000944   Data         128  ethernetif.o(.bss)
    DMATxDscrTab                             0x200009c4   Data         128  ethernetif.o(.bss)
    Rx_Buff                                  0x20000a44   Data        6096  ethernetif.o(.bss)
    Tx_Buff                                  0x20002214   Data        6096  ethernetif.o(.bss)
    heth                                     0x200039e4   Data          72  ethernetif.o(.bss)
    gnetif                                   0x20003a2c   Data          56  lwip.o(.bss)
    attributes                               0x20003a64   Data          36  lwip.o(.bss)
    xQueueRegistry                           0x20003a88   Data          64  queue.o(.bss)
    ip_data                                  0x2000835c   Data          24  ip.o(.bss)
    ram_heap                                 0x20008374   Data        1619  mem.o(.bss)
    memp_memory_UDP_PCB_base                 0x200089c7   Data         131  memp.o(.bss)
    memp_memory_TCP_PCB_base                 0x20008a4a   Data         783  memp.o(.bss)
    memp_memory_TCP_PCB_LISTEN_base          0x20008d59   Data         227  memp.o(.bss)
    memp_memory_TCP_SEG_base                 0x20008e3c   Data         259  memp.o(.bss)
    memp_memory_REASSDATA_base               0x20008f3f   Data         163  memp.o(.bss)
    memp_memory_FRAG_PBUF_base               0x20008fe2   Data         363  memp.o(.bss)
    memp_memory_NETBUF_base                  0x2000914d   Data          35  memp.o(.bss)
    memp_memory_NETCONN_base                 0x20009170   Data         163  memp.o(.bss)
    memp_memory_TCPIP_MSG_API_base           0x20009213   Data         131  memp.o(.bss)
    memp_memory_TCPIP_MSG_INPKT_base         0x20009296   Data         131  memp.o(.bss)
    memp_memory_SYS_TIMEOUT_base             0x20009319   Data          51  memp.o(.bss)
    memp_memory_PBUF_base                    0x2000934c   Data         259  memp.o(.bss)
    memp_memory_PBUF_POOL_base               0x2000944f   Data        9731  memp.o(.bss)
    TCP_RX_BUF                               0x2000bb64   Data        8192  tcp_server.o(.bss)
    TCP_TX_BUF                               0x2000db64   Data        8192  tcp_server.o(.bss)
    ProcessBuf                               0x2000fb64   Data        1024  tcp_server.o(.bss)
    CoilBuf                                  0x2000ff64   Data          64  tcp_server.o(.bss)
    DB_HoldingBuf                            0x2000ffa4   Data        1024  tcp_server.o(.bss)
    ucMDiscInBuf                             0x200106ca   Data         128  user_mb_app_m.o(.bss)
    ucMCoilBuf                               0x2001074a   Data         128  user_mb_app_m.o(.bss)
    usMRegInBuf                              0x200107ca   Data        3200  user_mb_app_m.o(.bss)
    usMRegHoldBuf                            0x2001144a   Data        3200  user_mb_app_m.o(.bss)
    Mb_CoilBuf                               0x200120ca   Data          20  mbappdata.o(.bss)
    CalibrationBuf                           0x200120e0   Data          32  manager_motor.o(.bss)
    Mb_Tcpbuf                                0x200121c8   Data         126  manager_sharing.o(.bss)
    huart1                                   0x20012284   Data         116  superusart.o(.bss)
    huart3                                   0x200122f8   Data         116  superusart.o(.bss)
    huart5                                   0x2001236c   Data         116  superusart.o(.bss)
    hdma_usart1_rx                           0x200123e0   Data          96  superusart.o(.bss)
    hdma_usart1_tx                           0x20012440   Data          96  superusart.o(.bss)
    hdma_uart5_rx                            0x200124a0   Data          96  superusart.o(.bss)
    hdma_uart5_tx                            0x20012500   Data          96  superusart.o(.bss)
    UART1_RX_buf_A                           0x20012560   Data         512  superusart.o(.bss)
    UART1_RX_buf_B                           0x20012760   Data         512  superusart.o(.bss)
    UART3_RX_buf_A                           0x20012960   Data         512  superusart.o(.bss)
    UART3_RX_buf_B                           0x20012b60   Data         512  superusart.o(.bss)
    RS232_RX_buf_A                           0x20012d60   Data         512  superusart.o(.bss)
    RS232_RX_buf_B                           0x20012f60   Data         512  superusart.o(.bss)
    htim1                                    0x20013160   Data         180  supertimer.o(.bss)
    htim2                                    0x20013214   Data         180  supertimer.o(.bss)
    htim3                                    0x200132c8   Data         180  supertimer.o(.bss)
    htim4                                    0x2001337c   Data         180  supertimer.o(.bss)
    htim6                                    0x20013430   Data         180  supertimer.o(.bss)
    htim7                                    0x200134e4   Data         180  supertimer.o(.bss)
    srd                                      0x20013598   Data          28  bsp_stepmotor.o(.bss)
    htimx_STEPMOTOR                          0x200135b4   Data         180  bsp_stepmotor.o(.bss)
    hiwdg                                    0x20013668   Data          12  bsp_iwdg.o(.bss)
    __initial_sp                             0x20017678   Data           0  startup_stm32f407xx.o(STACK)



==============================================================================

Memory Map of the image

  Image Entry point : 0x08000189

  Load Region LR_IROM1 (Base: 0x08000000, Size: 0x00014ef8, Max: 0x00100000, ABSOLUTE, COMPRESSED[0x000146b8])

    Execution Region ER_IROM1 (Base: 0x08000000, Size: 0x000145b4, Max: 0x00100000, ABSOLUTE)

    Base Addr    Size         Type   Attr      Idx    E Section Name        Object

    0x08000000   0x00000188   Data   RO            3    RESET               startup_stm32f407xx.o
    0x08000188   0x00000000   Code   RO        11678  * .ARM.Collect$$$$00000000  mc_w.l(entry.o)
    0x08000188   0x00000004   Code   RO        12007    .ARM.Collect$$$$00000001  mc_w.l(entry2.o)
    0x0800018c   0x00000004   Code   RO        12010    .ARM.Collect$$$$00000004  mc_w.l(entry5.o)
    0x08000190   0x00000000   Code   RO        12012    .ARM.Collect$$$$00000008  mc_w.l(entry7b.o)
    0x08000190   0x00000000   Code   RO        12014    .ARM.Collect$$$$0000000A  mc_w.l(entry8b.o)
    0x08000190   0x00000008   Code   RO        12015    .ARM.Collect$$$$0000000B  mc_w.l(entry9a.o)
    0x08000198   0x00000000   Code   RO        12017    .ARM.Collect$$$$0000000D  mc_w.l(entry10a.o)
    0x08000198   0x00000000   Code   RO        12019    .ARM.Collect$$$$0000000F  mc_w.l(entry11a.o)
    0x08000198   0x00000004   Code   RO        12008    .ARM.Collect$$$$00002712  mc_w.l(entry2.o)
    0x0800019c   0x000000be   Code   RO         5219    .emb_text           port.o
    0x0800025a   0x00000002   PAD
    0x0800025c   0x00000024   Code   RO            4    .text               startup_stm32f407xx.o
    0x08000280   0x00000062   Code   RO        11681    .text               mc_w.l(uldiv.o)
    0x080002e2   0x00000002   PAD
    0x080002e4   0x00000024   Code   RO        11711    .text               mc_w.l(rand.o)
    0x08000308   0x00000040   Code   RO        11716    .text               mc_w.l(memmovea.o)
    0x08000348   0x00000024   Code   RO        11720    .text               mc_w.l(memseta.o)
    0x0800036c   0x0000001a   Code   RO        11724    .text               mc_w.l(memcmp.o)
    0x08000386   0x000000e4   Code   RO        11995    .text               mf_w.l(dmul.o)
    0x0800046a   0x000000de   Code   RO        11997    .text               mf_w.l(ddiv.o)
    0x08000548   0x0000001a   Code   RO        11999    .text               mf_w.l(dfltui.o)
    0x08000562   0x0000003e   Code   RO        12001    .text               mf_w.l(dfixi.o)
    0x080005a0   0x00000026   Code   RO        12003    .text               mf_w.l(f2d.o)
    0x080005c6   0x00000038   Code   RO        12005    .text               mf_w.l(d2f.o)
    0x080005fe   0x0000002c   Code   RO        12022    .text               mc_w.l(uidiv.o)
    0x0800062a   0x0000001e   Code   RO        12024    .text               mc_w.l(llshl.o)
    0x08000648   0x00000020   Code   RO        12026    .text               mc_w.l(llushr.o)
    0x08000668   0x00000000   Code   RO        12037    .text               mc_w.l(iusefp.o)
    0x08000668   0x0000006e   Code   RO        12038    .text               mf_w.l(fepilogue.o)
    0x080006d6   0x000000ba   Code   RO        12040    .text               mf_w.l(depilogue.o)
    0x08000790   0x000000a2   Code   RO        12044    .text               mf_w.l(dsqrt.o)
    0x08000832   0x00000002   PAD
    0x08000834   0x00000024   Code   RO        12052    .text               mc_w.l(init.o)
    0x08000858   0x00000056   Code   RO        12068    .text               mc_w.l(__dczerorl2.o)
    0x080008ae   0x00000038   Code   RO        11370    i.BSP_Timer_Init    supertimer.o
    0x080008e6   0x00000002   PAD
    0x080008e8   0x0000000c   Code   RO        11371    i.BSP_Timer_SetCallBack_100us  supertimer.o
    0x080008f4   0x0000000c   Code   RO        11372    i.BSP_Timer_SetCallBack_1s  supertimer.o
    0x08000900   0x0000001e   Code   RO        11161    i.BSP_UART_Init     superusart.o
    0x0800091e   0x00000002   Code   RO          503    i.BusFault_Handler  stm32f4xx_it.o
    0x08000920   0x00000078   Code   RO         9830    i.CoilsCB           tcp_server.o
    0x08000998   0x0000000c   Code   RO        11163    i.DMA1_Stream0_IRQHandler  superusart.o
    0x080009a4   0x0000000c   Code   RO        11164    i.DMA1_Stream7_IRQHandler  superusart.o
    0x080009b0   0x0000000c   Code   RO        11165    i.DMA2_Stream2_IRQHandler  superusart.o
    0x080009bc   0x0000000c   Code   RO        11166    i.DMA2_Stream7_IRQHandler  superusart.o
    0x080009c8   0x00000028   Code   RO         1431    i.DMA_CalcBaseAndBitshift  stm32f4xx_hal_dma.o
    0x080009f0   0x00000054   Code   RO         1432    i.DMA_CheckFifoParam  stm32f4xx_hal_dma.o
    0x08000a44   0x00000028   Code   RO         1433    i.DMA_SetConfig     stm32f4xx_hal_dma.o
    0x08000a6c   0x000000e8   Code   RO         9831    i.DataBaotou        tcp_server.o
    0x08000b54   0x00000002   Code   RO          504    i.DebugMon_Handler  stm32f4xx_it.o
    0x08000b56   0x00000002   PAD
    0x08000b58   0x00000078   Code   RO         9832    i.DicreteInputCB    tcp_server.o
    0x08000bd0   0x00000020   Code   RO          819    i.ETH_Delay         stm32f4xx_hal_eth.o
    0x08000bf0   0x0000002e   Code   RO          820    i.ETH_FlushTransmitFIFO  stm32f4xx_hal_eth.o
    0x08000c1e   0x00000002   PAD
    0x08000c20   0x0000000c   Code   RO          505    i.ETH_IRQHandler    stm32f4xx_it.o
    0x08000c2c   0x00000124   Code   RO          821    i.ETH_MACDMAConfig  stm32f4xx_hal_eth.o
    0x08000d50   0x00000006   Code   RO        11291    i.EXTI0_IRQHandler  supergpio.o
    0x08000d56   0x00000002   PAD
    0x08000d58   0x0000003c   Code   RO        11292    i.EXTI_Input_Init   supergpio.o
    0x08000d94   0x00000004   Code   RO        10446    i.EnterCriticalSection  port_1.o
    0x08000d98   0x00000050   Code   RO        10901    i.Entry_CalibrationLocation_Perfrom  manager_motor.o
    0x08000de8   0x00000004   Code   RO           13    i.Error_Handler     main.o
    0x08000dec   0x00000004   Code   RO        10447    i.ExitCriticalSection  port_1.o
    0x08000df0   0x0000000c   Code   RO        11636    i.FeedDog           bsp_iwdg.o
    0x08000dfc   0x00000050   Code   RO        10448    i.Get_from_fifo     port_1.o
    0x08000e4c   0x00000092   Code   RO         1434    i.HAL_DMA_Abort     stm32f4xx_hal_dma.o
    0x08000ede   0x00000024   Code   RO         1435    i.HAL_DMA_Abort_IT  stm32f4xx_hal_dma.o
    0x08000f02   0x00000002   PAD
    0x08000f04   0x000001a0   Code   RO         1439    i.HAL_DMA_IRQHandler  stm32f4xx_hal_dma.o
    0x080010a4   0x000000d4   Code   RO         1440    i.HAL_DMA_Init      stm32f4xx_hal_dma.o
    0x08001178   0x0000006e   Code   RO         1444    i.HAL_DMA_Start_IT  stm32f4xx_hal_dma.o
    0x080011e6   0x00000002   PAD
    0x080011e8   0x00000024   Code   RO         1853    i.HAL_Delay         stm32f4xx_hal.o
    0x0800120c   0x00000130   Code   RO          823    i.HAL_ETH_ConfigMAC  stm32f4xx_hal_eth.o
    0x0800133c   0x00000074   Code   RO          824    i.HAL_ETH_DMARxDescListInit  stm32f4xx_hal_eth.o
    0x080013b0   0x00000078   Code   RO          825    i.HAL_ETH_DMATxDescListInit  stm32f4xx_hal_eth.o
    0x08001428   0x00000002   Code   RO          827    i.HAL_ETH_ErrorCallback  stm32f4xx_hal_eth.o
    0x0800142a   0x00000088   Code   RO          829    i.HAL_ETH_GetReceivedFrame_IT  stm32f4xx_hal_eth.o
    0x080014b2   0x0000007a   Code   RO          831    i.HAL_ETH_IRQHandler  stm32f4xx_hal_eth.o
    0x0800152c   0x000001ec   Code   RO          832    i.HAL_ETH_Init      stm32f4xx_hal_eth.o
    0x08001718   0x0000011c   Code   RO          629    i.HAL_ETH_MspInit   ethernetif.o
    0x08001834   0x00000084   Code   RO          835    i.HAL_ETH_ReadPHYRegister  stm32f4xx_hal_eth.o
    0x080018b8   0x0000000c   Code   RO          630    i.HAL_ETH_RxCpltCallback  ethernetif.o
    0x080018c4   0x00000084   Code   RO          837    i.HAL_ETH_Start     stm32f4xx_hal_eth.o
    0x08001948   0x00000084   Code   RO          838    i.HAL_ETH_Stop      stm32f4xx_hal_eth.o
    0x080019cc   0x00000108   Code   RO          839    i.HAL_ETH_TransmitFrame  stm32f4xx_hal_eth.o
    0x08001ad4   0x00000002   Code   RO          840    i.HAL_ETH_TxCpltCallback  stm32f4xx_hal_eth.o
    0x08001ad6   0x00000002   PAD
    0x08001ad8   0x00000078   Code   RO          841    i.HAL_ETH_WritePHYRegister  stm32f4xx_hal_eth.o
    0x08001b50   0x00000050   Code   RO        11547    i.HAL_GPIO_EXTI_Callback  bsp_stepmotor.o
    0x08001ba0   0x00000018   Code   RO         1326    i.HAL_GPIO_EXTI_IRQHandler  stm32f4xx_hal_gpio.o
    0x08001bb8   0x000001f0   Code   RO         1327    i.HAL_GPIO_Init     stm32f4xx_hal_gpio.o
    0x08001da8   0x0000000a   Code   RO         1329    i.HAL_GPIO_ReadPin  stm32f4xx_hal_gpio.o
    0x08001db2   0x00000010   Code   RO         1330    i.HAL_GPIO_TogglePin  stm32f4xx_hal_gpio.o
    0x08001dc2   0x0000000a   Code   RO         1331    i.HAL_GPIO_WritePin  stm32f4xx_hal_gpio.o
    0x08001dcc   0x0000000c   Code   RO         1859    i.HAL_GetTick       stm32f4xx_hal.o
    0x08001dd8   0x0000005a   Code   RO         2104    i.HAL_IWDG_Init     stm32f4xx_hal_iwdg.o
    0x08001e32   0x0000000c   Code   RO         2105    i.HAL_IWDG_Refresh  stm32f4xx_hal_iwdg.o
    0x08001e3e   0x00000002   PAD
    0x08001e40   0x00000010   Code   RO         1865    i.HAL_IncTick       stm32f4xx_hal.o
    0x08001e50   0x00000034   Code   RO         1866    i.HAL_Init          stm32f4xx_hal.o
    0x08001e84   0x00000074   Code   RO          591    i.HAL_InitTick      stm32f4xx_hal_timebase_tim.o
    0x08001ef8   0x00000038   Code   RO          567    i.HAL_MspInit       stm32f4xx_hal_msp.o
    0x08001f30   0x0000001a   Code   RO         1716    i.HAL_NVIC_EnableIRQ  stm32f4xx_hal_cortex.o
    0x08001f4a   0x00000002   PAD
    0x08001f4c   0x00000040   Code   RO         1722    i.HAL_NVIC_SetPriority  stm32f4xx_hal_cortex.o
    0x08001f8c   0x00000024   Code   RO         1723    i.HAL_NVIC_SetPriorityGrouping  stm32f4xx_hal_cortex.o
    0x08001fb0   0x00000134   Code   RO          973    i.HAL_RCC_ClockConfig  stm32f4xx_hal_rcc.o
    0x080020e4   0x00000040   Code   RO          977    i.HAL_RCC_GetClockConfig  stm32f4xx_hal_rcc.o
    0x08002124   0x0000000c   Code   RO          978    i.HAL_RCC_GetHCLKFreq  stm32f4xx_hal_rcc.o
    0x08002130   0x00000020   Code   RO          980    i.HAL_RCC_GetPCLK1Freq  stm32f4xx_hal_rcc.o
    0x08002150   0x00000020   Code   RO          981    i.HAL_RCC_GetPCLK2Freq  stm32f4xx_hal_rcc.o
    0x08002170   0x00000060   Code   RO          982    i.HAL_RCC_GetSysClockFreq  stm32f4xx_hal_rcc.o
    0x080021d0   0x0000036c   Code   RO          985    i.HAL_RCC_OscConfig  stm32f4xx_hal_rcc.o
    0x0800253c   0x00000002   Code   RO         2858    i.HAL_TIMEx_BreakCallback  stm32f4xx_hal_tim_ex.o
    0x0800253e   0x00000002   Code   RO         2859    i.HAL_TIMEx_CommutCallback  stm32f4xx_hal_tim_ex.o
    0x08002540   0x00000002   Code   RO         2860    i.HAL_TIMEx_CommutHalfCpltCallback  stm32f4xx_hal_tim_ex.o
    0x08002542   0x00000002   PAD
    0x08002544   0x00000090   Code   RO         2877    i.HAL_TIMEx_MasterConfigSynchronization  stm32f4xx_hal_tim_ex.o
    0x080025d4   0x0000006c   Code   RO         2136    i.HAL_TIM_Base_Init  stm32f4xx_hal_tim.o
    0x08002640   0x00000028   Code   RO        11548    i.HAL_TIM_Base_MspInit  bsp_stepmotor.o
    0x08002668   0x00000078   Code   RO         2139    i.HAL_TIM_Base_Start  stm32f4xx_hal_tim.o
    0x080026e0   0x00000080   Code   RO         2141    i.HAL_TIM_Base_Start_IT  stm32f4xx_hal_tim.o
    0x08002760   0x000000dc   Code   RO         2145    i.HAL_TIM_ConfigClockSource  stm32f4xx_hal_tim.o
    0x0800283c   0x00000002   Code   RO         2166    i.HAL_TIM_ErrorCallback  stm32f4xx_hal_tim.o
    0x0800283e   0x00000002   Code   RO         2170    i.HAL_TIM_IC_CaptureCallback  stm32f4xx_hal_tim.o
    0x08002840   0x00000002   Code   RO         2171    i.HAL_TIM_IC_CaptureHalfCpltCallback  stm32f4xx_hal_tim.o
    0x08002842   0x0000017e   Code   RO         2184    i.HAL_TIM_IRQHandler  stm32f4xx_hal_tim.o
    0x080029c0   0x00000078   Code   RO        11378    i.HAL_TIM_MspPostInit  supertimer.o
    0x08002a38   0x00000052   Code   RO         2185    i.HAL_TIM_OC_ConfigChannel  stm32f4xx_hal_tim.o
    0x08002a8a   0x00000002   Code   RO         2187    i.HAL_TIM_OC_DelayElapsedCallback  stm32f4xx_hal_tim.o
    0x08002a8c   0x000000cc   Code   RO         2208    i.HAL_TIM_PWM_ConfigChannel  stm32f4xx_hal_tim.o
    0x08002b58   0x0000006c   Code   RO         2211    i.HAL_TIM_PWM_Init  stm32f4xx_hal_tim.o
    0x08002bc4   0x00000002   Code   RO         2213    i.HAL_TIM_PWM_MspInit  stm32f4xx_hal_tim.o
    0x08002bc6   0x00000002   Code   RO         2214    i.HAL_TIM_PWM_PulseFinishedCallback  stm32f4xx_hal_tim.o
    0x08002bc8   0x00000002   Code   RO         2215    i.HAL_TIM_PWM_PulseFinishedHalfCpltCallback  stm32f4xx_hal_tim.o
    0x08002bca   0x00000002   PAD
    0x08002bcc   0x000000c8   Code   RO         2216    i.HAL_TIM_PWM_Start  stm32f4xx_hal_tim.o
    0x08002c94   0x00000068   Code   RO        11379    i.HAL_TIM_PeriodElapsedCallback  supertimer.o
    0x08002cfc   0x00000002   Code   RO         2223    i.HAL_TIM_PeriodElapsedHalfCpltCallback  stm32f4xx_hal_tim.o
    0x08002cfe   0x00000002   Code   RO         2228    i.HAL_TIM_TriggerCallback  stm32f4xx_hal_tim.o
    0x08002d00   0x00000002   Code   RO         2229    i.HAL_TIM_TriggerHalfCpltCallback  stm32f4xx_hal_tim.o
    0x08002d02   0x00000056   Code   RO         3134    i.HAL_UARTEx_ReceiveToIdle_DMA  stm32f4xx_hal_uart.o
    0x08002d58   0x00000068   Code   RO        11167    i.HAL_UARTEx_RxEventCallback  superusart.o
    0x08002dc0   0x00000002   Code   RO         3138    i.HAL_UART_AbortCpltCallback  stm32f4xx_hal_uart.o
    0x08002dc2   0x00000002   Code   RO         3140    i.HAL_UART_AbortReceiveCpltCallback  stm32f4xx_hal_uart.o
    0x08002dc4   0x00000002   Code   RO         3143    i.HAL_UART_AbortTransmitCpltCallback  stm32f4xx_hal_uart.o
    0x08002dc6   0x00000070   Code   RO         3148    i.HAL_UART_DMAStop  stm32f4xx_hal_uart.o
    0x08002e36   0x00000002   Code   RO         3150    i.HAL_UART_ErrorCallback  stm32f4xx_hal_uart.o
    0x08002e38   0x00000268   Code   RO         3153    i.HAL_UART_IRQHandler  stm32f4xx_hal_uart.o
    0x080030a0   0x00000074   Code   RO         3154    i.HAL_UART_Init     stm32f4xx_hal_uart.o
    0x08003114   0x00000002   Code   RO         3156    i.HAL_UART_MspInit  stm32f4xx_hal_uart.o
    0x08003116   0x0000008e   Code   RO         3160    i.HAL_UART_RegisterCallback  stm32f4xx_hal_uart.o
    0x080031a4   0x00000002   Code   RO         3162    i.HAL_UART_RxCpltCallback  stm32f4xx_hal_uart.o
    0x080031a6   0x00000002   Code   RO         3163    i.HAL_UART_RxHalfCpltCallback  stm32f4xx_hal_uart.o
    0x080031a8   0x000000b2   Code   RO         3164    i.HAL_UART_Transmit  stm32f4xx_hal_uart.o
    0x0800325a   0x00000002   Code   RO         3167    i.HAL_UART_TxCpltCallback  stm32f4xx_hal_uart.o
    0x0800325c   0x00000002   Code   RO         3168    i.HAL_UART_TxHalfCpltCallback  stm32f4xx_hal_uart.o
    0x0800325e   0x00000002   Code   RO          506    i.HardFault_Handler  stm32f4xx_it.o
    0x08003260   0x000000a8   Code   RO         9833    i.Holding_Registers  tcp_server.o
    0x08003308   0x0000000e   Code   RO        10482    i.IS_IRQ            port_1.o
    0x08003316   0x00000002   PAD
    0x08003318   0x00000028   Code   RO        11637    i.IWDG_Init         bsp_iwdg.o
    0x08003340   0x00000090   Code   RO         9834    i.Input_Registers   tcp_server.o
    0x080033d0   0x0000008c   Code   RO        10847    i.Key_Manage        manager_gpio.o
    0x0800345c   0x0000007c   Code   RO          421    i.MX_FREERTOS_Init  freertos.o
    0x080034d8   0x0000014c   Code   RO          761    i.MX_LWIP_Init      lwip.o
    0x08003624   0x0000000e   Code   RO        10801    i.Manager_Activate  manager.o
    0x08003632   0x0000001a   Code   RO        10848    i.Manager_GPIO_Init  manager_gpio.o
    0x0800364c   0x00000012   Code   RO        10849    i.Manager_GPIO_Mainloop  manager_gpio.o
    0x0800365e   0x00000002   PAD
    0x08003660   0x00000064   Code   RO        10802    i.Manager_Init      manager.o
    0x080036c4   0x00000016   Code   RO        10803    i.Manager_Mainloop  manager.o
    0x080036da   0x00000004   Code   RO        10903    i.Manager_Motor_Init  manager_motor.o
    0x080036de   0x00000002   PAD
    0x080036e0   0x00000084   Code   RO        10904    i.Manager_Motor_Mainloop  manager_motor.o
    0x08003764   0x00000002   Code   RO        10981    i.Manager_Sharing_Activate  manager_sharing.o
    0x08003766   0x0000000a   Code   RO        10982    i.Manager_Sharing_Init  manager_sharing.o
    0x08003770   0x00000024   Code   RO        10983    i.Manager_Sharing_Mainloop  manager_sharing.o
    0x08003794   0x0000001c   Code   RO        11053    i.Manager_Timer_Activate  manager_timer.o
    0x080037b0   0x00000004   Code   RO        11054    i.Manager_Timer_Init  manager_timer.o
    0x080037b4   0x00000022   Code   RO        11111    i.Manager_Usart_Init  manager_usart.o
    0x080037d6   0x0000000e   Code   RO        11112    i.Manager_Usart_Mainloop  manager_usart.o
    0x080037e4   0x00000024   Code   RO        10984    i.Mapp_WriteToRegister  manager_sharing.o
    0x08003808   0x00000038   Code   RO        10985    i.MappingBufWrite   manager_sharing.o
    0x08003840   0x00000040   Code   RO        10595    i.Master_RxCpltCallback  portserial_m.o
    0x08003880   0x00000002   Code   RO          507    i.MemManage_Handler  stm32f4xx_it.o
    0x08003882   0x00000002   PAD
    0x08003884   0x000000ec   Code   RO        10905    i.MotorRun_perform  manager_motor.o
    0x08003970   0x000000ac   Code   RO         9835    i.Multiple_CoilsBC  tcp_server.o
    0x08003a1c   0x00000058   Code   RO         9836    i.Multiple_Registers06  tcp_server.o
    0x08003a74   0x000000c8   Code   RO         9837    i.Multiple_Registers16  tcp_server.o
    0x08003b3c   0x00000002   Code   RO          508    i.NMI_Handler       stm32f4xx_it.o
    0x08003b3e   0x00000002   PAD
    0x08003b40   0x00000138   Code   RO        10850    i.Peripherals_Input  manager_gpio.o
    0x08003c78   0x0000009c   Code   RO        10851    i.Peripherals_Output  manager_gpio.o
    0x08003d14   0x00000038   Code   RO        10906    i.PosCompleteMark   manager_motor.o
    0x08003d4c   0x00000050   Code   RO        10449    i.Put_in_fifo       port_1.o
    0x08003d9c   0x000001d0   Code   RO        11113    i.RTU_ReadInput     manager_usart.o
    0x08003f6c   0x00000198   Code   RO        11114    i.RTU_WriteOutPut   manager_usart.o
    0x08004104   0x00000028   Code   RO        10986    i.ReadRegistertomappingBuf  manager_sharing.o
    0x0800412c   0x0000001c   Code   RO        10762    i.ReadTask          mbappdata.o
    0x08004148   0x00000010   Code   RO        10987    i.Read_WordManage   manager_sharing.o
    0x08004158   0x000000c4   Code   RO        11549    i.STEMOTOR_JOG      bsp_stepmotor.o
    0x0800421c   0x00000074   Code   RO        11550    i.STEPMOTOR_AxisHome  bsp_stepmotor.o
    0x08004290   0x00000020   Code   RO        11551    i.STEPMOTOR_AxisMoveAbs  bsp_stepmotor.o
    0x080042b0   0x00000208   Code   RO        11552    i.STEPMOTOR_AxisMoveRel  bsp_stepmotor.o
    0x080044b8   0x00000138   Code   RO        11553    i.STEPMOTOR_GPIO_Init  bsp_stepmotor.o
    0x080045f0   0x0000000c   Code   RO        11554    i.STEPMOTOR_StandbyStop  bsp_stepmotor.o
    0x080045fc   0x000000a8   Code   RO        11555    i.STEPMOTOR_TIMx_Init  bsp_stepmotor.o
    0x080046a4   0x00000070   Code   RO         9838    i.Single_CoilCB     tcp_server.o
    0x08004714   0x00000018   Code   RO          422    i.StartDefaultTask  freertos.o
    0x0800472c   0x00000010   Code   RO          423    i.StartMainTask     freertos.o
    0x0800473c   0x00000006   Code   RO          424    i.StartMasterTask   freertos.o
    0x08004742   0x00000002   PAD
    0x08004744   0x0000003c   Code   RO          425    i.StartWriteReadTask  freertos.o
    0x08004780   0x00000012   Code   RO        11294    i.SuperGpio_Init    supergpio.o
    0x08004792   0x00000002   PAD
    0x08004794   0x0000003c   Code   RO        11295    i.SuperGpio_ReadInput  supergpio.o
    0x080047d0   0x0000003c   Code   RO        11296    i.SuperGpio_WriteOutput  supergpio.o
    0x0800480c   0x0000001a   Code   RO         4654    i.SysTick_Handler   cmsis_os2.o
    0x08004826   0x00000002   PAD
    0x08004828   0x0000009c   Code   RO           14    i.SystemClock_Config  main.o
    0x080048c4   0x00000010   Code   RO         3513    i.SystemInit        system_stm32f4xx.o
    0x080048d4   0x0000000c   Code   RO        11381    i.TIM1_UP_TIM10_IRQHandler  supertimer.o
    0x080048e0   0x0000000c   Code   RO        11382    i.TIM2_IRQHandler   supertimer.o
    0x080048ec   0x0000008c   Code   RO        11383    i.TIM2_Init         supertimer.o
    0x08004978   0x0000000c   Code   RO        11384    i.TIM3_IRQHandler   supertimer.o
    0x08004984   0x000000a4   Code   RO        11385    i.TIM3_Init         supertimer.o
    0x08004a28   0x0000000c   Code   RO        11386    i.TIM4_IRQHandler   supertimer.o
    0x08004a34   0x00000098   Code   RO        11387    i.TIM4_Init         supertimer.o
    0x08004acc   0x00000088   Code   RO        11389    i.TIM6_Init         supertimer.o
    0x08004b54   0x0000000c   Code   RO        11390    i.TIM7_IRQHandler   supertimer.o
    0x08004b60   0x0000006c   Code   RO        11391    i.TIM7_Init         supertimer.o
    0x08004bcc   0x00000180   Code   RO        11556    i.TIM8_CC_IRQHandler  bsp_stepmotor.o
    0x08004d4c   0x000000c8   Code   RO         2231    i.TIM_Base_SetConfig  stm32f4xx_hal_tim.o
    0x08004e14   0x0000001a   Code   RO         2232    i.TIM_CCxChannelCmd  stm32f4xx_hal_tim.o
    0x08004e2e   0x00000014   Code   RO         2242    i.TIM_ETR_SetConfig  stm32f4xx_hal_tim.o
    0x08004e42   0x00000010   Code   RO         2243    i.TIM_ITRx_SetConfig  stm32f4xx_hal_tim.o
    0x08004e52   0x00000002   PAD
    0x08004e54   0x00000060   Code   RO         2244    i.TIM_OC1_SetConfig  stm32f4xx_hal_tim.o
    0x08004eb4   0x0000006c   Code   RO         2245    i.TIM_OC2_SetConfig  stm32f4xx_hal_tim.o
    0x08004f20   0x00000068   Code   RO         2246    i.TIM_OC3_SetConfig  stm32f4xx_hal_tim.o
    0x08004f88   0x00000050   Code   RO         2247    i.TIM_OC4_SetConfig  stm32f4xx_hal_tim.o
    0x08004fd8   0x0000006c   Code   RO         2248    i.TIM_ResetCallback  stm32f4xx_hal_tim.o
    0x08005044   0x00000022   Code   RO         2250    i.TIM_TI1_ConfigInputStage  stm32f4xx_hal_tim.o
    0x08005066   0x00000024   Code   RO         2252    i.TIM_TI2_ConfigInputStage  stm32f4xx_hal_tim.o
    0x0800508a   0x00000002   Code   RO        11055    i.Timer_100us_CallBack  manager_timer.o
    0x0800508c   0x00000034   Code   RO        11056    i.Timer_1s_CallBack  manager_timer.o
    0x080050c0   0x0000000c   Code   RO        11168    i.UART5_IRQHandler  superusart.o
    0x080050cc   0x0000000c   Code   RO         3171    i.UART_DMAAbortOnError  stm32f4xx_hal_uart.o
    0x080050d8   0x0000004c   Code   RO         3172    i.UART_DMAError     stm32f4xx_hal_uart.o
    0x08005124   0x0000007c   Code   RO         3173    i.UART_DMAReceiveCplt  stm32f4xx_hal_uart.o
    0x080051a0   0x00000014   Code   RO         3175    i.UART_DMARxHalfCplt  stm32f4xx_hal_uart.o
    0x080051b4   0x00000068   Code   RO        11169    i.UART_DMA_Rx_Cfg   superusart.o
    0x0800521c   0x0000004e   Code   RO         3181    i.UART_EndRxTransfer  stm32f4xx_hal_uart.o
    0x0800526a   0x0000001c   Code   RO         3182    i.UART_EndTxTransfer  stm32f4xx_hal_uart.o
    0x08005286   0x00000002   PAD
    0x08005288   0x0000004c   Code   RO         3183    i.UART_InitCallbacksToDefault  stm32f4xx_hal_uart.o
    0x080052d4   0x000000c0   Code   RO         3184    i.UART_Receive_IT   stm32f4xx_hal_uart.o
    0x08005394   0x0000010c   Code   RO         3185    i.UART_SetConfig    stm32f4xx_hal_uart.o
    0x080054a0   0x00000090   Code   RO         3186    i.UART_Start_Receive_DMA  stm32f4xx_hal_uart.o
    0x08005530   0x00000078   Code   RO         3188    i.UART_WaitOnFlagUntilTimeout  stm32f4xx_hal_uart.o
    0x080055a8   0x0000000c   Code   RO        11170    i.USART1_IRQHandler  superusart.o
    0x080055b4   0x0000018c   Code   RO        11171    i.USART1_UART_Init  superusart.o
    0x08005740   0x0000003c   Code   RO        11172    i.USART3_IRQHandler  superusart.o
    0x0800577c   0x000000e4   Code   RO        11173    i.USART3_UART_Init  superusart.o
    0x08005860   0x00000190   Code   RO        11174    i.USART5_UART_Init  superusart.o
    0x080059f0   0x00000002   Code   RO          509    i.UsageFault_Handler  stm32f4xx_it.o
    0x080059f2   0x00000002   PAD
    0x080059f4   0x0000001c   Code   RO        10763    i.WriteTask         mbappdata.o
    0x08005a10   0x00000012   Code   RO        10988    i.Write_WordManage  manager_sharing.o
    0x08005a22   0x00000002   PAD
    0x08005a24   0x00000020   Code   RO        11821    i.__0printf$3       mc_w.l(printf3.o)
    0x08005a44   0x00000020   Code   RO         1729    i.__NVIC_SetPriority  stm32f4xx_hal_cortex.o
    0x08005a64   0x0000007a   Code   RO        11666    i.__hardfp_sqrt     m_wm.l(sqrt.o)
    0x08005ade   0x0000000e   Code   RO        12062    i.__scatterload_copy  mc_w.l(handlers.o)
    0x08005aec   0x00000002   Code   RO        12063    i.__scatterload_null  mc_w.l(handlers.o)
    0x08005aee   0x0000000e   Code   RO        12064    i.__scatterload_zeroinit  mc_w.l(handlers.o)
    0x08005afc   0x0000000c   Code   RO        12030    i.__set_errno       mc_w.l(errno.o)
    0x08005b08   0x000001b8   Code   RO        11828    i._printf_core      mc_w.l(printf3.o)
    0x08005cc0   0x0000008c   Code   RO         9839    i.accept_callback   tcp_server.o
    0x08005d4c   0x000000a8   Code   RO         7449    i.do_memp_free_pool  memp.o
    0x08005df4   0x000000b8   Code   RO         7450    i.do_memp_malloc_pool  memp.o
    0x08005eac   0x00000024   Code   RO        10141    i.eMBFuncReportSlaveID  mbfuncother.o
    0x08005ed0   0x00000020   Code   RO        10349    i.eMBMasterEnable   mb_m.o
    0x08005ef0   0x00000062   Code   RO         9948    i.eMBMasterFuncReadCoils  mbfunccoils_m.o
    0x08005f52   0x00000060   Code   RO        10015    i.eMBMasterFuncReadDiscreteInputs  mbfuncdisc_m.o
    0x08005fb2   0x00000052   Code   RO        10045    i.eMBMasterFuncReadHoldingRegister  mbfuncholding_m.o
    0x08006004   0x00000050   Code   RO        10111    i.eMBMasterFuncReadInputRegister  mbfuncinput_m.o
    0x08006054   0x00000072   Code   RO        10046    i.eMBMasterFuncReadWriteMultipleHoldingRegister  mbfuncholding_m.o
    0x080060c6   0x00000056   Code   RO         9949    i.eMBMasterFuncWriteCoil  mbfunccoils_m.o
    0x0800611c   0x00000032   Code   RO        10047    i.eMBMasterFuncWriteHoldingRegister  mbfuncholding_m.o
    0x0800614e   0x00000060   Code   RO         9950    i.eMBMasterFuncWriteMultipleCoils  mbfunccoils_m.o
    0x080061ae   0x0000004c   Code   RO        10048    i.eMBMasterFuncWriteMultipleHoldingRegister  mbfuncholding_m.o
    0x080061fa   0x00000002   PAD
    0x080061fc   0x00000074   Code   RO        10351    i.eMBMasterInit     mb_m.o
    0x08006270   0x00000148   Code   RO        10353    i.eMBMasterPoll     mb_m.o
    0x080063b8   0x00000048   Code   RO        10236    i.eMBMasterRTUInit  mbrtu_m.o
    0x08006400   0x0000004c   Code   RO        10237    i.eMBMasterRTUReceive  mbrtu_m.o
    0x0800644c   0x00000070   Code   RO        10238    i.eMBMasterRTUSend  mbrtu_m.o
    0x080064bc   0x00000024   Code   RO        10239    i.eMBMasterRTUStart  mbrtu_m.o
    0x080064e0   0x0000001a   Code   RO        10240    i.eMBMasterRTUStop  mbrtu_m.o
    0x080064fa   0x00000002   PAD
    0x080064fc   0x0000007c   Code   RO        10711    i.eMBMasterRegCoilsCB  user_mb_app_m.o
    0x08006578   0x0000007c   Code   RO        10712    i.eMBMasterRegDiscreteCB  user_mb_app_m.o
    0x080065f4   0x00000068   Code   RO        10713    i.eMBMasterRegHoldingCB  user_mb_app_m.o
    0x0800665c   0x00000068   Code   RO        10714    i.eMBMasterRegInputCB  user_mb_app_m.o
    0x080066c4   0x0000004c   Code   RO        10016    i.eMBMasterReqReadDiscreteInputs  mbfuncdisc_m.o
    0x08006710   0x0000008a   Code   RO         9953    i.eMBMasterReqWriteMultipleCoils  mbfunccoils_m.o
    0x0800679a   0x00000002   PAD
    0x0800679c   0x00000040   Code   RO        10509    i.eMBMasterWaitRequestFinish  portevent_m.o
    0x080067dc   0x00000044   Code   RO        10907    i.entry_Calibration_location  manager_motor.o
    0x08006820   0x0000003c   Code   RO         9840    i.error_callback    tcp_server.o
    0x0800685c   0x0000002c   Code   RO         8883    i.etharp_cleanup_netif  etharp.o
    0x08006888   0x00000260   Code   RO         8885    i.etharp_find_entry  etharp.o
    0x08006ae8   0x00000024   Code   RO         8886    i.etharp_free_entry  etharp.o
    0x08006b0c   0x00000104   Code   RO         8888    i.etharp_input      etharp.o
    0x08006c10   0x000001b0   Code   RO         8889    i.etharp_output     etharp.o
    0x08006dc0   0x00000110   Code   RO         8890    i.etharp_output_to_arp_index  etharp.o
    0x08006ed0   0x000001e8   Code   RO         8891    i.etharp_query      etharp.o
    0x080070b8   0x00000174   Code   RO         8892    i.etharp_raw        etharp.o
    0x0800722c   0x0000000c   Code   RO         8893    i.etharp_request    etharp.o
    0x08007238   0x00000020   Code   RO         8894    i.etharp_request_dst  etharp.o
    0x08007258   0x00000060   Code   RO         8895    i.etharp_tmr        etharp.o
    0x080072b8   0x0000011c   Code   RO         8896    i.etharp_update_arp_entry  etharp.o
    0x080073d4   0x000000a4   Code   RO         5825    i.ethernet_input    ethernet.o
    0x08007478   0x000000f8   Code   RO         5826    i.ethernet_output   ethernet.o
    0x08007570   0x00000090   Code   RO          631    i.ethernetif_init   ethernetif.o
    0x08007600   0x0000004c   Code   RO          632    i.ethernetif_input  ethernetif.o
    0x0800764c   0x00000002   Code   RO          633    i.ethernetif_notify_conn_changed  ethernetif.o
    0x0800764e   0x00000002   PAD
    0x08007650   0x00000044   Code   RO          634    i.ethernetif_set_link  ethernetif.o
    0x08007694   0x000000b0   Code   RO          635    i.ethernetif_update_config  ethernetif.o
    0x08007744   0x00000018   Code   RO        11175    i.fputc             superusart.o
    0x0800775c   0x00000008   Code   RO         8986    i.icmp_dest_unreach  icmp.o
    0x08007764   0x000001f0   Code   RO         8987    i.icmp_input        icmp.o
    0x08007954   0x00000110   Code   RO         8988    i.icmp_send_response  icmp.o
    0x08007a64   0x00000008   Code   RO         8989    i.icmp_time_exceeded  icmp.o
    0x08007a6c   0x0000002e   Code   RO         9103    i.ip4_addr_isbroadcast_u32  ip4_addr.o
    0x08007a9a   0x00000002   PAD
    0x08007a9c   0x00000260   Code   RO         9172    i.ip4_frag          ip4_frag.o
    0x08007cfc   0x00000174   Code   RO         9048    i.ip4_input         ip4.o
    0x08007e70   0x0000002c   Code   RO         9049    i.ip4_input_accept  ip4.o
    0x08007e9c   0x0000001e   Code   RO         9051    i.ip4_output_if     ip4.o
    0x08007eba   0x00000002   PAD
    0x08007ebc   0x00000178   Code   RO         9052    i.ip4_output_if_src  ip4.o
    0x08008034   0x00000288   Code   RO         9173    i.ip4_reass         ip4_frag.o
    0x080082bc   0x00000060   Code   RO         9053    i.ip4_route         ip4.o
    0x0800831c   0x0000000c   Code   RO         9106    i.ip4addr_ntoa      ip4_addr.o
    0x08008328   0x00000078   Code   RO         9107    i.ip4addr_ntoa_r    ip4_addr.o
    0x080083a0   0x00000090   Code   RO         9174    i.ip_frag_free_pbuf_custom_ref  ip4_frag.o
    0x08008430   0x00000248   Code   RO         9175    i.ip_reass_chain_frag_into_datagram_and_validate  ip4_frag.o
    0x08008678   0x000000bc   Code   RO         9176    i.ip_reass_dequeue_datagram  ip4_frag.o
    0x08008734   0x00000198   Code   RO         9177    i.ip_reass_free_complete_datagram  ip4_frag.o
    0x080088cc   0x00000080   Code   RO         9178    i.ip_reass_remove_oldest_datagram  ip4_frag.o
    0x0800894c   0x0000002c   Code   RO         9179    i.ip_reass_tmr      ip4_frag.o
    0x08008978   0x00000098   Code   RO         9180    i.ipfrag_free_pbuf_custom  ip4_frag.o
    0x08008a10   0x00000114   Code   RO          636    i.low_level_init    ethernetif.o
    0x08008b24   0x000000c0   Code   RO          637    i.low_level_input   ethernetif.o
    0x08008be4   0x000000a8   Code   RO          638    i.low_level_output  ethernetif.o
    0x08008c8c   0x0000003c   Code   RO         8628    i.lwip_cyclic_timer  timeouts.o
    0x08008cc8   0x00000004   Code   RO         7153    i.lwip_htonl        def.o
    0x08008ccc   0x00000004   Code   RO         7154    i.lwip_htons        def.o
    0x08008cd0   0x00000022   Code   RO         7298    i.lwip_init         init.o
    0x08008cf2   0x0000001a   Code   RO           15    i.main              main.o
    0x08008d0c   0x000001c8   Code   RO         7373    i.mem_free          mem.o
    0x08008ed4   0x000000c8   Code   RO         7374    i.mem_init          mem.o
    0x08008f9c   0x0000024c   Code   RO         7375    i.mem_malloc        mem.o
    0x080091e8   0x00000010   Code   RO         7376    i.mem_to_ptr        mem.o
    0x080091f8   0x000001e4   Code   RO         7377    i.mem_trim          mem.o
    0x080093dc   0x0000009c   Code   RO         7451    i.memp_free         memp.o
    0x08009478   0x00000020   Code   RO         7453    i.memp_init         memp.o
    0x08009498   0x0000002a   Code   RO         7454    i.memp_init_pool    memp.o
    0x080094c2   0x00000002   PAD
    0x080094c4   0x000000a4   Code   RO         7455    i.memp_malloc       memp.o
    0x08009568   0x000001dc   Code   RO         7595    i.netif_add         netif.o
    0x08009744   0x00000016   Code   RO         7597    i.netif_do_ip_addr_changed  netif.o
    0x0800975a   0x00000016   Code   RO         7598    i.netif_do_set_gw   netif.o
    0x08009770   0x000000cc   Code   RO         7599    i.netif_do_set_ipaddr  netif.o
    0x0800983c   0x00000016   Code   RO         7600    i.netif_do_set_netmask  netif.o
    0x08009852   0x00000002   PAD
    0x08009854   0x00000028   Code   RO         7602    i.netif_get_by_index  netif.o
    0x0800987c   0x00000002   Code   RO         7604    i.netif_init        netif.o
    0x0800987e   0x00000002   PAD
    0x08009880   0x000000c0   Code   RO         7606    i.netif_issue_reports  netif.o
    0x08009940   0x00000006   Code   RO         7608    i.netif_null_output_ip4  netif.o
    0x08009946   0x00000002   PAD
    0x08009948   0x00000060   Code   RO         7610    i.netif_set_addr    netif.o
    0x080099a8   0x0000000c   Code   RO         7611    i.netif_set_default  netif.o
    0x080099b4   0x000000c0   Code   RO         7612    i.netif_set_down    netif.o
    0x08009a74   0x00000008   Code   RO         7615    i.netif_set_link_callback  netif.o
    0x08009a7c   0x000000ac   Code   RO         7616    i.netif_set_link_down  netif.o
    0x08009b28   0x000000c0   Code   RO         7617    i.netif_set_link_up  netif.o
    0x08009be8   0x000000b8   Code   RO         7620    i.netif_set_up      netif.o
    0x08009ca0   0x0000001a   Code   RO         4656    i.osDelay           cmsis_os2.o
    0x08009cba   0x0000000e   Code   RO         4668    i.osKernelGetTickCount  cmsis_os2.o
    0x08009cc8   0x00000024   Code   RO         4670    i.osKernelInitialize  cmsis_os2.o
    0x08009cec   0x00000038   Code   RO         4673    i.osKernelStart     cmsis_os2.o
    0x08009d24   0x00000064   Code   RO         4685    i.osMessageQueueGet  cmsis_os2.o
    0x08009d88   0x00000058   Code   RO         4690    i.osMessageQueueNew  cmsis_os2.o
    0x08009de0   0x00000068   Code   RO         4691    i.osMessageQueuePut  cmsis_os2.o
    0x08009e48   0x00000052   Code   RO         4693    i.osMutexAcquire    cmsis_os2.o
    0x08009e9a   0x00000068   Code   RO         4696    i.osMutexNew        cmsis_os2.o
    0x08009f02   0x00000042   Code   RO         4697    i.osMutexRelease    cmsis_os2.o
    0x08009f44   0x0000005c   Code   RO         4698    i.osSemaphoreAcquire  cmsis_os2.o
    0x08009fa0   0x00000098   Code   RO         4701    i.osSemaphoreNew    cmsis_os2.o
    0x0800a038   0x00000058   Code   RO         4702    i.osSemaphoreRelease  cmsis_os2.o
    0x0800a090   0x0000008a   Code   RO         4715    i.osThreadNew       cmsis_os2.o
    0x0800a11a   0x00000006   Code   RO         7789    i.pbuf_add_header   pbuf.o
    0x0800a120   0x000000c0   Code   RO         7791    i.pbuf_add_header_impl  pbuf.o
    0x0800a1e0   0x0000025c   Code   RO         7792    i.pbuf_alloc        pbuf.o
    0x0800a43c   0x000000b0   Code   RO         7793    i.pbuf_alloc_reference  pbuf.o
    0x0800a4ec   0x00000036   Code   RO         7794    i.pbuf_alloced_custom  pbuf.o
    0x0800a522   0x00000002   PAD
    0x0800a524   0x00000130   Code   RO         7795    i.pbuf_cat          pbuf.o
    0x0800a654   0x00000012   Code   RO         7797    i.pbuf_clen         pbuf.o
    0x0800a666   0x00000002   PAD
    0x0800a668   0x0000009c   Code   RO         7798    i.pbuf_clone        pbuf.o
    0x0800a704   0x000001e0   Code   RO         7800    i.pbuf_copy         pbuf.o
    0x0800a8e4   0x00000118   Code   RO         7801    i.pbuf_copy_partial  pbuf.o
    0x0800a9fc   0x00000164   Code   RO         7803    i.pbuf_free         pbuf.o
    0x0800ab60   0x00000034   Code   RO         7805    i.pbuf_free_ooseq_callback  pbuf.o
    0x0800ab94   0x00000006   Code   RO         7809    i.pbuf_header_force  pbuf.o
    0x0800ab9a   0x0000000e   Code   RO         7810    i.pbuf_header_impl  pbuf.o
    0x0800aba8   0x0000001c   Code   RO         7811    i.pbuf_init_alloced_pbuf  pbuf.o
    0x0800abc4   0x00000134   Code   RO         7815    i.pbuf_realloc      pbuf.o
    0x0800acf8   0x0000009c   Code   RO         7816    i.pbuf_ref          pbuf.o
    0x0800ad94   0x000000d0   Code   RO         7817    i.pbuf_remove_header  pbuf.o
    0x0800ae64   0x000001a0   Code   RO         7378    i.plug_holes        mem.o
    0x0800b004   0x0000005c   Code   RO         4118    i.prvAddCurrentTaskToDelayedList  tasks.o
    0x0800b060   0x000000d0   Code   RO         4119    i.prvAddNewTaskToReadyList  tasks.o
    0x0800b130   0x00000058   Code   RO         4483    i.prvCheckForValidListAndQueue  timers.o
    0x0800b188   0x00000026   Code   RO         3715    i.prvCopyDataFromQueue  queue.o
    0x0800b1ae   0x0000006c   Code   RO         3716    i.prvCopyDataToQueue  queue.o
    0x0800b21a   0x00000034   Code   RO         4120    i.prvDeleteTCB      tasks.o
    0x0800b24e   0x00000002   PAD
    0x0800b250   0x0000004c   Code   RO         5164    i.prvHeapInit       heap_4.o
    0x0800b29c   0x00000060   Code   RO         4121    i.prvIdleTask       tasks.o
    0x0800b2fc   0x00000016   Code   RO         3717    i.prvInitialiseMutex  queue.o
    0x0800b312   0x00000002   PAD
    0x0800b314   0x00000022   Code   RO         3718    i.prvInitialiseNewQueue  queue.o
    0x0800b336   0x00000002   PAD
    0x0800b338   0x000000b0   Code   RO         4122    i.prvInitialiseNewTask  tasks.o
    0x0800b3e8   0x0000004e   Code   RO         4484    i.prvInitialiseNewTimer  timers.o
    0x0800b436   0x00000002   PAD
    0x0800b438   0x0000004c   Code   RO         5165    i.prvInsertBlockIntoFreeList  heap_4.o
    0x0800b484   0x00000038   Code   RO         4485    i.prvInsertTimerInActiveList  timers.o
    0x0800b4bc   0x0000001c   Code   RO         3719    i.prvIsQueueEmpty   queue.o
    0x0800b4d8   0x000000fc   Code   RO         4486    i.prvProcessReceivedCommands  timers.o
    0x0800b5d4   0x000000c0   Code   RO         4487    i.prvProcessTimerOrBlockTask  timers.o
    0x0800b694   0x00000020   Code   RO         4124    i.prvResetNextTaskUnblockTime  tasks.o
    0x0800b6b4   0x00000028   Code   RO         4488    i.prvSampleTimeNow  timers.o
    0x0800b6dc   0x0000006c   Code   RO         4489    i.prvSwitchTimerLists  timers.o
    0x0800b748   0x00000028   Code   RO         5220    i.prvTaskExitError  port.o
    0x0800b770   0x00000014   Code   RO         3556    i.prvTestWaitCondition  event_groups.o
    0x0800b784   0x00000024   Code   RO         4490    i.prvTimerTask      timers.o
    0x0800b7a8   0x0000006a   Code   RO         3720    i.prvUnlockQueue    queue.o
    0x0800b812   0x00000018   Code   RO        10174    i.prveMBError2Exception  mbutils.o
    0x0800b82a   0x00000002   PAD
    0x0800b82c   0x0000000c   Code   RO         7379    i.ptr_to_mem        mem.o
    0x0800b838   0x000000dc   Code   RO         5166    i.pvPortMalloc      heap_4.o
    0x0800b914   0x00000018   Code   RO         4127    i.pvTaskIncrementMutexHeldCount  tasks.o
    0x0800b92c   0x0000002c   Code   RO         5221    i.pxPortInitialiseStack  port.o
    0x0800b958   0x00000070   Code   RO         9841    i.recv_callback     tcp_server.o
    0x0800b9c8   0x00000028   Code   RO        10596    i.serial_soft_trans_irq  portserial_m.o
    0x0800b9f0   0x000000dc   Code   RO        11297    i.sg_Gpio_CLK_ENABLE  supergpio.o
    0x0800bacc   0x0000004c   Code   RO        11298    i.sg_Input_Init     supergpio.o
    0x0800bb18   0x0000005c   Code   RO        11299    i.sg_Output_Init    supergpio.o
    0x0800bb74   0x0000003e   Code   RO         9426    i.sys_arch_mbox_fetch  sys_arch.o
    0x0800bbb2   0x00000002   PAD
    0x0800bbb4   0x00000018   Code   RO         9428    i.sys_arch_protect  sys_arch.o
    0x0800bbcc   0x0000000c   Code   RO         9430    i.sys_arch_unprotect  sys_arch.o
    0x0800bbd8   0x00000044   Code   RO         8629    i.sys_check_timeouts  timeouts.o
    0x0800bc1c   0x00000014   Code   RO         9431    i.sys_init          sys_arch.o
    0x0800bc30   0x0000001e   Code   RO         9433    i.sys_mbox_new      sys_arch.o
    0x0800bc4e   0x00000018   Code   RO         9436    i.sys_mbox_trypost  sys_arch.o
    0x0800bc66   0x0000000a   Code   RO         9438    i.sys_mbox_valid    sys_arch.o
    0x0800bc70   0x0000000a   Code   RO         9440    i.sys_mutex_lock    sys_arch.o
    0x0800bc7a   0x00000018   Code   RO         9441    i.sys_mutex_new     sys_arch.o
    0x0800bc92   0x00000006   Code   RO         9442    i.sys_mutex_unlock  sys_arch.o
    0x0800bc98   0x00000004   Code   RO          640    i.sys_now           ethernetif.o
    0x0800bc9c   0x0000002e   Code   RO         9448    i.sys_thread_new    sys_arch.o
    0x0800bcca   0x00000002   PAD
    0x0800bccc   0x000000c4   Code   RO         8631    i.sys_timeout       timeouts.o
    0x0800bd90   0x000000f8   Code   RO         8632    i.sys_timeout_abs   timeouts.o
    0x0800be88   0x00000028   Code   RO         8633    i.sys_timeouts_init  timeouts.o
    0x0800beb0   0x00000028   Code   RO         8634    i.sys_timeouts_sleeptime  timeouts.o
    0x0800bed8   0x000001ac   Code   RO         8073    i.tcp_abandon       tcp.o
    0x0800c084   0x00000006   Code   RO         8074    i.tcp_abort         tcp.o
    0x0800c08a   0x0000000e   Code   RO         8075    i.tcp_accept        tcp.o
    0x0800c098   0x00000098   Code   RO         8076    i.tcp_accept_null   tcp.o
    0x0800c130   0x00000124   Code   RO         8077    i.tcp_alloc         tcp.o
    0x0800c254   0x00000008   Code   RO         8078    i.tcp_arg           tcp.o
    0x0800c25c   0x0000014c   Code   RO         8079    i.tcp_bind          tcp.o
    0x0800c3a8   0x000000a0   Code   RO         8081    i.tcp_close         tcp.o
    0x0800c448   0x000001dc   Code   RO         8082    i.tcp_close_shutdown  tcp.o
    0x0800c624   0x000000c4   Code   RO         8083    i.tcp_close_shutdown_fin  tcp.o
    0x0800c6e8   0x00000180   Code   RO         8468    i.tcp_create_segment  tcp_out.o
    0x0800c868   0x000000b8   Code   RO         8086    i.tcp_eff_send_mss_netif  tcp.o
    0x0800c920   0x00000234   Code   RO         8469    i.tcp_enqueue_flags  tcp_out.o
    0x0800cb54   0x000000a4   Code   RO         8087    i.tcp_err           tcp.o
    0x0800cbf8   0x0000006c   Code   RO         8088    i.tcp_fasttmr       tcp.o
    0x0800cc64   0x00000090   Code   RO         8089    i.tcp_free          tcp.o
    0x0800ccf4   0x0000013c   Code   RO         8379    i.tcp_free_acked_segments  tcp_in.o
    0x0800ce30   0x00000014   Code   RO         8090    i.tcp_free_ooseq    tcp.o
    0x0800ce44   0x00000028   Code   RO         8380    i.tcp_get_next_optbyte  tcp_in.o
    0x0800ce6c   0x00000018   Code   RO         8091    i.tcp_init          tcp.o
    0x0800ce84   0x00000650   Code   RO         8381    i.tcp_input         tcp_in.o
    0x0800d4d4   0x000000d4   Code   RO         8382    i.tcp_input_delayed_close  tcp_in.o
    0x0800d5a8   0x000000cc   Code   RO         8470    i.tcp_keepalive     tcp_out.o
    0x0800d674   0x000000bc   Code   RO         8092    i.tcp_kill_state    tcp.o
    0x0800d730   0x00000070   Code   RO         8093    i.tcp_listen_closed  tcp.o
    0x0800d7a0   0x00000198   Code   RO         8383    i.tcp_listen_input  tcp_in.o
    0x0800d938   0x00000006   Code   RO         8094    i.tcp_listen_with_backlog  tcp.o
    0x0800d93e   0x00000002   PAD
    0x0800d940   0x00000180   Code   RO         8095    i.tcp_listen_with_backlog_and_err  tcp.o
    0x0800dac0   0x0000004c   Code   RO         8096    i.tcp_netif_ip_addr_changed  tcp.o
    0x0800db0c   0x000000c0   Code   RO         8097    i.tcp_netif_ip_addr_changed_pcblist  tcp.o
    0x0800dbcc   0x00000006   Code   RO         8098    i.tcp_new           tcp.o
    0x0800dbd2   0x00000002   PAD
    0x0800dbd4   0x00000060   Code   RO         8100    i.tcp_new_port      tcp.o
    0x0800dc34   0x00000098   Code   RO         8101    i.tcp_next_iss      tcp.o
    0x0800dccc   0x0000010c   Code   RO         8384    i.tcp_oos_insert_segment  tcp_in.o
    0x0800ddd8   0x000002e0   Code   RO         8471    i.tcp_output        tcp_out.o
    0x0800e0b8   0x000000cc   Code   RO         8472    i.tcp_output_alloc_header  tcp_out.o
    0x0800e184   0x00000110   Code   RO         8473    i.tcp_output_alloc_header_common  tcp_out.o
    0x0800e294   0x000000e0   Code   RO         8474    i.tcp_output_control_segment  tcp_out.o
    0x0800e374   0x000000d8   Code   RO         8475    i.tcp_output_fill_options  tcp_out.o
    0x0800e44c   0x000001dc   Code   RO         8476    i.tcp_output_segment  tcp_out.o
    0x0800e628   0x000000a8   Code   RO         8477    i.tcp_output_segment_busy  tcp_out.o
    0x0800e6d0   0x000000fc   Code   RO         8385    i.tcp_parseopt      tcp_in.o
    0x0800e7cc   0x00000150   Code   RO         8478    i.tcp_pbuf_prealloc  tcp_out.o
    0x0800e91c   0x000000cc   Code   RO         8102    i.tcp_pcb_purge     tcp.o
    0x0800e9e8   0x00000190   Code   RO         8103    i.tcp_pcb_remove    tcp.o
    0x0800eb78   0x000004c2   Code   RO         8386    i.tcp_process       tcp_in.o
    0x0800f03a   0x00000002   PAD
    0x0800f03c   0x00000104   Code   RO         8105    i.tcp_process_refused_data  tcp.o
    0x0800f140   0x00000904   Code   RO         8387    i.tcp_receive       tcp_in.o
    0x0800fa44   0x000000a4   Code   RO         8106    i.tcp_recv          tcp.o
    0x0800fae8   0x000000b0   Code   RO         8107    i.tcp_recv_null     tcp.o
    0x0800fb98   0x00000100   Code   RO         8108    i.tcp_recved        tcp.o
    0x0800fc98   0x00000058   Code   RO         8109    i.tcp_remove_listener  tcp.o
    0x0800fcf0   0x000000ec   Code   RO         8479    i.tcp_rexmit        tcp_out.o
    0x0800fddc   0x000000e8   Code   RO         8480    i.tcp_rexmit_fast   tcp_out.o
    0x0800fec4   0x000000a4   Code   RO         8481    i.tcp_rexmit_rto    tcp_out.o
    0x0800ff68   0x000000ac   Code   RO         8482    i.tcp_rexmit_rto_commit  tcp_out.o
    0x08010014   0x000000f8   Code   RO         8483    i.tcp_rexmit_rto_prepare  tcp_out.o
    0x0801010c   0x00000010   Code   RO         8484    i.tcp_route         tcp_out.o
    0x0801011c   0x00000114   Code   RO         8485    i.tcp_rst           tcp_out.o
    0x08010230   0x000000ac   Code   RO         8110    i.tcp_seg_copy      tcp.o
    0x080102dc   0x0000001c   Code   RO         8111    i.tcp_seg_free      tcp.o
    0x080102f8   0x00000012   Code   RO         8112    i.tcp_segs_free     tcp.o
    0x0801030a   0x00000002   PAD
    0x0801030c   0x000000ec   Code   RO         8486    i.tcp_send_empty_ack  tcp_out.o
    0x080103f8   0x000000cc   Code   RO         8487    i.tcp_send_fin      tcp_out.o
    0x080104c4   0x00000048   Code   RO         9842    i.tcp_server_disconnect  tcp_server.o
    0x0801050c   0x00000100   Code   RO         9843    i.tcp_server_start  tcp_server.o
    0x0801060c   0x000005d0   Code   RO         8116    i.tcp_slowtmr       tcp.o
    0x08010bdc   0x0000022c   Code   RO         8488    i.tcp_split_unsent_seg  tcp_out.o
    0x08010e08   0x00000034   Code   RO         8636    i.tcp_timer_needed  timeouts.o
    0x08010e3c   0x00000100   Code   RO         8388    i.tcp_timewait_input  tcp_in.o
    0x08010f3c   0x00000020   Code   RO         8118    i.tcp_tmr           tcp.o
    0x08010f5c   0x00000010   Code   RO         8389    i.tcp_trigger_input_pcb_close  tcp_in.o
    0x08010f6c   0x000000f4   Code   RO         8120    i.tcp_update_rcv_ann_wnd  tcp.o
    0x08011060   0x000006b8   Code   RO         8489    i.tcp_write         tcp_out.o
    0x08011718   0x00000174   Code   RO         8490    i.tcp_write_checks  tcp_out.o
    0x0801188c   0x00000140   Code   RO         8491    i.tcp_zero_window_probe  tcp_out.o
    0x080119cc   0x00000110   Code   RO         6984    i.tcpip_init        tcpip.o
    0x08011adc   0x000000c0   Code   RO         6985    i.tcpip_inpkt       tcpip.o
    0x08011b9c   0x0000001c   Code   RO         6986    i.tcpip_input       tcpip.o
    0x08011bb8   0x00000038   Code   RO         8637    i.tcpip_tcp_timer   timeouts.o
    0x08011bf0   0x000000f8   Code   RO         6988    i.tcpip_thread      tcpip.o
    0x08011ce8   0x000000cc   Code   RO         6989    i.tcpip_thread_handle_msg  tcpip.o
    0x08011db4   0x000000bc   Code   RO         6990    i.tcpip_try_callback  tcpip.o
    0x08011e70   0x0000000c   Code   RO        10656    i.timer_timeout_ind  porttimer_m.o
    0x08011e7c   0x0000002c   Code   RO         9844    i.transfer_data     tcp_server.o
    0x08011ea8   0x0000000c   Code   RO        10354    i.ucMBMasterGetDestAddress  mb_m.o
    0x08011eb4   0x00000018   Code   RO         8722    i.udp_init          udp.o
    0x08011ecc   0x000001e8   Code   RO         8723    i.udp_input         udp.o
    0x080120b4   0x0000010c   Code   RO         8724    i.udp_input_local_match  udp.o
    0x080121c0   0x00000034   Code   RO         8725    i.udp_netif_ip_addr_changed  udp.o
    0x080121f4   0x0000002c   Code   RO        10210    i.usMBCRC16         mbcrc.o
    0x08012220   0x0000000c   Code   RO        10241    i.usMBMasterGetPDUSndLength  mbrtu_m.o
    0x0801222c   0x00000050   Code   RO         9845    i.user_senddata     tcp_server.o
    0x0801227c   0x00000026   Code   RO         3675    i.uxListRemove      list.o
    0x080122a2   0x00000002   PAD
    0x080122a4   0x00000018   Code   RO         4136    i.uxTaskResetEventItemValue  tasks.o
    0x080122bc   0x00000014   Code   RO         4727    i.vApplicationGetIdleTaskMemory  cmsis_os2.o
    0x080122d0   0x00000018   Code   RO         4728    i.vApplicationGetTimerTaskMemory  cmsis_os2.o
    0x080122e8   0x00000004   Code   RO         3560    i.vEventGroupSetBitsCallback  event_groups.o
    0x080122ec   0x00000016   Code   RO         3676    i.vListInitialise   list.o
    0x08012302   0x00000006   Code   RO         3677    i.vListInitialiseItem  list.o
    0x08012308   0x00000030   Code   RO         3678    i.vListInsert       list.o
    0x08012338   0x00000018   Code   RO         3679    i.vListInsertEnd    list.o
    0x08012350   0x00000010   Code   RO        10510    i.vMBMasterCBRequestScuuess  portevent_m.o
    0x08012360   0x00000010   Code   RO        10511    i.vMBMasterErrorCBExecuteFunction  portevent_m.o
    0x08012370   0x00000010   Code   RO        10512    i.vMBMasterErrorCBReceiveData  portevent_m.o
    0x08012380   0x00000010   Code   RO        10513    i.vMBMasterErrorCBRespondTimeout  portevent_m.o
    0x08012390   0x0000000c   Code   RO        10242    i.vMBMasterGetPDUSndBuf  mbrtu_m.o
    0x0801239c   0x00000018   Code   RO        10514    i.vMBMasterOsResInit  portevent_m.o
    0x080123b4   0x00000068   Code   RO        10598    i.vMBMasterPortSerialEnable  portserial_m.o
    0x0801241c   0x00000034   Code   RO        10657    i.vMBMasterPortTimersConvertDelayEnable  porttimer_m.o
    0x08012450   0x00000024   Code   RO        10658    i.vMBMasterPortTimersDisable  porttimer_m.o
    0x08012474   0x00000034   Code   RO        10659    i.vMBMasterPortTimersRespondTimeoutEnable  porttimer_m.o
    0x080124a8   0x00000040   Code   RO        10660    i.vMBMasterPortTimersT35Enable  porttimer_m.o
    0x080124e8   0x00000014   Code   RO        10515    i.vMBMasterRunResRelease  portevent_m.o
    0x080124fc   0x0000000c   Code   RO        10244    i.vMBMasterSetCurTimerMode  mbrtu_m.o
    0x08012508   0x0000000c   Code   RO        10356    i.vMBMasterSetDestAddress  mb_m.o
    0x08012514   0x0000000c   Code   RO        10357    i.vMBMasterSetErrorType  mb_m.o
    0x08012520   0x0000000c   Code   RO        10245    i.vMBMasterSetPDUSndLength  mbrtu_m.o
    0x0801252c   0x00000040   Code   RO         5223    i.vPortEnterCritical  port.o
    0x0801256c   0x00000028   Code   RO         5224    i.vPortExitCritical  port.o
    0x08012594   0x00000064   Code   RO         5167    i.vPortFree         heap_4.o
    0x080125f8   0x00000024   Code   RO         5225    i.vPortSetupTimerInterrupt  port.o
    0x0801261c   0x00000054   Code   RO         5226    i.vPortValidateInterruptPriority  port.o
    0x08012670   0x00000028   Code   RO         3726    i.vQueueAddToRegistry  queue.o
    0x08012698   0x0000002e   Code   RO         3727    i.vQueueDelete      queue.o
    0x080126c6   0x00000002   PAD
    0x080126c8   0x00000028   Code   RO         3729    i.vQueueUnregisterQueue  queue.o
    0x080126f0   0x00000044   Code   RO         3730    i.vQueueWaitForMessageRestricted  queue.o
    0x08012734   0x0000004c   Code   RO         4137    i.vTaskDelay        tasks.o
    0x08012780   0x00000010   Code   RO         4142    i.vTaskInternalSetTimeOutState  tasks.o
    0x08012790   0x0000000c   Code   RO         4143    i.vTaskMissedYield  tasks.o
    0x0801279c   0x00000030   Code   RO         4145    i.vTaskPlaceOnEventList  tasks.o
    0x080127cc   0x00000038   Code   RO         4146    i.vTaskPlaceOnEventListRestricted  tasks.o
    0x08012804   0x00000050   Code   RO         4147    i.vTaskPlaceOnUnorderedEventList  tasks.o
    0x08012854   0x00000090   Code   RO         4148    i.vTaskPriorityDisinheritAfterTimeout  tasks.o
    0x080128e4   0x00000070   Code   RO         4150    i.vTaskRemoveFromUnorderedEventList  tasks.o
    0x08012954   0x00000088   Code   RO         4154    i.vTaskStartScheduler  tasks.o
    0x080129dc   0x00000010   Code   RO         4156    i.vTaskSuspendAll   tasks.o
    0x080129ec   0x00000064   Code   RO         4157    i.vTaskSwitchContext  tasks.o
    0x08012a50   0x00000040   Code   RO         3562    i.xEventGroupClearBits  event_groups.o
    0x08012a90   0x0000001c   Code   RO         3564    i.xEventGroupCreate  event_groups.o
    0x08012aac   0x0000008c   Code   RO         3567    i.xEventGroupSetBits  event_groups.o
    0x08012b38   0x00000010   Code   RO         3568    i.xEventGroupSetBitsFromISR  event_groups.o
    0x08012b48   0x00000108   Code   RO         3570    i.xEventGroupWaitBits  event_groups.o
    0x08012c50   0x0000003c   Code   RO        10516    i.xMBMasterPortEventGet  portevent_m.o
    0x08012c8c   0x00000068   Code   RO        10517    i.xMBMasterPortEventInit  portevent_m.o
    0x08012cf4   0x0000002c   Code   RO        10518    i.xMBMasterPortEventPost  portevent_m.o
    0x08012d20   0x00000014   Code   RO        10599    i.xMBMasterPortSerialGetByte  portserial_m.o
    0x08012d34   0x000001c4   Code   RO        10600    i.xMBMasterPortSerialInit  portserial_m.o
    0x08012ef8   0x00000018   Code   RO        10601    i.xMBMasterPortSerialPutByte  portserial_m.o
    0x08012f10   0x00000094   Code   RO        10661    i.xMBMasterPortTimersInit  porttimer_m.o
    0x08012fa4   0x00000068   Code   RO        10246    i.xMBMasterRTUReceiveFSM  mbrtu_m.o
    0x0801300c   0x00000064   Code   RO        10247    i.xMBMasterRTUTimerExpired  mbrtu_m.o
    0x08013070   0x00000068   Code   RO        10248    i.xMBMasterRTUTransmitFSM  mbrtu_m.o
    0x080130d8   0x0000000c   Code   RO        10249    i.xMBMasterRequestIsBroadcast  mbrtu_m.o
    0x080130e4   0x00000024   Code   RO        10519    i.xMBMasterRunResTake  portevent_m.o
    0x08013108   0x0000002a   Code   RO        10176    i.xMBUtilSetBits    mbutils.o
    0x08013132   0x00000002   PAD
    0x08013134   0x000000f4   Code   RO         5227    i.xPortStartScheduler  port.o
    0x08013228   0x0000002c   Code   RO         5228    i.xPortSysTickHandler  port.o
    0x08013254   0x0000003a   Code   RO         3731    i.xQueueCreateCountingSemaphore  queue.o
    0x0801328e   0x00000040   Code   RO         3732    i.xQueueCreateCountingSemaphoreStatic  queue.o
    0x080132ce   0x00000016   Code   RO         3733    i.xQueueCreateMutex  queue.o
    0x080132e4   0x0000001a   Code   RO         3734    i.xQueueCreateMutexStatic  queue.o
    0x080132fe   0x00000042   Code   RO         3735    i.xQueueGenericCreate  queue.o
    0x08013340   0x00000066   Code   RO         3736    i.xQueueGenericCreateStatic  queue.o
    0x080133a6   0x00000002   PAD
    0x080133a8   0x00000088   Code   RO         3737    i.xQueueGenericReset  queue.o
    0x08013430   0x00000160   Code   RO         3738    i.xQueueGenericSend  queue.o
    0x08013590   0x000000be   Code   RO         3739    i.xQueueGenericSendFromISR  queue.o
    0x0801364e   0x0000009c   Code   RO         3742    i.xQueueGiveFromISR  queue.o
    0x080136ea   0x0000003e   Code   RO         3743    i.xQueueGiveMutexRecursive  queue.o
    0x08013728   0x00000138   Code   RO         3748    i.xQueueReceive     queue.o
    0x08013860   0x0000009a   Code   RO         3749    i.xQueueReceiveFromISR  queue.o
    0x080138fa   0x00000002   PAD
    0x080138fc   0x00000178   Code   RO         3750    i.xQueueSemaphoreTake  queue.o
    0x08013a74   0x00000040   Code   RO         3751    i.xQueueTakeMutexRecursive  queue.o
    0x08013ab4   0x00000074   Code   RO         4159    i.xTaskCheckForTimeOut  tasks.o
    0x08013b28   0x0000005a   Code   RO         4160    i.xTaskCreate       tasks.o
    0x08013b82   0x00000056   Code   RO         4161    i.xTaskCreateStatic  tasks.o
    0x08013bd8   0x0000000c   Code   RO         4164    i.xTaskGetCurrentTaskHandle  tasks.o
    0x08013be4   0x0000001c   Code   RO         4165    i.xTaskGetSchedulerState  tasks.o
    0x08013c00   0x0000000c   Code   RO         4166    i.xTaskGetTickCount  tasks.o
    0x08013c0c   0x00000010   Code   RO         4167    i.xTaskGetTickCountFromISR  tasks.o
    0x08013c1c   0x000000c8   Code   RO         4168    i.xTaskIncrementTick  tasks.o
    0x08013ce4   0x00000080   Code   RO         4171    i.xTaskPriorityDisinherit  tasks.o
    0x08013d64   0x00000078   Code   RO         4172    i.xTaskPriorityInherit  tasks.o
    0x08013ddc   0x00000070   Code   RO         4173    i.xTaskRemoveFromEventList  tasks.o
    0x08013e4c   0x000000c4   Code   RO         4174    i.xTaskResumeAll    tasks.o
    0x08013f10   0x00000034   Code   RO         4497    i.xTimerCreate      timers.o
    0x08013f44   0x00000060   Code   RO         4499    i.xTimerCreateTimerTask  timers.o
    0x08013fa4   0x00000068   Code   RO         4500    i.xTimerGenericCommand  timers.o
    0x0801400c   0x00000028   Code   RO         4506    i.xTimerPendFunctionCallFromISR  timers.o
    0x08014034   0x000000a0   Data   RO          426    .constdata          freertos.o
    0x080140d4   0x00000008   Data   RO         1446    .constdata          stm32f4xx_hal_dma.o
    0x080140dc   0x00000010   Data   RO         3514    .constdata          system_stm32f4xx.o
    0x080140ec   0x00000008   Data   RO         3515    .constdata          system_stm32f4xx.o
    0x080140f4   0x00000006   Data   RO         5827    .constdata          ethernet.o
    0x080140fa   0x00000006   Data   RO         5828    .constdata          ethernet.o
    0x08014100   0x0000000c   Data   RO         7470    .constdata          memp.o
    0x0801410c   0x0000000c   Data   RO         7471    .constdata          memp.o
    0x08014118   0x0000000c   Data   RO         7472    .constdata          memp.o
    0x08014124   0x0000000c   Data   RO         7473    .constdata          memp.o
    0x08014130   0x0000000c   Data   RO         7474    .constdata          memp.o
    0x0801413c   0x0000000c   Data   RO         7475    .constdata          memp.o
    0x08014148   0x0000000c   Data   RO         7476    .constdata          memp.o
    0x08014154   0x0000000c   Data   RO         7477    .constdata          memp.o
    0x08014160   0x0000000c   Data   RO         7478    .constdata          memp.o
    0x0801416c   0x0000000c   Data   RO         7479    .constdata          memp.o
    0x08014178   0x0000000c   Data   RO         7480    .constdata          memp.o
    0x08014184   0x0000000c   Data   RO         7481    .constdata          memp.o
    0x08014190   0x0000000c   Data   RO         7482    .constdata          memp.o
    0x0801419c   0x00000034   Data   RO         7483    .constdata          memp.o
    0x080141d0   0x00000054   Data   RO         8121    .constdata          tcp.o
    0x08014224   0x00000018   Data   RO         8638    .constdata          timeouts.o
    0x0801423c   0x00000004   Data   RO         9110    .constdata          ip4_addr.o
    0x08014240   0x00000200   Data   RO        10211    .constdata          mbcrc.o
    0x08014440   0x0000003f   Data   RO          427    .conststring        freertos.o
    0x0801447f   0x00000001   PAD
    0x08014480   0x00000075   Data   RO         8122    .conststring        tcp.o
    0x080144f5   0x00000003   PAD
    0x080144f8   0x00000055   Data   RO         8492    .conststring        tcp_out.o
    0x0801454d   0x00000003   PAD
    0x08014550   0x00000041   Data   RO         8898    .conststring        etharp.o
    0x08014591   0x00000003   PAD
    0x08014594   0x00000020   Data   RO        12060    Region$$Table       anon$$obj.o


    Execution Region RW_IRAM1 (Base: 0x20000000, Size: 0x00017678, Max: 0x0001c000, ABSOLUTE, COMPRESSED[0x00000104])

    Base Addr    Size         Type   Attr      Idx    E Section Name        Object

    0x20000000   0x00000014   Data   RW          428    .data               freertos.o
    0x20000014   0x00000004   Data   RW          642    .data               ethernetif.o
    0x20000018   0x00000024   Data   RW          767    .data               lwip.o
    0x2000003c   0x0000000c   Data   RW         1873    .data               stm32f4xx_hal.o
    0x20000048   0x00000004   Data   RW         3516    .data               system_stm32f4xx.o
    0x2000004c   0x0000003c   Data   RW         4177    .data               tasks.o
    0x20000088   0x00000014   Data   RW         4508    .data               timers.o
    0x2000009c   0x00000004   Data   RW         4730    .data               cmsis_os2.o
    0x200000a0   0x00000020   Data   RW         5173    .data               heap_4.o
    0x200000c0   0x0000000c   Data   RW         5229    .data               port.o
    0x200000cc   0x00000010   Data   RW         6991    .data               tcpip.o
    0x200000dc   0x00000010   Data   RW         7381    .data               mem.o
    0x200000ec   0x00000004   Data   RW         7484    .data               memp.o
    0x200000f0   0x00000004   Data   RW         7485    .data               memp.o
    0x200000f4   0x00000004   Data   RW         7486    .data               memp.o
    0x200000f8   0x00000004   Data   RW         7487    .data               memp.o
    0x200000fc   0x00000004   Data   RW         7488    .data               memp.o
    0x20000100   0x00000004   Data   RW         7489    .data               memp.o
    0x20000104   0x00000004   Data   RW         7490    .data               memp.o
    0x20000108   0x00000004   Data   RW         7491    .data               memp.o
    0x2000010c   0x00000004   Data   RW         7492    .data               memp.o
    0x20000110   0x00000004   Data   RW         7493    .data               memp.o
    0x20000114   0x00000004   Data   RW         7494    .data               memp.o
    0x20000118   0x00000004   Data   RW         7495    .data               memp.o
    0x2000011c   0x00000004   Data   RW         7496    .data               memp.o
    0x20000120   0x0000000c   Data   RW         7621    .data               netif.o
    0x2000012c   0x00000001   Data   RW         7824    .data               pbuf.o
    0x2000012d   0x00000003   PAD
    0x20000130   0x00000020   Data   RW         8123    .data               tcp.o
    0x20000150   0x00000024   Data   RW         8391    .data               tcp_in.o
    0x20000174   0x0000000c   Data   RW         8640    .data               timeouts.o
    0x20000180   0x00000008   Data   RW         8734    .data               udp.o
    0x20000188   0x00000001   Data   RW         8899    .data               etharp.o
    0x20000189   0x00000001   PAD
    0x2000018a   0x00000002   Data   RW         9054    .data               ip4.o
    0x2000018c   0x00000008   Data   RW         9181    .data               ip4_frag.o
    0x20000194   0x00000004   Data   RW         9450    .data               sys_arch.o
    0x20000198   0x00000458   Data   RW         9849    .data               tcp_server.o
    0x200005f0   0x00000002   Data   RW        10144    .data               mbfuncother.o
    0x200005f2   0x00000002   PAD
    0x200005f4   0x00000010   Data   RW        10251    .data               mbrtu_m.o
    0x20000604   0x000000b0   Data   RW        10359    .data               mb_m.o
    0x200006b4   0x00000008   Data   RW        10520    .data               portevent_m.o
    0x200006bc   0x00000010   Data   RW        10603    .data               portserial_m.o
    0x200006cc   0x0000000c   Data   RW        10662    .data               porttimer_m.o
    0x200006d8   0x00000008   Data   RW        10716    .data               user_mb_app_m.o
    0x200006e0   0x00000001   Data   RW        10766    .data               mbappdata.o
    0x200006e1   0x00000003   PAD
    0x200006e4   0x00000018   Data   RW        10852    .data               manager_gpio.o
    0x200006fc   0x00000014   Data   RW        10909    .data               manager_motor.o
    0x20000710   0x00000002   Data   RW        10990    .data               manager_sharing.o
    0x20000712   0x00000002   Data   RW        11059    .data               manager_timer.o
    0x20000714   0x000001f8   Data   RW        11300    .data               supergpio.o
    0x2000090c   0x00000014   Data   RW        11396    .data               supertimer.o
    0x20000920   0x00000018   Data   RW        11558    .data               bsp_stepmotor.o
    0x20000938   0x00000004   Data   RW        11712    .data               mc_w.l(rand.o)
    0x2000093c   0x00000004   Data   RW        12021    .data               mc_w.l(stdout.o)
    0x20000940   0x00000004   Data   RW        12031    .data               mc_w.l(errno.o)
    0x20000944   0x000030e8   Zero   RW          641    .bss                ethernetif.o
    0x20003a2c   0x0000005c   Zero   RW          766    .bss                lwip.o
    0x20003a88   0x00000040   Zero   RW         3752    .bss                queue.o
    0x20003ac8   0x000004c4   Zero   RW         4176    .bss                tasks.o
    0x20003f8c   0x00000118   Zero   RW         4507    .bss                timers.o
    0x200040a4   0x000006b8   Zero   RW         4729    .bss                cmsis_os2.o
    0x2000475c   0x00003c00   Zero   RW         5172    .bss                heap_4.o
    0x2000835c   0x00000018   Zero   RW         7348    .bss                ip.o
    0x20008374   0x00000653   Zero   RW         7380    .bss                mem.o
    0x200089c7   0x00000083   Zero   RW         7457    .bss                memp.o
    0x20008a4a   0x0000030f   Zero   RW         7458    .bss                memp.o
    0x20008d59   0x000000e3   Zero   RW         7459    .bss                memp.o
    0x20008e3c   0x00000103   Zero   RW         7460    .bss                memp.o
    0x20008f3f   0x000000a3   Zero   RW         7461    .bss                memp.o
    0x20008fe2   0x0000016b   Zero   RW         7462    .bss                memp.o
    0x2000914d   0x00000023   Zero   RW         7463    .bss                memp.o
    0x20009170   0x000000a3   Zero   RW         7464    .bss                memp.o
    0x20009213   0x00000083   Zero   RW         7465    .bss                memp.o
    0x20009296   0x00000083   Zero   RW         7466    .bss                memp.o
    0x20009319   0x00000033   Zero   RW         7467    .bss                memp.o
    0x2000934c   0x00000103   Zero   RW         7468    .bss                memp.o
    0x2000944f   0x00002603   Zero   RW         7469    .bss                memp.o
    0x2000ba52   0x00000002   PAD
    0x2000ba54   0x00000010   Zero   RW         8390    .bss                tcp_in.o
    0x2000ba64   0x000000f0   Zero   RW         8897    .bss                etharp.o
    0x2000bb54   0x00000010   Zero   RW         9109    .bss                ip4_addr.o
    0x2000bb64   0x00002000   Zero   RW         9846    .bss                tcp_server.o
    0x2000db64   0x00002000   Zero   RW         9847    .bss                tcp_server.o
    0x2000fb64   0x00000840   Zero   RW         9848    .bss                tcp_server.o
    0x200103a4   0x00000020   Zero   RW        10143    .bss                mbfuncother.o
    0x200103c4   0x000001fd   Zero   RW        10250    .bss                mbrtu_m.o
    0x200105c1   0x00000109   Zero   RW        10602    .bss                portserial_m.o
    0x200106ca   0x00001a00   Zero   RW        10715    .bss                user_mb_app_m.o
    0x200120ca   0x00000014   Zero   RW        10764    .bss                mbappdata.o
    0x200120de   0x00000002   PAD
    0x200120e0   0x00000020   Zero   RW        10908    .bss                manager_motor.o
    0x20012100   0x00000146   Zero   RW        10989    .bss                manager_sharing.o
    0x20012246   0x00000002   PAD
    0x20012248   0x00000f18   Zero   RW        11176    .bss                superusart.o
    0x20013160   0x00000438   Zero   RW        11395    .bss                supertimer.o
    0x20013598   0x000000d0   Zero   RW        11557    .bss                bsp_stepmotor.o
    0x20013668   0x0000000c   Zero   RW        11638    .bss                bsp_iwdg.o
    0x20013674   0x00000004   PAD
    0x20013678   0x00004000   Zero   RW            1    STACK               startup_stm32f407xx.o


    Execution Region RW_IRAM2 (Base: 0x2001c000, Size: 0x00000000, Max: 0x00004000, ABSOLUTE)

    **** No section assigned to this execution region ****


==============================================================================

Image component sizes


      Code (inc. data)   RO Data    RW Data    ZI Data      Debug   Object Name

         0          0          0          0          0       1944   api_lib.o
         0          0          0          0          0       4543   api_msg.o
         0          0          0          0          0       2160   auth.o
         0          0          0          0          0       5867   bridgeif.o
        52         14          0          0         12       1182   bsp_iwdg.o
      1860        162          0         24        208      11575   bsp_stepmotor.o
      1216         40          0          4       1720      71496   cmsis_os2.o
         8          0          0          0          0       1066   def.o
         0          0          0          0          0       2384   err.o
      2936       1186         65          1        240      12543   etharp.o
       412        154         12          0          0       2650   ethernet.o
      1402        192          0          4      12520      10102   ethernetif.o
       536          8          0          0          0      27387   event_groups.o
       230         36        223         20          0      12247   freertos.o
       472         24          0         32      15360       4751   heap_4.o
       784        352          0          0          0       4334   icmp.o
        34          0          0          0          0      10055   init.o
         0          0          0          0         24       3182   ip.o
       918        184          0          2          0       5488   ip4.o
       178          4          4          0         16      10242   ip4_addr.o
      2904       1164          0          8          0      11486   ip4_frag.o
       138          0          0          0          0       3434   list.o
       332         34          0         36         92       1673   lwip.o
       186          8          0          0          0     786521   main.o
       136         60          0          0          0       1529   manager.o
       652         26          0         24          0       3531   manager_gpio.o
       576         98          0         20         32       5040   manager_motor.o
       214         20          0          2        326       7940   manager_sharing.o
        86         20          0          2          0       2221   manager_timer.o
       920         18          0          0          0       2796   manager_usart.o
       512         58          0        176          0       7044   mb_m.o
        56         12          0          1         20       1490   mbappdata.o
        44          4        512          0          0       1196   mbcrc.o
       418          0          0          0          0       5301   mbfunccoils_m.o
       172          0          0          0          0       2591   mbfuncdisc_m.o
       322          0          0          0          0       5635   mbfuncholding_m.o
        80          0          0          0          0       1661   mbfuncinput_m.o
        36         10          0          2         32       1347   mbfuncother.o
       690         78          0         16        509       9393   mbrtu_m.o
        66          0          0          0          0       1869   mbutils.o
      2172       1044          0         16       1619       7901   mem.o
       746        500        208         52      12427      10868   memp.o
      1842       1000          0         12          0      15960   netif.o
      3398       1796          0          1          0      16353   pbuf.o
       786         82          0         12          0      11289   port.o
       182          0          0          0          0       5736   port_1.o
       416        126          0          8          0       6924   portevent_m.o
       704        288          0         16        265       4888   portserial_m.o
       364        116          0         12          0       4180   porttimer_m.o
      2670         28          0          0         64      29740   queue.o
        36          8        392          0      16384        816   startup_stm32f407xx.o
       116         18          0         12          0       8590   stm32f4xx_hal.o
       158         14          0          0          0      33066   stm32f4xx_hal_cortex.o
      1084         16          8          0          0       7186   stm32f4xx_hal_dma.o
      2444         76          0          0          0      14595   stm32f4xx_hal_eth.o
       556         52          0          0          0       4015   stm32f4xx_hal_gpio.o
       102          0          0          0          0       1835   stm32f4xx_hal_iwdg.o
        56          4          0          0          0        830   stm32f4xx_hal_msp.o
      1420         88          0          0          0       6237   stm32f4xx_hal_rcc.o
      2400        226          0          0          0      21417   stm32f4xx_hal_tim.o
       150         28          0          0          0       2932   stm32f4xx_hal_tim_ex.o
       116         16          0          0          0       1203   stm32f4xx_hal_timebase_tim.o
      2406         84          0          0          0      19313   stm32f4xx_hal_uart.o
        24          6          0          0          0       3126   stm32f4xx_it.o
         0          0          0          0          0        384   stream_buffer.o
       592         68          0        504          0       6257   supergpio.o
      1064        146          0         20       1080      10129   supertimer.o
      1418        162          0          0       3864      11107   superusart.o
       268         16          0          4          0      12224   sys_arch.o
        16          4         24          4          0       1075   system_stm32f4xx.o
      2616        220          0         60       1220      32609   tasks.o
      7450       3632        201         32          0      39429   tcp.o
      6910       2036          0         36         16      22379   tcp_in.o
      8536       4058         85          0          0      34430   tcp_out.o
      2120        414          0       1112      18496      14576   tcp_server.o
      1132        660          0         16          0       7480   tcpip.o
       760        374         24         12          0       7323   timeouts.o
      1142         86          0         20        280      32034   timers.o
       832        354          0          8          0       5784   udp.o
       456         40          0          8       6656       6078   user_mb_app_m.o

    ----------------------------------------------------------------------
     79342      21852       1800       2360      93492    1551194   Object Totals
         0          0         32          0          0          0   (incl. Generated)
       104          0         10          9         10          0   (incl. Padding)

    ----------------------------------------------------------------------

      Code (inc. data)   RO Data    RW Data    ZI Data      Debug   Library Member Name

       122          0          0          0          0        148   sqrt.o
        86          0          0          0          0          0   __dczerorl2.o
         0          0          0          0          0          0   entry.o
         0          0          0          0          0          0   entry10a.o
         0          0          0          0          0          0   entry11a.o
         8          4          0          0          0          0   entry2.o
         4          0          0          0          0          0   entry5.o
         0          0          0          0          0          0   entry7b.o
         0          0          0          0          0          0   entry8b.o
         8          4          0          0          0          0   entry9a.o
        12          6          0          4          0         68   errno.o
        30          0          0          0          0          0   handlers.o
        36          8          0          0          0         68   init.o
         0          0          0          0          0          0   iusefp.o
        30          0          0          0          0         68   llshl.o
        32          0          0          0          0         68   llushr.o
        26          0          0          0          0         80   memcmp.o
        64          0          0          0          0         76   memmovea.o
        36          0          0          0          0        108   memseta.o
       472         14          0          0          0        184   printf3.o
        36         10          0          4          0        136   rand.o
         0          0          0          4          0          0   stdout.o
        44          0          0          0          0         80   uidiv.o
        98          0          0          0          0         92   uldiv.o
        56          0          0          0          0         88   d2f.o
       222          0          0          0          0        100   ddiv.o
       186          0          0          0          0        176   depilogue.o
        62          0          0          0          0         80   dfixi.o
        26          0          0          0          0         76   dfltui.o
       228          0          0          0          0         96   dmul.o
       162          0          0          0          0        100   dsqrt.o
        38          0          0          0          0         68   f2d.o
       110          0          0          0          0        168   fepilogue.o

    ----------------------------------------------------------------------
      2238         46          0         12          0       2128   Library Totals
         4          0          0          0          0          0   (incl. Padding)

    ----------------------------------------------------------------------

      Code (inc. data)   RO Data    RW Data    ZI Data      Debug   Library Name

       122          0          0          0          0        148   m_wm.l
      1022         46          0         12          0       1028   mc_w.l
      1090          0          0          0          0        952   mf_w.l

    ----------------------------------------------------------------------
      2238         46          0         12          0       2128   Library Totals

    ----------------------------------------------------------------------

==============================================================================


      Code (inc. data)   RO Data    RW Data    ZI Data      Debug   

     81580      21898       1800       2372      93492    1493718   Grand Totals
     81580      21898       1800        260      93492    1493718   ELF Image Totals (compressed)
     81580      21898       1800        260          0          0   ROM Totals

==============================================================================

    Total RO  Size (Code + RO Data)                83380 (  81.43kB)
    Total RW  Size (RW Data + ZI Data)             95864 (  93.62kB)
    Total ROM Size (Code + RO Data + RW Data)      83640 (  81.68kB)

==============================================================================

